04-13 11:41:06.615  1205  1553 E katniss_interactor_LoadCastServiceInfoTaskImpl: 	at java.lang.Thread.run(Thread.java:1119)
04-13 11:41:06.615  1205  1553 E katniss_interactor_LoadCastServiceInfoTaskImpl: 	at mia.run(PG:61)
04-13 11:41:08.099  2454  2454 E IPCThreadState: Binder transaction failure. id: 55628, BR_*: 29201, error: -1 (Operation not permitted)
04-13 11:41:08.100  2454  2454 E IPCThreadState: Binder transaction failure. id: 55632, BR_*: 29201, error: -1 (Operation not permitted)
04-13 11:41:08.103  2454  2454 E IPCThreadState: Binder transaction failure. id: 55636, BR_*: 29201, error: -1 (Operation not permitted)
04-13 11:41:08.105  2454  2454 E IPCThreadState: Binder transaction failure. id: 55641, BR_*: 29201, error: -1 (Operation not permitted)
04-13 11:41:08.112  2454  2454 E IPCThreadState: Binder transaction failure. id: 55645, BR_*: 29201, error: -1 (Operation not permitted)
04-13 11:41:08.113  2454  2454 E IPCThreadState: Binder transaction failure. id: 55656, BR_*: 29201, error: -1 (Operation not permitted)
04-13 11:41:08.115  2454  2454 E IPCThreadState: Binder transaction failure. id: 55665, BR_*: 29201, error: -1 (Operation not permitted)
04-13 11:41:08.115  2454  2454 E IPCThreadState: Binder transaction failure. id: 55669, BR_*: 29201, error: -1 (Operation not permitted)
04-13 11:41:08.116  2454  2454 E IPCThreadState: Binder transaction failure. id: 55678, BR_*: 29201, error: -1 (Operation not permitted)
04-13 11:41:08.117  2454  2454 E IPCThreadState: Binder transaction failure. id: 55682, BR_*: 29201, error: -1 (Operation not permitted)
04-13 11:41:08.117  2454  2454 E IPCThreadState: Binder transaction failure. id: 55686, BR_*: 29201, error: -1 (Operation not permitted)
04-13 11:41:08.121  2454  2454 E IPCThreadState: Binder transaction failure. id: 55712, BR_*: 29201, error: -1 (Operation not permitted)
04-13 11:41:08.121  2454  2454 E IPCThreadState: Binder transaction failure. id: 55719, BR_*: 29201, error: -1 (Operation not permitted)
04-13 11:41:08.121  2454  2454 E IPCThreadState: Binder transaction failure. id: 55723, BR_*: 29201, error: -1 (Operation not permitted)
04-13 11:41:08.122  2454  2454 E IPCThreadState: Binder transaction failure. id: 55727, BR_*: 29201, error: -1 (Operation not permitted)
04-13 11:41:08.122  2454  2454 E IPCThreadState: Binder transaction failure. id: 55731, BR_*: 29201, error: -1 (Operation not permitted)
04-13 11:41:08.122  2454  2454 E IPCThreadState: Binder transaction failure. id: 55736, BR_*: 29201, error: -1 (Operation not permitted)
04-13 11:41:08.123  2454  2454 E IPCThreadState: Binder transaction failure. id: 55741, BR_*: 29201, error: -1 (Operation not permitted)
04-13 11:41:08.123  2454  2454 E IPCThreadState: Binder transaction failure. id: 55745, BR_*: 29201, error: -1 (Operation not permitted)
04-13 11:41:08.124  2454  2454 E IPCThreadState: Binder transaction failure. id: 55749, BR_*: 29201, error: -1 (Operation not permitted)
04-13 11:41:08.124  2454  2454 E IPCThreadState: Binder transaction failure. id: 55753, BR_*: 29201, error: -1 (Operation not permitted)
04-13 11:41:08.125  2454  2454 E IPCThreadState: Binder transaction failure. id: 55757, BR_*: 29201, error: -1 (Operation not permitted)
04-13 11:41:08.126  2454  2454 E IPCThreadState: Binder transaction failure. id: 55762, BR_*: 29201, error: -1 (Operation not permitted)
04-13 11:41:08.126  2454  2454 E IPCThreadState: Binder transaction failure. id: 55766, BR_*: 29201, error: -1 (Operation not permitted)
04-13 11:41:08.135  2454  2454 E IPCThreadState: Binder transaction failure. id: 55781, BR_*: 29201, error: -1 (Operation not permitted)
04-13 11:41:08.136  2454  2454 E IPCThreadState: Binder transaction failure. id: 55785, BR_*: 29201, error: -1 (Operation not permitted)
04-13 11:41:08.136  2454  2454 E IPCThreadState: Binder transaction failure. id: 55789, BR_*: 29201, error: -1 (Operation not permitted)
04-13 11:41:08.137  2454  2454 E IPCThreadState: Binder transaction failure. id: 55794, BR_*: 29201, error: -1 (Operation not permitted)
04-13 11:41:08.137  2454  2454 E IPCThreadState: Binder transaction failure. id: 55798, BR_*: 29201, error: -1 (Operation not permitted)
04-13 11:41:08.138  2454  2454 E IPCThreadState: Binder transaction failure. id: 55806, BR_*: 29201, error: -1 (Operation not permitted)
04-13 11:41:08.138  2454  2454 E IPCThreadState: Binder transaction failure. id: 55810, BR_*: 29201, error: -1 (Operation not permitted)
04-13 11:41:08.139  2454  2454 E IPCThreadState: Binder transaction failure. id: 55814, BR_*: 29201, error: -1 (Operation not permitted)
04-13 11:41:08.146  2454  2454 E IPCThreadState: Binder transaction failure. id: 55863, BR_*: 29201, error: -1 (Operation not permitted)
04-13 11:41:08.146  2454  2454 E IPCThreadState: Binder transaction failure. id: 55867, BR_*: 29201, error: -1 (Operation not permitted)
04-13 11:41:08.147  2454  2454 E IPCThreadState: Binder transaction failure. id: 55871, BR_*: 29201, error: -1 (Operation not permitted)
04-13 11:41:08.148  2454  2454 E Parcel  : Reading a NULL string not supported here.
04-13 11:41:08.158  2454  2454 E Parcel  : Reading a NULL string not supported here.
04-13 11:41:08.160  2454  2454 E Parcel  : Reading a NULL string not supported here.
04-13 11:41:08.163  2454  2454 E Parcel  : Reading a NULL string not supported here.
04-13 11:41:08.168  2454  2454 E Parcel  : Reading a NULL string not supported here.
04-13 11:41:08.170  2454  2454 E Parcel  : Reading a NULL string not supported here.
04-13 11:41:08.173  2454  2454 E Parcel  : Reading a NULL string not supported here.
04-13 11:41:08.177  2454  2454 E Parcel  : Reading a NULL string not supported here.
04-13 11:41:08.177  2454  2454 E Parcel  : Reading a NULL string not supported here.
04-13 11:41:08.185  2454  2454 E Parcel  : Reading a NULL string not supported here.
04-13 11:41:08.191  2454  2454 E Parcel  : Reading a NULL string not supported here.
04-13 11:41:08.212  2454  2454 E Parcel  : Reading a NULL string not supported here.
04-13 11:41:08.228  2454  2454 E Parcel  : Reading a NULL string not supported here.
04-13 11:41:08.235  2454  2454 E Parcel  : Reading a NULL string not supported here.
04-13 11:41:08.237  2454  2454 E IPCThreadState: Binder transaction failure. id: 56459, BR_*: 29201, error: -1 (Operation not permitted)
04-13 11:41:08.251  2454  2454 E Parcel  : Reading a NULL string not supported here.
04-13 11:41:08.261  2454  2454 E Parcel  : Reading a NULL string not supported here.
04-13 11:41:08.275  2454  2454 E Parcel  : Reading a NULL string not supported here.
04-13 11:41:08.277  2454  2454 E Parcel  : Reading a NULL string not supported here.
04-13 11:41:08.299  2454  2454 E IPCThreadState: Binder transaction failure. id: 56945, BR_*: 29201, error: -1 (Operation not permitted)
04-13 11:41:08.331  2456  2456 E IPCThreadState: Binder transaction failure. id: 57060, BR_*: 29201, error: -1 (Operation not permitted)
04-13 11:41:08.332  2456  2456 E IPCThreadState: Binder transaction failure. id: 57064, BR_*: 29201, error: -1 (Operation not permitted)
04-13 11:41:08.332  2456  2456 E IPCThreadState: Binder transaction failure. id: 57068, BR_*: 29201, error: -1 (Operation not permitted)
04-13 11:41:08.333  2456  2456 E IPCThreadState: Binder transaction failure. id: 57072, BR_*: 29201, error: -1 (Operation not permitted)
04-13 11:41:08.333  2456  2456 E IPCThreadState: Binder transaction failure. id: 57076, BR_*: 29201, error: -1 (Operation not permitted)
04-13 11:41:08.333  2456  2456 E IPCThreadState: Binder transaction failure. id: 57080, BR_*: 29201, error: -1 (Operation not permitted)
04-13 11:41:08.334  2456  2456 E IPCThreadState: Binder transaction failure. id: 57089, BR_*: 29201, error: -1 (Operation not permitted)
04-13 11:41:08.334  2456  2456 E IPCThreadState: Binder transaction failure. id: 57093, BR_*: 29201, error: -1 (Operation not permitted)
04-13 11:41:08.335  2456  2456 E IPCThreadState: Binder transaction failure. id: 57102, BR_*: 29201, error: -1 (Operation not permitted)
04-13 11:41:08.336  2456  2456 E IPCThreadState: Binder transaction failure. id: 57106, BR_*: 29201, error: -1 (Operation not permitted)
04-13 11:41:08.336  2456  2456 E IPCThreadState: Binder transaction failure. id: 57111, BR_*: 29201, error: -1 (Operation not permitted)
04-13 11:41:08.338  2456  2456 E IPCThreadState: Binder transaction failure. id: 57139, BR_*: 29201, error: -1 (Operation not permitted)
04-13 11:41:08.339  2456  2456 E IPCThreadState: Binder transaction failure. id: 57143, BR_*: 29201, error: -1 (Operation not permitted)
04-13 11:41:08.339  2456  2456 E IPCThreadState: Binder transaction failure. id: 57147, BR_*: 29201, error: -1 (Operation not permitted)
04-13 11:41:08.339  2456  2456 E IPCThreadState: Binder transaction failure. id: 57152, BR_*: 29201, error: -1 (Operation not permitted)
04-13 11:41:08.340  2456  2456 E IPCThreadState: Binder transaction failure. id: 57157, BR_*: 29201, error: -1 (Operation not permitted)
04-13 11:41:08.340  2456  2456 E IPCThreadState: Binder transaction failure. id: 57161, BR_*: 29201, error: -1 (Operation not permitted)
04-13 11:41:08.340  2456  2456 E IPCThreadState: Binder transaction failure. id: 57165, BR_*: 29201, error: -1 (Operation not permitted)
04-13 11:41:08.341  2456  2456 E IPCThreadState: Binder transaction failure. id: 57169, BR_*: 29201, error: -1 (Operation not permitted)
04-13 11:41:08.341  2456  2456 E IPCThreadState: Binder transaction failure. id: 57173, BR_*: 29201, error: -1 (Operation not permitted)
04-13 11:41:08.342  2456  2456 E IPCThreadState: Binder transaction failure. id: 57177, BR_*: 29201, error: -1 (Operation not permitted)
04-13 11:41:08.342  2456  2456 E IPCThreadState: Binder transaction failure. id: 57182, BR_*: 29201, error: -1 (Operation not permitted)
04-13 11:41:08.342  2456  2456 E IPCThreadState: Binder transaction failure. id: 57186, BR_*: 29201, error: -1 (Operation not permitted)
04-13 11:41:08.343  2456  2456 E IPCThreadState: Binder transaction failure. id: 57190, BR_*: 29201, error: -1 (Operation not permitted)
04-13 11:41:08.351  2456  2456 E IPCThreadState: Binder transaction failure. id: 57208, BR_*: 29201, error: -1 (Operation not permitted)
04-13 11:41:08.351  2456  2456 E IPCThreadState: Binder transaction failure. id: 57212, BR_*: 29201, error: -1 (Operation not permitted)
04-13 11:41:08.352  2456  2456 E IPCThreadState: Binder transaction failure. id: 57216, BR_*: 29201, error: -1 (Operation not permitted)
04-13 11:41:08.352  2456  2456 E IPCThreadState: Binder transaction failure. id: 57220, BR_*: 29201, error: -1 (Operation not permitted)
04-13 11:41:08.353  2456  2456 E IPCThreadState: Binder transaction failure. id: 57225, BR_*: 29201, error: -1 (Operation not permitted)
04-13 11:41:08.353  2456  2456 E IPCThreadState: Binder transaction failure. id: 57229, BR_*: 29201, error: -1 (Operation not permitted)
04-13 11:41:08.354  2456  2456 E IPCThreadState: Binder transaction failure. id: 57233, BR_*: 29201, error: -1 (Operation not permitted)
04-13 11:41:08.354  2456  2456 E IPCThreadState: Binder transaction failure. id: 57238, BR_*: 29201, error: -1 (Operation not permitted)
04-13 11:41:08.362  2456  2456 E IPCThreadState: Binder transaction failure. id: 57290, BR_*: 29201, error: -1 (Operation not permitted)
04-13 11:41:08.362  2456  2456 E IPCThreadState: Binder transaction failure. id: 57294, BR_*: 29201, error: -1 (Operation not permitted)
04-13 11:41:08.363  2456  2456 E IPCThreadState: Binder transaction failure. id: 57298, BR_*: 29201, error: -1 (Operation not permitted)
04-13 11:41:08.363  2456  2456 E Parcel  : Reading a NULL string not supported here.
04-13 11:41:08.369  2456  2456 E Parcel  : Reading a NULL string not supported here.
04-13 11:41:08.370  2456  2456 E Parcel  : Reading a NULL string not supported here.
04-13 11:41:08.373  2456  2456 E Parcel  : Reading a NULL string not supported here.
04-13 11:41:08.378  2456  2456 E Parcel  : Reading a NULL string not supported here.
04-13 11:41:08.379  2456  2456 E Parcel  : Reading a NULL string not supported here.
04-13 11:41:08.380  2456  2456 E Parcel  : Reading a NULL string not supported here.
04-13 11:41:08.382  2456  2456 E Parcel  : Reading a NULL string not supported here.
04-13 11:41:08.383  2456  2456 E Parcel  : Reading a NULL string not supported here.
04-13 11:41:08.390  2456  2456 E Parcel  : Reading a NULL string not supported here.
04-13 11:41:08.394  2456  2456 E Parcel  : Reading a NULL string not supported here.
04-13 11:41:08.407  2456  2456 E Parcel  : Reading a NULL string not supported here.
04-13 11:41:08.416  2456  2456 E Parcel  : Reading a NULL string not supported here.
04-13 11:41:08.424  2456  2456 E Parcel  : Reading a NULL string not supported here.
04-13 11:41:08.425  2456  2456 E IPCThreadState: Binder transaction failure. id: 57875, BR_*: 29201, error: -1 (Operation not permitted)
04-13 11:41:08.439  2456  2456 E Parcel  : Reading a NULL string not supported here.
04-13 11:41:08.445  2456  2456 E Parcel  : Reading a NULL string not supported here.
04-13 11:41:08.456  2456  2456 E Parcel  : Reading a NULL string not supported here.
04-13 11:41:08.458  2456  2456 E Parcel  : Reading a NULL string not supported here.
04-13 11:41:08.474  2456  2456 E IPCThreadState: Binder transaction failure. id: 58353, BR_*: 29201, error: -1 (Operation not permitted)
04-13 11:41:08.520  2458  2458 E IPCThreadState: Binder transaction failure. id: 58470, BR_*: 29201, error: -1 (Operation not permitted)
04-13 11:41:08.520  2458  2458 E IPCThreadState: Binder transaction failure. id: 58474, BR_*: 29201, error: -1 (Operation not permitted)
04-13 11:41:08.521  2458  2458 E IPCThreadState: Binder transaction failure. id: 58478, BR_*: 29201, error: -1 (Operation not permitted)
04-13 11:41:08.522  2458  2458 E IPCThreadState: Binder transaction failure. id: 58486, BR_*: 29201, error: -1 (Operation not permitted)
04-13 11:41:08.522  2458  2458 E IPCThreadState: Binder transaction failure. id: 58490, BR_*: 29201, error: -1 (Operation not permitted)
04-13 11:41:08.522  2458  2458 E IPCThreadState: Binder transaction failure. id: 58495, BR_*: 29201, error: -1 (Operation not permitted)
04-13 11:41:08.523  2458  2458 E IPCThreadState: Binder transaction failure. id: 58505, BR_*: 29201, error: -1 (Operation not permitted)
04-13 11:41:08.523  2458  2458 E IPCThreadState: Binder transaction failure. id: 58509, BR_*: 29201, error: -1 (Operation not permitted)
04-13 11:41:08.524  2458  2458 E IPCThreadState: Binder transaction failure. id: 58521, BR_*: 29201, error: -1 (Operation not permitted)
04-13 11:41:08.524  2458  2458 E IPCThreadState: Binder transaction failure. id: 58525, BR_*: 29201, error: -1 (Operation not permitted)
04-13 11:41:08.525  2458  2458 E IPCThreadState: Binder transaction failure. id: 58531, BR_*: 29201, error: -1 (Operation not permitted)
04-13 11:41:08.529  2458  2458 E IPCThreadState: Binder transaction failure. id: 58557, BR_*: 29201, error: -1 (Operation not permitted)
04-13 11:41:08.529  2458  2458 E IPCThreadState: Binder transaction failure. id: 58561, BR_*: 29201, error: -1 (Operation not permitted)
04-13 11:41:08.530  2458  2458 E IPCThreadState: Binder transaction failure. id: 58567, BR_*: 29201, error: -1 (Operation not permitted)
04-13 11:41:08.530  2458  2458 E IPCThreadState: Binder transaction failure. id: 58571, BR_*: 29201, error: -1 (Operation not permitted)
04-13 11:41:08.531  2458  2458 E IPCThreadState: Binder transaction failure. id: 58575, BR_*: 29201, error: -1 (Operation not permitted)
04-13 11:41:08.531  2458  2458 E IPCThreadState: Binder transaction failure. id: 58579, BR_*: 29201, error: -1 (Operation not permitted)
04-13 11:41:08.532  2458  2458 E IPCThreadState: Binder transaction failure. id: 58583, BR_*: 29201, error: -1 (Operation not permitted)
04-13 11:41:08.532  2458  2458 E IPCThreadState: Binder transaction failure. id: 58587, BR_*: 29201, error: -1 (Operation not permitted)
04-13 11:41:08.532  2458  2458 E IPCThreadState: Binder transaction failure. id: 58591, BR_*: 29201, error: -1 (Operation not permitted)
04-13 11:41:08.533  2458  2458 E IPCThreadState: Binder transaction failure. id: 58595, BR_*: 29201, error: -1 (Operation not permitted)
04-13 11:41:08.533  2458  2458 E IPCThreadState: Binder transaction failure. id: 58599, BR_*: 29201, error: -1 (Operation not permitted)
04-13 11:41:08.533  2458  2458 E IPCThreadState: Binder transaction failure. id: 58603, BR_*: 29201, error: -1 (Operation not permitted)
04-13 11:41:08.534  2458  2458 E IPCThreadState: Binder transaction failure. id: 58607, BR_*: 29201, error: -1 (Operation not permitted)
04-13 11:41:08.542  2458  2458 E IPCThreadState: Binder transaction failure. id: 58630, BR_*: 29201, error: -1 (Operation not permitted)
04-13 11:41:08.543  2458  2458 E IPCThreadState: Binder transaction failure. id: 58635, BR_*: 29201, error: -1 (Operation not permitted)
04-13 11:41:08.543  2458  2458 E IPCThreadState: Binder transaction failure. id: 58639, BR_*: 29201, error: -1 (Operation not permitted)
04-13 11:41:08.544  2458  2458 E IPCThreadState: Binder transaction failure. id: 58644, BR_*: 29201, error: -1 (Operation not permitted)
04-13 11:41:08.544  2458  2458 E IPCThreadState: Binder transaction failure. id: 58648, BR_*: 29201, error: -1 (Operation not permitted)
04-13 11:41:08.545  2458  2458 E IPCThreadState: Binder transaction failure. id: 58652, BR_*: 29201, error: -1 (Operation not permitted)
04-13 11:41:08.545  2458  2458 E IPCThreadState: Binder transaction failure. id: 58656, BR_*: 29201, error: -1 (Operation not permitted)
04-13 11:41:08.546  2458  2458 E IPCThreadState: Binder transaction failure. id: 58660, BR_*: 29201, error: -1 (Operation not permitted)
04-13 11:41:08.552  2458  2458 E IPCThreadState: Binder transaction failure. id: 58706, BR_*: 29201, error: -1 (Operation not permitted)
04-13 11:41:08.552  2458  2458 E IPCThreadState: Binder transaction failure. id: 58710, BR_*: 29201, error: -1 (Operation not permitted)
04-13 11:41:08.553  2458  2458 E IPCThreadState: Binder transaction failure. id: 58715, BR_*: 29201, error: -1 (Operation not permitted)
04-13 11:41:08.553  2458  2458 E Parcel  : Reading a NULL string not supported here.
04-13 11:41:08.561  2458  2458 E Parcel  : Reading a NULL string not supported here.
04-13 11:41:08.563  2458  2458 E Parcel  : Reading a NULL string not supported here.
04-13 11:41:08.565  2458  2458 E Parcel  : Reading a NULL string not supported here.
04-13 11:41:08.569  2458  2458 E Parcel  : Reading a NULL string not supported here.
04-13 11:41:08.571  2458  2458 E Parcel  : Reading a NULL string not supported here.
04-13 11:41:08.571  2458  2458 E Parcel  : Reading a NULL string not supported here.
04-13 11:41:08.575  2458  2458 E Parcel  : Reading a NULL string not supported here.
04-13 11:41:08.575  2458  2458 E Parcel  : Reading a NULL string not supported here.
04-13 11:41:08.584  2458  2458 E Parcel  : Reading a NULL string not supported here.
04-13 11:41:08.590  2458  2458 E Parcel  : Reading a NULL string not supported here.
04-13 11:41:08.602  2458  2458 E Parcel  : Reading a NULL string not supported here.
04-13 11:41:08.614  2458  2458 E Parcel  : Reading a NULL string not supported here.
04-13 11:41:08.620  2458  2458 E Parcel  : Reading a NULL string not supported here.
04-13 11:41:08.624  2458  2458 E IPCThreadState: Binder transaction failure. id: 59298, BR_*: 29201, error: -1 (Operation not permitted)
04-13 11:41:08.638  2458  2458 E Parcel  : Reading a NULL string not supported here.
04-13 11:41:08.646  2458  2458 E Parcel  : Reading a NULL string not supported here.
04-13 11:41:08.659  2458  2458 E Parcel  : Reading a NULL string not supported here.
04-13 11:41:08.661  2458  2458 E Parcel  : Reading a NULL string not supported here.
04-13 11:41:08.678  2458  2458 E IPCThreadState: Binder transaction failure. id: 59778, BR_*: 29201, error: -1 (Operation not permitted)
04-13 11:41:09.060  1970  2185 E ActivityThread: Failed to find provider info for com.google.android.tvsetup.app.machine.services.castsetup.castsetupinfo.CastInfoProvider
04-13 11:41:09.060  1970  2185 E cast_ClientAuthCredsFactoryProvisioned: Cannot get device credentials
04-13 11:41:09.229   645   849 E SystemServiceRegistry: No service published for: persistent_data_block
04-13 11:41:09.229   645   849 E SystemServiceRegistry: android.os.ServiceManager$ServiceNotFoundException: No service published for: persistent_data_block
04-13 11:41:09.229   645   849 E SystemServiceRegistry: 	at android.os.ServiceManager.getServiceOrThrow(ServiceManager.java:203)
04-13 11:41:09.229   645   849 E SystemServiceRegistry: 	at android.app.SystemServiceRegistry$82.createService(SystemServiceRegistry.java:1110)
04-13 11:41:09.229   645   849 E SystemServiceRegistry: 	at android.app.SystemServiceRegistry$82.createService(SystemServiceRegistry.java:1107)
04-13 11:41:09.229   645   849 E SystemServiceRegistry: 	at android.app.SystemServiceRegistry$StaticServiceFetcher.getService(SystemServiceRegistry.java:2405)
04-13 11:41:09.229   645   849 E SystemServiceRegistry: 	at android.app.SystemServiceRegistry.getSystemService(SystemServiceRegistry.java:1918)
04-13 11:41:09.229   645   849 E SystemServiceRegistry: 	at android.app.ContextImpl.getSystemService(ContextImpl.java:2315)
04-13 11:41:09.229   645   849 E SystemServiceRegistry: 	at android.content.Context.getSystemService(Context.java:4630)
04-13 11:41:09.229   645   849 E SystemServiceRegistry: 	at com.android.server.pm.PackageInstallerSession.markAsSealed(PackageInstallerSession.java:2449)
04-13 11:41:09.229   645   849 E SystemServiceRegistry: 	at com.android.server.pm.PackageInstallerSession.commit(PackageInstallerSession.java:2198)
04-13 11:41:09.229   645   849 E SystemServiceRegistry: 	at android.content.pm.PackageInstaller$Session.commit(PackageInstaller.java:1988)
04-13 11:41:09.229   645   849 E SystemServiceRegistry: 	at com.android.server.pm.PackageManagerShellCommand.doCommitSession(PackageManagerShellCommand.java:4316)
04-13 11:41:09.229   645   849 E SystemServiceRegistry: 	at com.android.server.pm.PackageManagerShellCommand.doRunInstall(PackageManagerShellCommand.java:1641)
04-13 11:41:09.229   645   849 E SystemServiceRegistry: 	at com.android.server.pm.PackageManagerShellCommand.runInstall(PackageManagerShellCommand.java:1562)
04-13 11:41:09.229   645   849 E SystemServiceRegistry: 	at com.android.server.pm.PackageManagerShellCommand.onCommand(PackageManagerShellCommand.java:246)
04-13 11:41:09.229   645   849 E SystemServiceRegistry: 	at com.android.modules.utils.BasicShellCommandHandler.exec(BasicShellCommandHandler.java:97)
04-13 11:41:09.229   645   849 E SystemServiceRegistry: 	at android.os.ShellCommand.exec(ShellCommand.java:38)
04-13 11:41:09.229   645   849 E SystemServiceRegistry: 	at com.android.server.pm.PackageManagerService$IPackageManagerImpl.onShellCommand(PackageManagerService.java:6686)
04-13 11:41:09.229   645   849 E SystemServiceRegistry: 	at android.os.Binder.shellCommand(Binder.java:1151)
04-13 11:41:09.229   645   849 E SystemServiceRegistry: 	at android.os.Binder.onTransact(Binder.java:953)
04-13 11:41:09.229   645   849 E SystemServiceRegistry: 	at android.content.pm.IPackageManager$Stub.onTransact(IPackageManager.java:4729)
04-13 11:41:09.229   645   849 E SystemServiceRegistry: 	at com.android.server.pm.PackageManagerService$IPackageManagerImpl.onTransact(PackageManagerService.java:6670)
04-13 11:41:09.229   645   849 E SystemServiceRegistry: 	at android.os.Binder.execTransactInternal(Binder.java:1426)
04-13 11:41:09.229   645   849 E SystemServiceRegistry: 	at android.os.Binder.execTransact(Binder.java:1365)
04-13 11:41:09.230   645   849 E SystemServiceRegistry: Manager wrapper not available: persistent_data_block
04-13 11:41:09.395  1854  2003 E AbstractLogEventBuilder: The provided ProductIdOrigin 3 is not one of the process-level expected values: 1 or 2
04-13 11:41:09.458  1854  1959 E AbstractLogEventBuilder: The provided ProductIdOrigin 3 is not one of the process-level expected values: 1 or 2
04-13 11:41:09.557  1854  1966 E Finsky  : [54] 5 file not found
04-13 11:41:09.558  1854  1966 E Finsky  : [54] APK Analysis allow list check failed; APK Analysis will be skipped!
04-13 11:41:09.558  1854  1966 E Finsky  : com.google.android.finsky.verifier.apkanalysis.client.ApkAnalysisException: DOWNLOAD_FILE_NOT_FOUND_EXCEPTION while analyzing APK
04-13 11:41:09.558  1854  1966 E Finsky  : 	at iin.b(PG:569)
04-13 11:41:09.558  1854  1966 E Finsky  : 	at aqvc.u(PG:5)
04-13 11:41:09.558  1854  1966 E Finsky  : 	at arbt.run(PG:109)
04-13 11:41:09.558  1854  1966 E Finsky  : 	at java.util.concurrent.ThreadPoolExecutor.runWorker(ThreadPoolExecutor.java:1156)
04-13 11:41:09.558  1854  1966 E Finsky  : 	at java.util.concurrent.ThreadPoolExecutor$Worker.run(ThreadPoolExecutor.java:651)
04-13 11:41:09.558  1854  1966 E Finsky  : 	at lrq.run(PG:21)
04-13 11:41:09.558  1854  1966 E Finsky  : 	at java.lang.Thread.run(Thread.java:1119)
04-13 11:41:09.558  1854  1966 E AbstractLogEventBuilder: The provided ProductIdOrigin 3 is not one of the process-level expected values: 1 or 2
04-13 11:41:09.558  1854  1966 E Finsky  : [54] Logging timeout report message
04-13 11:41:09.558  1854  1966 E Finsky  : com.google.android.finsky.verifier.apkanalysis.client.ApkAnalysisException: DOWNLOAD_FILE_NOT_FOUND_EXCEPTION while analyzing APK
04-13 11:41:09.558  1854  1966 E Finsky  : 	at iin.b(PG:569)
04-13 11:41:09.558  1854  1966 E Finsky  : 	at aqvc.u(PG:5)
04-13 11:41:09.558  1854  1966 E Finsky  : 	at arbt.run(PG:109)
04-13 11:41:09.558  1854  1966 E Finsky  : 	at java.util.concurrent.ThreadPoolExecutor.runWorker(ThreadPoolExecutor.java:1156)
04-13 11:41:09.558  1854  1966 E Finsky  : 	at java.util.concurrent.ThreadPoolExecutor$Worker.run(ThreadPoolExecutor.java:651)
04-13 11:41:09.558  1854  1966 E Finsky  : 	at lrq.run(PG:21)
04-13 11:41:09.558  1854  1966 E Finsky  : 	at java.lang.Thread.run(Thread.java:1119)
04-13 11:41:09.558  1854  1966 E Finsky  : [54] VerifyApps: APK Analysis scan failed for com.dreamweddingstories.tv
04-13 11:41:09.558  1854  1966 E Finsky  : com.google.android.finsky.verifier.apkanalysis.client.ApkAnalysisException: DOWNLOAD_FILE_NOT_FOUND_EXCEPTION while analyzing APK
04-13 11:41:09.558  1854  1966 E Finsky  : 	at iin.b(PG:569)
04-13 11:41:09.558  1854  1966 E Finsky  : 	at aqvc.u(PG:5)
04-13 11:41:09.558  1854  1966 E Finsky  : 	at arbt.run(PG:109)
04-13 11:41:09.558  1854  1966 E Finsky  : 	at java.util.concurrent.ThreadPoolExecutor.runWorker(ThreadPoolExecutor.java:1156)
04-13 11:41:09.558  1854  1966 E Finsky  : 	at java.util.concurrent.ThreadPoolExecutor$Worker.run(ThreadPoolExecutor.java:651)
04-13 11:41:09.558  1854  1966 E Finsky  : 	at lrq.run(PG:21)
04-13 11:41:09.558  1854  1966 E Finsky  : 	at java.lang.Thread.run(Thread.java:1119)
04-13 11:41:09.561  1854  1964 E AbstractLogEventBuilder: The provided ProductIdOrigin 3 is not one of the process-level expected values: 1 or 2
04-13 11:41:10.240  1854  1854 E AbstractLogEventBuilder: The provided ProductIdOrigin 3 is not one of the process-level expected values: 1 or 2
04-13 11:41:10.244  1854  2003 E AbstractLogEventBuilder: The provided ProductIdOrigin 3 is not one of the process-level expected values: 1 or 2
04-13 11:41:10.478  1229  2483 E ashmem  : Pinning is deprecated since Android Q. Please use trim or other methods.
04-13 11:41:10.502  1854  1966 E Finsky  : [54] [Counters] attempted to use a non-positive increment for: 4752
04-13 11:41:10.504  1854  1968 E Finsky  : [55] [Counters] attempted to use a non-positive increment for: 4753
04-13 11:41:10.511  1854  1959 E Finsky  : [52] [Counters] attempted to use a non-positive increment for: 4752
04-13 11:41:10.511  1854  1959 E Finsky  : [52] [Counters] attempted to use a non-positive increment for: 4753
04-13 11:41:10.516  2485  2485 E ding:background: Not starting debugger since process cannot load the jdwp agent.
04-13 11:41:10.568  1854  1964 E Finsky  : [53] [Counters] attempted to use a non-positive increment for: 4752
04-13 11:41:10.569  1854  1964 E Finsky  : [53] [Counters] attempted to use a non-positive increment for: 4753
04-13 11:41:10.646  1012  1012 E ashmem  : Pinning is deprecated since Android Q. Please use trim or other methods.
04-13 11:41:10.646  1854  1968 E Finsky  : [55] [Counters] attempted to use a non-positive increment for: 4752
04-13 11:41:10.646  1854  1968 E Finsky  : [55] [Counters] attempted to use a non-positive increment for: 4753
04-13 11:41:10.674   217   217 E lmkd    : memevent failed getting memory events: BPF ring buffer message has unexpected size (want 84 bytes, got 88 bytes): Message too long
04-13 11:41:10.674   217   217 E lowmemorykiller: Failed fetching memory listener events.
04-13 11:41:10.828  2485  2567 E ashmem  : Pinning is deprecated since Android Q. Please use trim or other methods.
04-13 11:41:10.886   217   217 E lmkd    : memevent failed getting memory events: BPF ring buffer message has unexpected size (want 84 bytes, got 88 bytes): Message too long
04-13 11:41:10.886   217   217 E lowmemorykiller: Failed fetching memory listener events.
04-13 11:41:12.552  2148  2265 E GoogleApiManager: Failed to get service from broker. 
04-13 11:41:12.552  2148  2265 E GoogleApiManager: java.lang.SecurityException: Unknown calling package name 'com.google.android.gms'.
04-13 11:41:12.552  2148  2265 E GoogleApiManager: 	at android.os.Parcel.createExceptionOrNull(Parcel.java:3340)
04-13 11:41:12.552  2148  2265 E GoogleApiManager: 	at android.os.Parcel.createException(Parcel.java:3324)
04-13 11:41:12.552  2148  2265 E GoogleApiManager: 	at android.os.Parcel.readException(Parcel.java:3307)
04-13 11:41:12.552  2148  2265 E GoogleApiManager: 	at android.os.Parcel.readException(Parcel.java:3249)
04-13 11:41:12.552  2148  2265 E GoogleApiManager: 	at ahvg.a(:com.google.android.gms@261332130@26.13.32 (270700-895912391):36)
04-13 11:41:12.552  2148  2265 E GoogleApiManager: 	at ahth.t(:com.google.android.gms@261332130@26.13.32 (270700-895912391):143)
04-13 11:41:12.552  2148  2265 E GoogleApiManager: 	at ahas.run(:com.google.android.gms@261332130@26.13.32 (270700-895912391):42)
04-13 11:41:12.552  2148  2265 E GoogleApiManager: 	at android.os.Handler.handleCallback(Handler.java:995)
04-13 11:41:12.552  2148  2265 E GoogleApiManager: 	at android.os.Handler.dispatchMessage(Handler.java:103)
04-13 11:41:12.552  2148  2265 E GoogleApiManager: 	at bccm.ih(:com.google.android.gms@261332130@26.13.32 (270700-895912391):1)
04-13 11:41:12.552  2148  2265 E GoogleApiManager: 	at bccm.dispatchMessage(:com.google.android.gms@261332130@26.13.32 (270700-895912391):5)
04-13 11:41:12.552  2148  2265 E GoogleApiManager: 	at android.os.Looper.loopOnce(Looper.java:248)
04-13 11:41:12.552  2148  2265 E GoogleApiManager: 	at android.os.Looper.loop(Looper.java:338)
04-13 11:41:12.552  2148  2265 E GoogleApiManager: 	at android.os.HandlerThread.run(HandlerThread.java:85)
04-13 11:41:12.732  2023  2023 E ashmem  : Pinning is deprecated since Android Q. Please use trim or other methods.
04-13 11:41:12.735  2023  2023 E ConfigUpdater: Content URL or Metadata URL from flag is empty, ignoring flag change.
04-13 11:41:12.739  2023  2023 E ConfigUpdater: Content URL or Metadata URL from flag is empty, ignoring flag change.
04-13 11:41:12.740  2023  2023 E ConfigUpdater: Content URL or Metadata URL from flag is empty, ignoring flag change.
04-13 11:41:15.474  1241  1372 E FeaturedCarouselServerDataManager: Header Message case was not valid and will not be added: HEADERMESSAGE_NOT_SET
04-13 11:41:16.127  1241  1636 E FeaturedCarouselServerDataManager: Header Message case was not valid and will not be added: HEADERMESSAGE_NOT_SET
04-13 11:41:17.061  1970  2185 E ActivityThread: Failed to find provider info for com.google.android.tvsetup.app.machine.services.castsetup.castsetupinfo.CastInfoProvider
04-13 11:41:17.061  1970  2185 E cast_ClientAuthCredsFactoryProvisioned: Cannot get device credentials
04-13 11:41:24.889  2656  2656 E FeatureFlagsImplExport: android.os.flagging.AconfigStorageReadException: ERROR_PACKAGE_NOT_FOUND: package android.xr cannot be found on the device
04-13 11:41:24.924   645   740 E WindowManager: Display reconfigured outside of a transition: Display{#0 state=ON size=1280x720 ROTATION_0}
04-13 11:41:25.169   645  1475 E CellBroadcastUtils: getDefaultCellBroadcastReceiverPackageName: no package found
04-13 11:41:25.280  1241  1241 E Clearcut-EventLogger: Unexpected log parameter notification_indicator_total
04-13 11:41:25.303  1241  1538 E ContinueWatchingRepository: Failed to refresh TVOD play next data.
04-13 11:41:25.306  1241  1241 E Clearcut-EventLogger: Unexpected log parameter shown_channel_count
04-13 11:41:25.424  1241  1241 E Clearcut-EventLogger: Unexpected log parameter notification_indicator_total
04-13 11:41:25.679  1241  1241 E GIL     : java.lang.NullPointerException: Tried to unbind a view without an associated CVE. This indicates a GIL instrumentation error. Is `ViewVisualElements#unbind` being invoked unconditionally when `ViewVisualElements#bind` is invoked conditionally?
04-13 11:41:25.679  1241  1241 E GIL     : 	at ifc.e(PG:14)
04-13 11:41:25.679  1241  1241 E GIL     : 	at iim.r(PG:4)
04-13 11:41:25.679  1241  1241 E GIL     : 	at pce.u(PG:16)
04-13 11:41:25.679  1241  1241 E GIL     : 	at kju.d(PG:133)
04-13 11:41:25.679  1241  1241 E GIL     : 	at kjo.b(PG:431)
04-13 11:41:25.679  1241  1241 E GIL     : 	at pmv.dk(PG:11)
04-13 11:41:25.679  1241  1241 E GIL     : 	at psi.run(PG:107)
04-13 11:41:25.679  1241  1241 E GIL     : 	at android.os.Handler.handleCallback(Handler.java:995)
04-13 11:41:25.679  1241  1241 E GIL     : 	at android.os.Handler.dispatchMessage(Handler.java:103)
04-13 11:41:25.679  1241  1241 E GIL     : 	at android.os.Looper.loopOnce(Looper.java:248)
04-13 11:41:25.679  1241  1241 E GIL     : 	at android.os.Looper.loop(Looper.java:338)
04-13 11:41:25.679  1241  1241 E GIL     : 	at android.app.ActivityThread.main(ActivityThread.java:9067)
04-13 11:41:25.679  1241  1241 E GIL     : 	at java.lang.reflect.Method.invoke(Native Method)
04-13 11:41:25.679  1241  1241 E GIL     : 	at com.android.internal.os.RuntimeInit$MethodAndArgsCaller.run(RuntimeInit.java:593)
04-13 11:41:25.679  1241  1241 E GIL     : 	at com.android.internal.os.ZygoteInit.main(ZygoteInit.java:932)
04-13 11:41:25.884  2685  2685 E ashmem  : Pinning is deprecated since Android Q. Please use trim or other methods.
04-13 11:41:26.382   645  1474 E AutofillManagerServiceImpl: Bad service name: com.google.android.gms/.autofill.service.AutofillService
04-13 11:41:26.750  2685  2722 E GoogleApiManager: Failed to get service from broker. 
04-13 11:41:26.750  2685  2722 E GoogleApiManager: java.lang.SecurityException: Unknown calling package name 'com.google.android.gms'.
04-13 11:41:26.750  2685  2722 E GoogleApiManager: 	at android.os.Parcel.createExceptionOrNull(Parcel.java:3340)
04-13 11:41:26.750  2685  2722 E GoogleApiManager: 	at android.os.Parcel.createException(Parcel.java:3324)
04-13 11:41:26.750  2685  2722 E GoogleApiManager: 	at android.os.Parcel.readException(Parcel.java:3307)
04-13 11:41:26.750  2685  2722 E GoogleApiManager: 	at android.os.Parcel.readException(Parcel.java:3249)
04-13 11:41:26.750  2685  2722 E GoogleApiManager: 	at ahvg.a(:com.google.android.gms@261332130@26.13.32 (270700-895912391):36)
04-13 11:41:26.750  2685  2722 E GoogleApiManager: 	at ahth.t(:com.google.android.gms@261332130@26.13.32 (270700-895912391):143)
04-13 11:41:26.750  2685  2722 E GoogleApiManager: 	at ahas.run(:com.google.android.gms@261332130@26.13.32 (270700-895912391):42)
04-13 11:41:26.750  2685  2722 E GoogleApiManager: 	at android.os.Handler.handleCallback(Handler.java:995)
04-13 11:41:26.750  2685  2722 E GoogleApiManager: 	at android.os.Handler.dispatchMessage(Handler.java:103)
04-13 11:41:26.750  2685  2722 E GoogleApiManager: 	at bccm.ih(:com.google.android.gms@261332130@26.13.32 (270700-895912391):1)
04-13 11:41:26.750  2685  2722 E GoogleApiManager: 	at bccm.dispatchMessage(:com.google.android.gms@261332130@26.13.32 (270700-895912391):5)
04-13 11:41:26.750  2685  2722 E GoogleApiManager: 	at android.os.Looper.loopOnce(Looper.java:248)
04-13 11:41:26.750  2685  2722 E GoogleApiManager: 	at android.os.Looper.loop(Looper.java:338)
04-13 11:41:26.750  2685  2722 E GoogleApiManager: 	at android.os.HandlerThread.run(HandlerThread.java:85)
04-13 11:41:28.688   645  1219 E TaskPersister: File error accessing recents directory (directory doesn't exist?).
04-13 11:41:33.063  1970  2185 E ActivityThread: Failed to find provider info for com.google.android.tvsetup.app.machine.services.castsetup.castsetupinfo.CastInfoProvider
04-13 11:41:33.063  1970  2185 E cast_ClientAuthCredsFactoryProvisioned: Cannot get device credentials
04-13 11:41:33.573   645   734 E ActivityManager: Sending non-protected broadcast android.intent.action.UPDATE_CT_LOGS from system uid 1000 pkg android
04-13 11:41:33.573   645   734 E ActivityManager: java.lang.Throwable
04-13 11:41:33.573   645   734 E ActivityManager: 	at com.android.server.am.BroadcastController.checkBroadcastFromSystem(BroadcastController.java:2145)
04-13 11:41:33.573   645   734 E ActivityManager: 	at com.android.server.am.BroadcastController.broadcastIntentLockedTraced(BroadcastController.java:1646)
04-13 11:41:33.573   645   734 E ActivityManager: 	at com.android.server.am.BroadcastController.broadcastIntentLocked(BroadcastController.java:807)
04-13 11:41:33.573   645   734 E ActivityManager: 	at com.android.server.am.BroadcastController.broadcastIntentInPackage(BroadcastController.java:774)
04-13 11:41:33.573   645   734 E ActivityManager: 	at com.android.server.am.ActivityManagerService$LocalService.broadcastIntentInPackage(ActivityManagerService.java:17221)
04-13 11:41:33.573   645   734 E ActivityManager: 	at com.android.server.am.PendingIntentRecord.sendInner(PendingIntentRecord.java:674)
04-13 11:41:33.573   645   734 E ActivityManager: 	at com.android.server.am.PendingIntentRecord.sendWithResult(PendingIntentRecord.java:380)
04-13 11:41:33.573   645   734 E ActivityManager: 	at com.android.server.am.ActivityManagerService.sendIntentSender(ActivityManagerService.java:5618)
04-13 11:41:33.573   645   734 E ActivityManager: 	at android.app.PendingIntent.sendAndReturnResult(PendingIntent.java:1116)
04-13 11:41:33.573   645   734 E ActivityManager: 	at android.app.PendingIntent.send(PendingIntent.java:1082)
04-13 11:41:33.573   645   734 E ActivityManager: 	at com.android.server.alarm.AlarmManagerService$DeliveryTracker.deliverLocked(AlarmManagerService.java:5358)
04-13 11:41:33.573   645   734 E ActivityManager: 	at com.android.server.alarm.AlarmManagerService.deliverAlarmsLocked(AlarmManagerService.java:4322)
04-13 11:41:33.573   645   734 E ActivityManager: 	at com.android.server.alarm.AlarmManagerService$AlarmThread.run(AlarmManagerService.java:4598)
04-13 11:41:33.717   645   645 E CertificateTransparencyDownloader: Error setting the public Key
04-13 11:41:33.717   645   645 E CertificateTransparencyDownloader: java.security.GeneralSecurityException: Public key not in allowlist
04-13 11:41:33.717   645   645 E CertificateTransparencyDownloader: 	at com.android.server.net.ct.SignatureVerifier.setPublicKey(SignatureVerifier.java:109)
04-13 11:41:33.717   645   645 E CertificateTransparencyDownloader: 	at com.android.server.net.ct.SignatureVerifier.setPublicKey(SignatureVerifier.java:100)
04-13 11:41:33.717   645   645 E CertificateTransparencyDownloader: 	at com.android.server.net.ct.SignatureVerifier.setPublicKeyFrom(SignatureVerifier.java:89)
04-13 11:41:33.717   645   645 E CertificateTransparencyDownloader: 	at com.android.server.net.ct.CertificateTransparencyDownloader.handlePublicKeyDownloadCompleted(CertificateTransparencyDownloader.java:155)
04-13 11:41:33.717   645   645 E CertificateTransparencyDownloader: 	at com.android.server.net.ct.CertificateTransparencyDownloader.onReceive(CertificateTransparencyDownloader.java:122)
04-13 11:41:33.717   645   645 E CertificateTransparencyDownloader: 	at android.app.LoadedApk$ReceiverDispatcher$Args.lambda$getRunnable$0(LoadedApk.java:1839)
04-13 11:41:33.717   645   645 E CertificateTransparencyDownloader: 	at android.app.LoadedApk$ReceiverDispatcher$Args.$r8$lambda$mcNAAl1SQ4MyJPyDg8TJ2x2h0Rk(Unknown Source:0)
04-13 11:41:33.717   645   645 E CertificateTransparencyDownloader: 	at android.app.LoadedApk$ReceiverDispatcher$Args$$ExternalSyntheticLambda0.run(D8$$SyntheticClass:0)
04-13 11:41:33.717   645   645 E CertificateTransparencyDownloader: 	at android.os.Handler.handleCallback(Handler.java:995)
04-13 11:41:33.717   645   645 E CertificateTransparencyDownloader: 	at android.os.Handler.dispatchMessage(Handler.java:103)
04-13 11:41:33.717   645   645 E CertificateTransparencyDownloader: 	at android.os.Looper.loopOnce(Looper.java:248)
04-13 11:41:33.717   645   645 E CertificateTransparencyDownloader: 	at android.os.Looper.loop(Looper.java:338)
04-13 11:41:33.717   645   645 E CertificateTransparencyDownloader: 	at com.android.server.SystemServer.run(SystemServer.java:1036)
04-13 11:41:33.717   645   645 E CertificateTransparencyDownloader: 	at com.android.server.SystemServer.main(SystemServer.java:689)
04-13 11:41:33.717   645   645 E CertificateTransparencyDownloader: 	at java.lang.reflect.Method.invoke(Native Method)
04-13 11:41:33.717   645   645 E CertificateTransparencyDownloader: 	at com.android.internal.os.RuntimeInit$MethodAndArgsCaller.run(RuntimeInit.java:593)
04-13 11:41:33.717   645   645 E CertificateTransparencyDownloader: 	at com.android.internal.os.ZygoteInit.main(ZygoteInit.java:910)
04-13 11:41:36.766  2685  2722 E GoogleApiManager: Failed to get service from broker. 
04-13 11:41:36.766  2685  2722 E GoogleApiManager: java.lang.SecurityException: Unknown calling package name 'com.google.android.gms'.
04-13 11:41:36.766  2685  2722 E GoogleApiManager: 	at android.os.Parcel.createExceptionOrNull(Parcel.java:3340)
04-13 11:41:36.766  2685  2722 E GoogleApiManager: 	at android.os.Parcel.createException(Parcel.java:3324)
04-13 11:41:36.766  2685  2722 E GoogleApiManager: 	at android.os.Parcel.readException(Parcel.java:3307)
04-13 11:41:36.766  2685  2722 E GoogleApiManager: 	at android.os.Parcel.readException(Parcel.java:3249)
04-13 11:41:36.766  2685  2722 E GoogleApiManager: 	at ahvg.a(:com.google.android.gms@261332130@26.13.32 (270700-895912391):36)
04-13 11:41:36.766  2685  2722 E GoogleApiManager: 	at ahth.t(:com.google.android.gms@261332130@26.13.32 (270700-895912391):143)
04-13 11:41:36.766  2685  2722 E GoogleApiManager: 	at ahas.run(:com.google.android.gms@261332130@26.13.32 (270700-895912391):42)
04-13 11:41:36.766  2685  2722 E GoogleApiManager: 	at android.os.Handler.handleCallback(Handler.java:995)
04-13 11:41:36.766  2685  2722 E GoogleApiManager: 	at android.os.Handler.dispatchMessage(Handler.java:103)
04-13 11:41:36.766  2685  2722 E GoogleApiManager: 	at bccm.ih(:com.google.android.gms@261332130@26.13.32 (270700-895912391):1)
04-13 11:41:36.766  2685  2722 E GoogleApiManager: 	at bccm.dispatchMessage(:com.google.android.gms@261332130@26.13.32 (270700-895912391):5)
04-13 11:41:36.766  2685  2722 E GoogleApiManager: 	at android.os.Looper.loopOnce(Looper.java:248)
04-13 11:41:36.766  2685  2722 E GoogleApiManager: 	at android.os.Looper.loop(Looper.java:338)
04-13 11:41:36.766  2685  2722 E GoogleApiManager: 	at android.os.HandlerThread.run(HandlerThread.java:85)
04-13 11:41:45.023  1180  1441 E MDDTaskScheduler: MDDTaskScheduler.scheduleDownload():191 work Data {charging : false, mdd_task_tag : download, network : false} scheduled
04-13 11:41:45.155  1180  1445 E native  : E0000 00:00:1776060705.155882    1445 engine-factory.cc:52] TfLiteNwpEngine is not valid alias
04-13 11:42:00.052  1970  1970 E cast_shell: [0413/114200.051995:ERROR:ccs_transport_https.cc(1424)] CreateAndSignJwtAsync() returned invalid JWT. Not attaching to headers.
04-13 11:42:00.052  1970  1970 E cast_shell: [0413/114200.052104:ERROR:cast_auth_headers.cc(167)] Unable to update signature header
04-13 11:42:00.386  1970  1970 E cast_shell: [0413/114200.386128:ERROR:ccs_transport_https.cc(2164)] Received response code 403 for message_id = 733e4da7-fe26-4de7-add9-7cae3cc7876d - 
--------- beginning of crash
04-13 11:42:03.094  2685  2685 E AndroidRuntime: FATAL EXCEPTION: main
04-13 11:42:03.094  2685  2685 E AndroidRuntime: Process: com.dreamweddingstories.tv, PID: 2685
04-13 11:42:03.094  2685  2685 E AndroidRuntime: java.lang.IllegalStateException: 
04-13 11:42:03.094  2685  2685 E AndroidRuntime:    FocusRequester is not initialized. Here are some possible fixes:
04-13 11:42:03.094  2685  2685 E AndroidRuntime: 
04-13 11:42:03.094  2685  2685 E AndroidRuntime:    1. Remember the FocusRequester: val focusRequester = remember { FocusRequester() }
04-13 11:42:03.094  2685  2685 E AndroidRuntime:    2. Did you forget to add a Modifier.focusRequester() ?
04-13 11:42:03.094  2685  2685 E AndroidRuntime:    3. Are you attempting to request focus during composition? Focus requests should be made in
04-13 11:42:03.094  2685  2685 E AndroidRuntime:    response to some event. Eg Modifier.clickable { focusRequester.requestFocus() }
04-13 11:42:03.094  2685  2685 E AndroidRuntime: 
04-13 11:42:03.094  2685  2685 E AndroidRuntime: 	at androidx.compose.ui.focus.FocusRequester.focus$ui_release(FocusRequester.kt:259)
04-13 11:42:03.094  2685  2685 E AndroidRuntime: 	at androidx.compose.ui.focus.FocusRequester.requestFocus(FocusRequester.kt:65)
04-13 11:42:03.094  2685  2685 E AndroidRuntime: 	at com.dreamweddingstories.tv.screens.VideoDetailScreenKt$VideoDetailScreen$2$3$1.invokeSuspend(VideoDetailScreen.kt:159)
04-13 11:42:03.094  2685  2685 E AndroidRuntime: 	at kotlin.coroutines.jvm.internal.BaseContinuationImpl.resumeWith(ContinuationImpl.kt:33)
04-13 11:42:03.094  2685  2685 E AndroidRuntime: 	at kotlinx.coroutines.DispatchedTask.run(DispatchedTask.kt:108)
04-13 11:42:03.094  2685  2685 E AndroidRuntime: 	at androidx.compose.ui.platform.AndroidUiDispatcher.performTrampolineDispatch(AndroidUiDispatcher.android.kt:81)
04-13 11:42:03.094  2685  2685 E AndroidRuntime: 	at androidx.compose.ui.platform.AndroidUiDispatcher.access$performTrampolineDispatch(AndroidUiDispatcher.android.kt:41)
04-13 11:42:03.094  2685  2685 E AndroidRuntime: 	at androidx.compose.ui.platform.AndroidUiDispatcher$dispatchCallback$1.run(AndroidUiDispatcher.android.kt:57)
04-13 11:42:03.094  2685  2685 E AndroidRuntime: 	at android.os.Handler.handleCallback(Handler.java:995)
04-13 11:42:03.094  2685  2685 E AndroidRuntime: 	at android.os.Handler.dispatchMessage(Handler.java:103)
04-13 11:42:03.094  2685  2685 E AndroidRuntime: 	at android.os.Looper.loopOnce(Looper.java:248)
04-13 11:42:03.094  2685  2685 E AndroidRuntime: 	at android.os.Looper.loop(Looper.java:338)
04-13 11:42:03.094  2685  2685 E AndroidRuntime: 	at android.app.ActivityThread.main(ActivityThread.java:9067)
04-13 11:42:03.094  2685  2685 E AndroidRuntime: 	at java.lang.reflect.Method.invoke(Native Method)
04-13 11:42:03.094  2685  2685 E AndroidRuntime: 	at com.android.internal.os.RuntimeInit$MethodAndArgsCaller.run(RuntimeInit.java:593)
04-13 11:42:03.094  2685  2685 E AndroidRuntime: 	at com.android.internal.os.ZygoteInit.main(ZygoteInit.java:932)
04-13 11:42:03.094  2685  2685 E AndroidRuntime: 	Suppressed: kotlinx.coroutines.internal.DiagnosticCoroutineContextException: [androidx.compose.ui.platform.MotionDurationScaleImpl@e39d6da, androidx.compose.runtime.BroadcastFrameClock@4b3170b, StandaloneCoroutine{Cancelling}@ec859e8, AndroidUiDispatcher@8232801]
04-13 11:42:03.124   645   739 E InputDispatcher: channel 'd15b2f com.dreamweddingstories.tv/com.dreamweddingstories.tv.MainActivity' ~ Channel is unrecoverably broken and will be disposed!
04-13 11:42:03.162  1241  1241 E Clearcut-EventLogger: Unexpected log parameter notification_indicator_total
04-13 11:42:03.171  1241  1538 E ContinueWatchingRepository: Failed to refresh TVOD play next data.
04-13 11:42:03.173  1241  1241 E Clearcut-EventLogger: Unexpected log parameter shown_channel_count
04-13 11:42:03.241  1241  1241 E Clearcut-EventLogger: Unexpected log parameter notification_indicator_total
04-13 11:42:03.314  1241  1241 E GIL     : java.lang.NullPointerException: Tried to unbind a view without an associated CVE. This indicates a GIL instrumentation error. Is `ViewVisualElements#unbind` being invoked unconditionally when `ViewVisualElements#bind` is invoked conditionally?
04-13 11:42:03.314  1241  1241 E GIL     : 	at ifc.e(PG:14)
04-13 11:42:03.314  1241  1241 E GIL     : 	at iim.r(PG:4)
04-13 11:42:03.314  1241  1241 E GIL     : 	at pce.u(PG:16)
04-13 11:42:03.314  1241  1241 E GIL     : 	at kju.d(PG:133)
04-13 11:42:03.314  1241  1241 E GIL     : 	at kjo.b(PG:431)
04-13 11:42:03.314  1241  1241 E GIL     : 	at pmv.dk(PG:11)
04-13 11:42:03.314  1241  1241 E GIL     : 	at psi.run(PG:107)
04-13 11:42:03.314  1241  1241 E GIL     : 	at android.os.Handler.handleCallback(Handler.java:995)
04-13 11:42:03.314  1241  1241 E GIL     : 	at android.os.Handler.dispatchMessage(Handler.java:103)
04-13 11:42:03.314  1241  1241 E GIL     : 	at android.os.Looper.loopOnce(Looper.java:248)
04-13 11:42:03.314  1241  1241 E GIL     : 	at android.os.Looper.loop(Looper.java:338)
04-13 11:42:03.314  1241  1241 E GIL     : 	at android.app.ActivityThread.main(ActivityThread.java:9067)
04-13 11:42:03.314  1241  1241 E GIL     : 	at java.lang.reflect.Method.invoke(Native Method)
04-13 11:42:03.314  1241  1241 E GIL     : 	at com.android.internal.os.RuntimeInit$MethodAndArgsCaller.run(RuntimeInit.java:593)
04-13 11:42:03.314  1241  1241 E GIL     : 	at com.android.internal.os.ZygoteInit.main(ZygoteInit.java:932)
