04-13 11:40:53.170  1135  1135 E ashmem  : Pinning is deprecated since Android Q. Please use trim or other methods.
04-13 11:40:53.190   538   856 E OmxInfoBuilder: Cannot find an IOmxStore service.
04-13 11:40:53.206  1180  1403 E NotificationCenter: NotificationCenter.registerListenerInternal():378 Listener feu@bebcaf3 is already registered for notification class djk
04-13 11:40:53.206  1180  1403 E NotificationCenter: NotificationCenter.registerListenerInternal():378 Listener feu@bebcaf3 is already registered for notification class djk
04-13 11:40:53.207  1180  1403 E NotificationCenter: NotificationCenter.registerListenerInternal():378 Listener feu@bebcaf3 is already registered for notification class djk
04-13 11:40:53.207  1180  1403 E NotificationCenter: NotificationCenter.registerListenerInternal():378 Listener feu@bebcaf3 is already registered for notification class djk
04-13 11:40:53.207  1180  1403 E NotificationCenter: NotificationCenter.registerListenerInternal():378 Listener feu@bebcaf3 is already registered for notification class djk
04-13 11:40:53.207  1180  1403 E NotificationCenter: NotificationCenter.registerListenerInternal():378 Listener feu@bebcaf3 is already registered for notification class djk
04-13 11:40:53.207  1180  1403 E NotificationCenter: NotificationCenter.registerListenerInternal():378 Listener feu@bebcaf3 is already registered for notification class djk
04-13 11:40:53.207  1180  1403 E NotificationCenter: NotificationCenter.registerListenerInternal():378 Listener feu@bebcaf3 is already registered for notification class djk
04-13 11:40:53.208  1180  1403 E NotificationCenter: NotificationCenter.registerListenerInternal():378 Listener feu@bebcaf3 is already registered for notification class djk
04-13 11:40:53.208  1180  1403 E NotificationCenter: NotificationCenter.registerListenerInternal():378 Listener feu@bebcaf3 is already registered for notification class djk
04-13 11:40:53.208  1180  1403 E NotificationCenter: NotificationCenter.registerListenerInternal():378 Listener feu@bebcaf3 is already registered for notification class djk
04-13 11:40:53.208  1180  1403 E NotificationCenter: NotificationCenter.registerListenerInternal():378 Listener feu@bebcaf3 is already registered for notification class djk
04-13 11:40:53.208  1180  1403 E NotificationCenter: NotificationCenter.registerListenerInternal():378 Listener feu@bebcaf3 is already registered for notification class djk
04-13 11:40:53.208  1180  1403 E NotificationCenter: NotificationCenter.registerListenerInternal():378 Listener feu@bebcaf3 is already registered for notification class djk
04-13 11:40:53.208  1180  1403 E NotificationCenter: NotificationCenter.registerListenerInternal():378 Listener feu@bebcaf3 is already registered for notification class djk
04-13 11:40:53.209  1180  1403 E NotificationCenter: NotificationCenter.registerListenerInternal():378 Listener feu@bebcaf3 is already registered for notification class djk
04-13 11:40:53.209  1180  1403 E NotificationCenter: NotificationCenter.registerListenerInternal():378 Listener feu@bebcaf3 is already registered for notification class djk
04-13 11:40:53.209  1180  1403 E NotificationCenter: NotificationCenter.registerListenerInternal():378 Listener feu@bebcaf3 is already registered for notification class djk
04-13 11:40:53.210  1180  1403 E NotificationCenter: NotificationCenter.registerListenerInternal():378 Listener feu@bebcaf3 is already registered for notification class djk
04-13 11:40:53.210  1180  1403 E NotificationCenter: NotificationCenter.registerListenerInternal():378 Listener feu@bebcaf3 is already registered for notification class djk
04-13 11:40:53.210  1180  1403 E NotificationCenter: NotificationCenter.registerListenerInternal():378 Listener feu@bebcaf3 is already registered for notification class djk
04-13 11:40:53.210  1180  1403 E NotificationCenter: NotificationCenter.registerListenerInternal():378 Listener feu@bebcaf3 is already registered for notification class djk
04-13 11:40:53.210  1180  1403 E NotificationCenter: NotificationCenter.registerListenerInternal():378 Listener feu@bebcaf3 is already registered for notification class djk
04-13 11:40:53.211  1180  1403 E NotificationCenter: NotificationCenter.registerListenerInternal():378 Listener feu@bebcaf3 is already registered for notification class djk
04-13 11:40:53.212  1180  1403 E NotificationCenter: NotificationCenter.registerListenerInternal():378 Listener feu@bebcaf3 is already registered for notification class djk
04-13 11:40:53.212  1180  1403 E NotificationCenter: NotificationCenter.registerListenerInternal():378 Listener feu@bebcaf3 is already registered for notification class djk
04-13 11:40:53.212  1180  1403 E NotificationCenter: NotificationCenter.registerListenerInternal():378 Listener feu@bebcaf3 is already registered for notification class djk
04-13 11:40:53.212  1180  1403 E NotificationCenter: NotificationCenter.registerListenerInternal():378 Listener feu@bebcaf3 is already registered for notification class djk
04-13 11:40:53.212  1180  1403 E NotificationCenter: NotificationCenter.registerListenerInternal():378 Listener feu@bebcaf3 is already registered for notification class djk
04-13 11:40:53.212  1180  1403 E NotificationCenter: NotificationCenter.registerListenerInternal():378 Listener feu@bebcaf3 is already registered for notification class djk
04-13 11:40:53.212  1180  1403 E NotificationCenter: NotificationCenter.registerListenerInternal():378 Listener feu@bebcaf3 is already registered for notification class djk
04-13 11:40:53.212  1180  1403 E NotificationCenter: NotificationCenter.registerListenerInternal():378 Listener feu@bebcaf3 is already registered for notification class djk
04-13 11:40:53.213  1180  1403 E NotificationCenter: NotificationCenter.registerListenerInternal():378 Listener feu@bebcaf3 is already registered for notification class djk
04-13 11:40:53.213  1180  1403 E NotificationCenter: NotificationCenter.registerListenerInternal():378 Listener feu@bebcaf3 is already registered for notification class djk
04-13 11:40:53.213  1180  1403 E NotificationCenter: NotificationCenter.registerListenerInternal():378 Listener feu@bebcaf3 is already registered for notification class djk
04-13 11:40:53.213  1180  1403 E NotificationCenter: NotificationCenter.registerListenerInternal():378 Listener feu@bebcaf3 is already registered for notification class djk
04-13 11:40:53.213  1180  1403 E NotificationCenter: NotificationCenter.registerListenerInternal():378 Listener feu@bebcaf3 is already registered for notification class djk
04-13 11:40:53.213  1180  1403 E NotificationCenter: NotificationCenter.registerListenerInternal():378 Listener feu@bebcaf3 is already registered for notification class djk
04-13 11:40:53.213  1180  1403 E NotificationCenter: NotificationCenter.registerListenerInternal():378 Listener feu@bebcaf3 is already registered for notification class djk
04-13 11:40:53.214  1180  1403 E NotificationCenter: NotificationCenter.registerListenerInternal():378 Listener feu@bebcaf3 is already registered for notification class djk
04-13 11:40:53.214  1180  1403 E NotificationCenter: NotificationCenter.registerListenerInternal():378 Listener feu@bebcaf3 is already registered for notification class djk
04-13 11:40:53.214  1180  1403 E NotificationCenter: NotificationCenter.registerListenerInternal():378 Listener feu@bebcaf3 is already registered for notification class djk
04-13 11:40:53.214  1180  1403 E NotificationCenter: NotificationCenter.registerListenerInternal():378 Listener feu@bebcaf3 is already registered for notification class djk
04-13 11:40:53.214  1180  1403 E NotificationCenter: NotificationCenter.registerListenerInternal():378 Listener feu@bebcaf3 is already registered for notification class djk
04-13 11:40:53.216  1180  1403 E NotificationCenter: NotificationCenter.registerListenerInternal():378 Listener feu@bebcaf3 is already registered for notification class djk
04-13 11:40:53.216  1180  1403 E NotificationCenter: NotificationCenter.registerListenerInternal():378 Listener feu@bebcaf3 is already registered for notification class djk
04-13 11:40:53.216  1180  1403 E NotificationCenter: NotificationCenter.registerListenerInternal():378 Listener feu@bebcaf3 is already registered for notification class djk
04-13 11:40:53.216  1180  1403 E NotificationCenter: NotificationCenter.registerListenerInternal():378 Listener feu@bebcaf3 is already registered for notification class djk
04-13 11:40:53.216  1180  1403 E NotificationCenter: NotificationCenter.registerListenerInternal():378 Listener feu@bebcaf3 is already registered for notification class djk
04-13 11:40:53.216  1180  1403 E NotificationCenter: NotificationCenter.registerListenerInternal():378 Listener feu@bebcaf3 is already registered for notification class djk
04-13 11:40:53.216  1180  1403 E NotificationCenter: NotificationCenter.registerListenerInternal():378 Listener feu@bebcaf3 is already registered for notification class djk
04-13 11:40:53.217  1180  1403 E NotificationCenter: NotificationCenter.registerListenerInternal():378 Listener feu@bebcaf3 is already registered for notification class djk
04-13 11:40:53.217  1180  1403 E NotificationCenter: NotificationCenter.registerListenerInternal():378 Listener feu@bebcaf3 is already registered for notification class djk
04-13 11:40:53.217  1180  1403 E NotificationCenter: NotificationCenter.registerListenerInternal():378 Listener feu@bebcaf3 is already registered for notification class djk
04-13 11:40:53.217  1180  1403 E NotificationCenter: NotificationCenter.registerListenerInternal():378 Listener feu@bebcaf3 is already registered for notification class djk
04-13 11:40:53.218  1180  1403 E NotificationCenter: NotificationCenter.registerListenerInternal():378 Listener feu@bebcaf3 is already registered for notification class djk
04-13 11:40:53.218  1180  1403 E NotificationCenter: NotificationCenter.registerListenerInternal():378 Listener feu@bebcaf3 is already registered for notification class djk
04-13 11:40:53.218  1180  1403 E NotificationCenter: NotificationCenter.registerListenerInternal():378 Listener feu@bebcaf3 is already registered for notification class djk
04-13 11:40:53.218  1180  1403 E NotificationCenter: NotificationCenter.registerListenerInternal():378 Listener feu@bebcaf3 is already registered for notification class djk
04-13 11:40:53.218  1180  1403 E NotificationCenter: NotificationCenter.registerListenerInternal():378 Listener feu@bebcaf3 is already registered for notification class djk
04-13 11:40:53.219  1180  1403 E NotificationCenter: NotificationCenter.registerListenerInternal():378 Listener feu@bebcaf3 is already registered for notification class djk
04-13 11:40:53.219  1180  1403 E NotificationCenter: NotificationCenter.registerListenerInternal():378 Listener feu@bebcaf3 is already registered for notification class djk
04-13 11:40:53.219  1180  1403 E NotificationCenter: NotificationCenter.registerListenerInternal():378 Listener feu@bebcaf3 is already registered for notification class djk
04-13 11:40:53.219  1180  1403 E NotificationCenter: NotificationCenter.registerListenerInternal():378 Listener feu@bebcaf3 is already registered for notification class djk
04-13 11:40:53.219  1180  1403 E NotificationCenter: NotificationCenter.registerListenerInternal():378 Listener feu@bebcaf3 is already registered for notification class djk
04-13 11:40:53.220  1180  1403 E NotificationCenter: NotificationCenter.registerListenerInternal():378 Listener feu@bebcaf3 is already registered for notification class djk
04-13 11:40:53.220  1180  1403 E NotificationCenter: NotificationCenter.registerListenerInternal():378 Listener feu@bebcaf3 is already registered for notification class djk
04-13 11:40:53.220  1180  1403 E NotificationCenter: NotificationCenter.registerListenerInternal():378 Listener feu@bebcaf3 is already registered for notification class djk
04-13 11:40:53.390  1426  1426 E roid.play.games: Not starting debugger since process cannot load the jdwp agent.
04-13 11:40:53.573  1442  1442 E gle.android.gms: Not starting debugger since process cannot load the jdwp agent.
04-13 11:40:53.627  1225  1399 E MediaCodec: Media Quality Service not found.
04-13 11:40:53.629  1225  1439 E FuseDaemon: Failed to query component interface for required system resources: 6
04-13 11:40:53.691  1180  1180 E GoogleInputMethodService: GoogleInputMethodService.getEditorInfo():1852 EditorInfo should never be null.
04-13 11:40:53.721  1090  1458 E ashmem  : Pinning is deprecated since Android Q. Please use trim or other methods.
04-13 11:40:53.770  1485  1485 E .localtransport: Not starting debugger since process cannot load the jdwp agent.
04-13 11:40:53.828  1180  1180 E GoogleInputMethodService: GoogleInputMethodService.getEditorInfo():1852 EditorInfo should never be null.
04-13 11:40:53.946  1225  1416 E FuseDaemon: Leveldb setup is missing for: internal
04-13 11:40:53.979  1485  1485 E ashmem  : Pinning is deprecated since Android Q. Please use trim or other methods.
04-13 11:40:54.082  1225  1416 E FuseDaemon: Leveldb setup is missing for: external_primary
04-13 11:40:54.114   645   846 E uwb     : uwb_uci_jni_rust::helper: Java_com_android_server_uwb_jni_NativeUwbManager_nativeSetCountryCode failed with Timeout
04-13 11:40:54.172   645   846 E uwb     : uwb_uci_jni_rust::dispatcher: UCI JNI: Dispatcher already exists when trying to create.
04-13 11:40:54.172   645   846 E uwb     : uwb_uci_jni_rust::helper: Java_com_android_server_uwb_jni_NativeUwbManager_nativeDispatcherNew failed with BadParameters
04-13 11:40:54.173   645   846 E uwb     : uwb_uci_jni_rust::helper: Java_com_android_server_uwb_jni_NativeUwbManager_nativeDoInitialize failed with BadParameters
04-13 11:40:54.173   645   846 E UwbServiceCore: Error enabling UWB
04-13 11:40:54.230   645   846 E uwb     : uwb_uci_jni_rust::dispatcher: UCI JNI: Dispatcher already exists when trying to create.
04-13 11:40:54.230   645   846 E uwb     : uwb_uci_jni_rust::helper: Java_com_android_server_uwb_jni_NativeUwbManager_nativeDispatcherNew failed with BadParameters
04-13 11:40:54.237   645   846 E uwb     : uwb_uci_jni_rust::helper: Java_com_android_server_uwb_jni_NativeUwbManager_nativeDoInitialize failed with BadParameters
04-13 11:40:54.237   645   846 E UwbServiceCore: Error enabling UWB
04-13 11:40:54.304  1225  1416 E FuseDaemon: Leveldb setup is missing for: ownership
04-13 11:40:54.323  1180  1415 E MDDTaskScheduler: MDDTaskScheduler.scheduleDownload():191 work Data {charging : false, mdd_task_tag : download, network : false} scheduled
04-13 11:40:54.454  1225  1416 E FuseDaemon: Leveldb setup is missing for: 0000-0000
04-13 11:40:54.693  1426  1537 E ashmem  : Pinning is deprecated since Android Q. Please use trim or other methods.
04-13 11:40:54.737  1205  1512 E ashmem  : Pinning is deprecated since Android Q. Please use trim or other methods.
04-13 11:40:55.176   645   672 E Parcel  : Reading a NULL string not supported here.
04-13 11:40:55.176   645   672 E ARProxy : Unknown descriptor: 
04-13 11:40:55.345  1426  1594 E GAv4-SVC: Device AnalyticsService not registered! Hits will not be delivered reliably.
04-13 11:40:55.496  1442  1464 E ashmem  : Pinning is deprecated since Android Q. Please use trim or other methods.
04-13 11:40:55.539   990   990 E DiskReceiver: Missing fsUuid, not launching activity.
04-13 11:40:55.542   990   990 E DiskReceiver: Missing fsUuid, not launching activity.
04-13 11:40:55.972  1227  1227 E TVNotifService.NotifMgr: Cannot show unshown notifications, notification service is null
04-13 11:40:56.049  1643  1643 E id.providers.tv: Not starting debugger since process cannot load the jdwp agent.
04-13 11:40:56.265  1180  1616 E chromium: [0413/114056.238659:ERROR:net/disk_cache/simple/simple_version_upgrade.cc:118] Disk cache backend fake index file has wrong size.
04-13 11:40:56.265  1180  1616 E chromium: [0413/114056.265855:ERROR:net/disk_cache/simple/simple_backend_impl.cc:750] Simple Cache Backend: wrong file structure on disk: 10 path: /data/user/0/com.google.android.inputmethod.latin/cache/cronet_cache/disk_cache
04-13 11:40:56.288  1442  1651 E SystemUpdate: [UUC,UucClient] Device is unmanaged or unauthorized to report UpdateControlState: CONTROL_STATE_UNSPECIFIED
04-13 11:40:56.358  1657  1657 E droid.dynsystem: Not starting debugger since process cannot load the jdwp agent.
04-13 11:40:56.399  1241  1372 E ContinueWatchingRepository: Failed to refresh TVOD play next data.
04-13 11:40:56.472  1426  1663 E roid.play.games: No package ID 76 found for resource ID 0x760b0013.
04-13 11:40:56.537  1205  1640 E katniss_interactor_LoadCastServiceInfoTaskImpl: unable to connect to cast service
04-13 11:40:56.537  1205  1640 E katniss_interactor_LoadCastServiceInfoTaskImpl: java.net.ConnectException: Failed to connect to localhost/127.0.0.1:8008
04-13 11:40:56.537  1205  1640 E katniss_interactor_LoadCastServiceInfoTaskImpl: 	at com.android.okhttp.internal.io.RealConnection.connectSocket(RealConnection.java:147)
04-13 11:40:56.537  1205  1640 E katniss_interactor_LoadCastServiceInfoTaskImpl: 	at com.android.okhttp.internal.io.RealConnection.connect(RealConnection.java:116)
04-13 11:40:56.537  1205  1640 E katniss_interactor_LoadCastServiceInfoTaskImpl: 	at com.android.okhttp.internal.http.StreamAllocation.findConnection(StreamAllocation.java:186)
04-13 11:40:56.537  1205  1640 E katniss_interactor_LoadCastServiceInfoTaskImpl: 	at com.android.okhttp.internal.http.StreamAllocation.findHealthyConnection(StreamAllocation.java:128)
04-13 11:40:56.537  1205  1640 E katniss_interactor_LoadCastServiceInfoTaskImpl: 	at com.android.okhttp.internal.http.StreamAllocation.newStream(StreamAllocation.java:97)
04-13 11:40:56.537  1205  1640 E katniss_interactor_LoadCastServiceInfoTaskImpl: 	at com.android.okhttp.internal.http.HttpEngine.connect(HttpEngine.java:289)
04-13 11:40:56.537  1205  1640 E katniss_interactor_LoadCastServiceInfoTaskImpl: 	at com.android.okhttp.internal.http.HttpEngine.sendRequest(HttpEngine.java:232)
04-13 11:40:56.537  1205  1640 E katniss_interactor_LoadCastServiceInfoTaskImpl: 	at com.android.okhttp.internal.huc.HttpURLConnectionImpl.execute(HttpURLConnectionImpl.java:465)
04-13 11:40:56.537  1205  1640 E katniss_interactor_LoadCastServiceInfoTaskImpl: 	at com.android.okhttp.internal.huc.HttpURLConnectionImpl.getResponse(HttpURLConnectionImpl.java:411)
04-13 11:40:56.537  1205  1640 E katniss_interactor_LoadCastServiceInfoTaskImpl: 	at com.android.okhttp.internal.huc.HttpURLConnectionImpl.getResponseCode(HttpURLConnectionImpl.java:542)
04-13 11:40:56.537  1205  1640 E katniss_interactor_LoadCastServiceInfoTaskImpl: 	at fei.b(PG:27)
04-13 11:40:56.537  1205  1640 E katniss_interactor_LoadCastServiceInfoTaskImpl: 	at ahkn.e(PG:12)
04-13 11:40:56.537  1205  1640 E katniss_interactor_LoadCastServiceInfoTaskImpl: 	at ahth.run(PG:107)
04-13 11:40:56.537  1205  1640 E katniss_interactor_LoadCastServiceInfoTaskImpl: 	at wgh.run(PG:3)
04-13 11:40:56.537  1205  1640 E katniss_interactor_LoadCastServiceInfoTaskImpl: 	at xjc.run(PG:13)
04-13 11:40:56.537  1205  1640 E katniss_interactor_LoadCastServiceInfoTaskImpl: 	at mgt.run(PG:7)
04-13 11:40:56.537  1205  1640 E katniss_interactor_LoadCastServiceInfoTaskImpl: 	at java.util.concurrent.ThreadPoolExecutor.runWorker(ThreadPoolExecutor.java:1156)
04-13 11:40:56.537  1205  1640 E katniss_interactor_LoadCastServiceInfoTaskImpl: 	at java.util.concurrent.ThreadPoolExecutor$Worker.run(ThreadPoolExecutor.java:651)
04-13 11:40:56.537  1205  1640 E katniss_interactor_LoadCastServiceInfoTaskImpl: 	at mfw.run(PG:6)
04-13 11:40:56.537  1205  1640 E katniss_interactor_LoadCastServiceInfoTaskImpl: 	at java.lang.Thread.run(Thread.java:1119)
04-13 11:40:56.537  1205  1640 E katniss_interactor_LoadCastServiceInfoTaskImpl: 	at mia.run(PG:61)
04-13 11:40:56.600  1205  1676 E GoogleApiManager: Failed to get service from broker. 
04-13 11:40:56.600  1205  1676 E GoogleApiManager: java.lang.SecurityException: Unknown calling package name 'com.google.android.gms'.
04-13 11:40:56.600  1205  1676 E GoogleApiManager: 	at android.os.Parcel.createExceptionOrNull(Parcel.java:3340)
04-13 11:40:56.600  1205  1676 E GoogleApiManager: 	at android.os.Parcel.createException(Parcel.java:3324)
04-13 11:40:56.600  1205  1676 E GoogleApiManager: 	at android.os.Parcel.readException(Parcel.java:3307)
04-13 11:40:56.600  1205  1676 E GoogleApiManager: 	at android.os.Parcel.readException(Parcel.java:3249)
04-13 11:40:56.600  1205  1676 E GoogleApiManager: 	at ahvg.a(:com.google.android.gms@261332130@26.13.32 (270700-895912391):36)
04-13 11:40:56.600  1205  1676 E GoogleApiManager: 	at ahth.t(:com.google.android.gms@261332130@26.13.32 (270700-895912391):143)
04-13 11:40:56.600  1205  1676 E GoogleApiManager: 	at ahas.run(:com.google.android.gms@261332130@26.13.32 (270700-895912391):42)
04-13 11:40:56.600  1205  1676 E GoogleApiManager: 	at android.os.Handler.handleCallback(Handler.java:995)
04-13 11:40:56.600  1205  1676 E GoogleApiManager: 	at android.os.Handler.dispatchMessage(Handler.java:103)
04-13 11:40:56.600  1205  1676 E GoogleApiManager: 	at bccm.ih(:com.google.android.gms@261332130@26.13.32 (270700-895912391):1)
04-13 11:40:56.600  1205  1676 E GoogleApiManager: 	at bccm.dispatchMessage(:com.google.android.gms@261332130@26.13.32 (270700-895912391):5)
04-13 11:40:56.600  1205  1676 E GoogleApiManager: 	at android.os.Looper.loopOnce(Looper.java:248)
04-13 11:40:56.600  1205  1676 E GoogleApiManager: 	at android.os.Looper.loop(Looper.java:338)
04-13 11:40:56.600  1205  1676 E GoogleApiManager: 	at android.os.HandlerThread.run(HandlerThread.java:85)
04-13 11:40:56.616  1643  1696 E ashmem  : Pinning is deprecated since Android Q. Please use trim or other methods.
04-13 11:40:56.690  1442  1589 E native_loader: Java_hotLoad not found!
04-13 11:40:56.691  1442  1589 E NativeHotLoader: Failed to hotload library '/data/app/~~tcy9nFS-CEsg5xXGNeYP5Q==/com.google.android.gms-gaDC_Th0SivVIItG4_Uz8g==/base.apk!/lib/x86/libgmscore.so'. [CONTEXT service_id=447 ]
04-13 11:40:56.762  1180  1415 E FlagManager: FlagManager.setFlagValue():661 Unknown type for flag: server_token{type=String, finalValue=, DEFAULT=}
04-13 11:40:57.054  1713  1713 E ystem:dynsystem: Not starting debugger since process cannot load the jdwp agent.
04-13 11:40:57.095  1709  1709 E gedprovisioning: Not starting debugger since process cannot load the jdwp agent.
04-13 11:40:57.309   645   740 E WindowManager: Display reconfigured outside of a transition: Display{#0 state=ON size=1280x720 ROTATION_0}
04-13 11:40:57.406  1241  1241 E Clearcut-EventLogger: Unexpected log parameter notification_indicator_total
04-13 11:40:57.409  1090  1747 E CastAuth: [CastAuthModuleInitIntent] Feature is not available, reason = CastAuth feature is disabled on this 1p device.. [CONTEXT service_id=360 ]
04-13 11:40:57.452  1241  1241 E Clearcut-EventLogger: Unexpected log parameter shown_channel_count
04-13 11:40:57.514  1241  1241 E Clearcut-EventLogger: Unexpected log parameter notification_indicator_total
04-13 11:40:57.699  1205  1639 E katniss_interactor_LoadCastServiceInfoTaskImpl: unable to connect to cast service
04-13 11:40:57.699  1205  1639 E katniss_interactor_LoadCastServiceInfoTaskImpl: java.net.ConnectException: Failed to connect to localhost/127.0.0.1:8008
04-13 11:40:57.699  1205  1639 E katniss_interactor_LoadCastServiceInfoTaskImpl: 	at com.android.okhttp.internal.io.RealConnection.connectSocket(RealConnection.java:147)
04-13 11:40:57.699  1205  1639 E katniss_interactor_LoadCastServiceInfoTaskImpl: 	at com.android.okhttp.internal.io.RealConnection.connect(RealConnection.java:116)
04-13 11:40:57.699  1205  1639 E katniss_interactor_LoadCastServiceInfoTaskImpl: 	at com.android.okhttp.internal.http.StreamAllocation.findConnection(StreamAllocation.java:186)
04-13 11:40:57.699  1205  1639 E katniss_interactor_LoadCastServiceInfoTaskImpl: 	at com.android.okhttp.internal.http.StreamAllocation.findHealthyConnection(StreamAllocation.java:128)
04-13 11:40:57.699  1205  1639 E katniss_interactor_LoadCastServiceInfoTaskImpl: 	at com.android.okhttp.internal.http.StreamAllocation.newStream(StreamAllocation.java:97)
04-13 11:40:57.699  1205  1639 E katniss_interactor_LoadCastServiceInfoTaskImpl: 	at com.android.okhttp.internal.http.HttpEngine.connect(HttpEngine.java:289)
04-13 11:40:57.699  1205  1639 E katniss_interactor_LoadCastServiceInfoTaskImpl: 	at com.android.okhttp.internal.http.HttpEngine.sendRequest(HttpEngine.java:232)
04-13 11:40:57.699  1205  1639 E katniss_interactor_LoadCastServiceInfoTaskImpl: 	at com.android.okhttp.internal.huc.HttpURLConnectionImpl.execute(HttpURLConnectionImpl.java:465)
04-13 11:40:57.699  1205  1639 E katniss_interactor_LoadCastServiceInfoTaskImpl: 	at com.android.okhttp.internal.huc.HttpURLConnectionImpl.getResponse(HttpURLConnectionImpl.java:411)
04-13 11:40:57.699  1205  1639 E katniss_interactor_LoadCastServiceInfoTaskImpl: 	at com.android.okhttp.internal.huc.HttpURLConnectionImpl.getResponseCode(HttpURLConnectionImpl.java:542)
04-13 11:40:57.699  1205  1639 E katniss_interactor_LoadCastServiceInfoTaskImpl: 	at fei.b(PG:27)
04-13 11:40:57.699  1205  1639 E katniss_interactor_LoadCastServiceInfoTaskImpl: 	at ahkn.e(PG:12)
04-13 11:40:57.699  1205  1639 E katniss_interactor_LoadCastServiceInfoTaskImpl: 	at ahth.run(PG:107)
04-13 11:40:57.699  1205  1639 E katniss_interactor_LoadCastServiceInfoTaskImpl: 	at wgh.run(PG:3)
04-13 11:40:57.699  1205  1639 E katniss_interactor_LoadCastServiceInfoTaskImpl: 	at xjc.run(PG:13)
04-13 11:40:57.699  1205  1639 E katniss_interactor_LoadCastServiceInfoTaskImpl: 	at mgt.run(PG:7)
04-13 11:40:57.699  1205  1639 E katniss_interactor_LoadCastServiceInfoTaskImpl: 	at java.util.concurrent.ThreadPoolExecutor.runWorker(ThreadPoolExecutor.java:1156)
04-13 11:40:57.699  1205  1639 E katniss_interactor_LoadCastServiceInfoTaskImpl: 	at java.util.concurrent.ThreadPoolExecutor$Worker.run(ThreadPoolExecutor.java:651)
04-13 11:40:57.699  1205  1639 E katniss_interactor_LoadCastServiceInfoTaskImpl: 	at mfw.run(PG:6)
04-13 11:40:57.699  1205  1639 E katniss_interactor_LoadCastServiceInfoTaskImpl: 	at java.lang.Thread.run(Thread.java:1119)
04-13 11:40:57.699  1205  1639 E katniss_interactor_LoadCastServiceInfoTaskImpl: 	at mia.run(PG:61)
04-13 11:40:57.714  1205  1635 E katniss_interactor_LoadCastServiceInfoTaskImpl: unable to connect to cast service
04-13 11:40:57.714  1205  1635 E katniss_interactor_LoadCastServiceInfoTaskImpl: java.net.ConnectException: Failed to connect to localhost/127.0.0.1:8008
04-13 11:40:57.714  1205  1635 E katniss_interactor_LoadCastServiceInfoTaskImpl: 	at com.android.okhttp.internal.io.RealConnection.connectSocket(RealConnection.java:147)
04-13 11:40:57.714  1205  1635 E katniss_interactor_LoadCastServiceInfoTaskImpl: 	at com.android.okhttp.internal.io.RealConnection.connect(RealConnection.java:116)
04-13 11:40:57.714  1205  1635 E katniss_interactor_LoadCastServiceInfoTaskImpl: 	at com.android.okhttp.internal.http.StreamAllocation.findConnection(StreamAllocation.java:186)
04-13 11:40:57.714  1205  1635 E katniss_interactor_LoadCastServiceInfoTaskImpl: 	at com.android.okhttp.internal.http.StreamAllocation.findHealthyConnection(StreamAllocation.java:128)
04-13 11:40:57.714  1205  1635 E katniss_interactor_LoadCastServiceInfoTaskImpl: 	at com.android.okhttp.internal.http.StreamAllocation.newStream(StreamAllocation.java:97)
04-13 11:40:57.714  1205  1635 E katniss_interactor_LoadCastServiceInfoTaskImpl: 	at com.android.okhttp.internal.http.HttpEngine.connect(HttpEngine.java:289)
04-13 11:40:57.714  1205  1635 E katniss_interactor_LoadCastServiceInfoTaskImpl: 	at com.android.okhttp.internal.http.HttpEngine.sendRequest(HttpEngine.java:232)
04-13 11:40:57.714  1205  1635 E katniss_interactor_LoadCastServiceInfoTaskImpl: 	at com.android.okhttp.internal.huc.HttpURLConnectionImpl.execute(HttpURLConnectionImpl.java:465)
04-13 11:40:57.714  1205  1635 E katniss_interactor_LoadCastServiceInfoTaskImpl: 	at com.android.okhttp.internal.huc.HttpURLConnectionImpl.getResponse(HttpURLConnectionImpl.java:411)
04-13 11:40:57.714  1205  1635 E katniss_interactor_LoadCastServiceInfoTaskImpl: 	at com.android.okhttp.internal.huc.HttpURLConnectionImpl.getResponseCode(HttpURLConnectionImpl.java:542)
04-13 11:40:57.714  1205  1635 E katniss_interactor_LoadCastServiceInfoTaskImpl: 	at fei.b(PG:27)
04-13 11:40:57.714  1205  1635 E katniss_interactor_LoadCastServiceInfoTaskImpl: 	at ahkn.e(PG:12)
04-13 11:40:57.714  1205  1635 E katniss_interactor_LoadCastServiceInfoTaskImpl: 	at ahth.run(PG:107)
04-13 11:40:57.714  1205  1635 E katniss_interactor_LoadCastServiceInfoTaskImpl: 	at wgh.run(PG:3)
04-13 11:40:57.714  1205  1635 E katniss_interactor_LoadCastServiceInfoTaskImpl: 	at xjc.run(PG:13)
04-13 11:40:57.714  1205  1635 E katniss_interactor_LoadCastServiceInfoTaskImpl: 	at mgt.run(PG:7)
04-13 11:40:57.714  1205  1635 E katniss_interactor_LoadCastServiceInfoTaskImpl: 	at java.util.concurrent.ThreadPoolExecutor.runWorker(ThreadPoolExecutor.java:1156)
04-13 11:40:57.714  1205  1635 E katniss_interactor_LoadCastServiceInfoTaskImpl: 	at java.util.concurrent.ThreadPoolExecutor$Worker.run(ThreadPoolExecutor.java:651)
04-13 11:40:57.714  1205  1635 E katniss_interactor_LoadCastServiceInfoTaskImpl: 	at mfw.run(PG:6)
04-13 11:40:57.714  1205  1635 E katniss_interactor_LoadCastServiceInfoTaskImpl: 	at java.lang.Thread.run(Thread.java:1119)
04-13 11:40:57.714  1205  1635 E katniss_interactor_LoadCastServiceInfoTaskImpl: 	at mia.run(PG:61)
04-13 11:40:57.884  1241  1372 E FeaturedCarouselServerDataManager: Header Message case was not valid and will not be added: HEADERMESSAGE_NOT_SET
04-13 11:40:57.989  1241  1372 E FeaturedCarouselServerDataManager: Header Message case was not valid and will not be added: HEADERMESSAGE_NOT_SET
04-13 11:40:57.989  1241  1372 E FeaturedCarouselServerDataManager: Header Message case was not valid and will not be added: HEADERMESSAGE_NOT_SET
04-13 11:40:57.989  1241  1372 E FeaturedCarouselServerDataManager: Header Message case was not valid and will not be added: HEADERMESSAGE_NOT_SET
04-13 11:40:57.989  1241  1372 E FeaturedCarouselServerDataManager: Header Message case was not valid and will not be added: HEADERMESSAGE_NOT_SET
04-13 11:40:58.127  1709  1709 E ashmem  : Pinning is deprecated since Android Q. Please use trim or other methods.
04-13 11:40:58.238  1785  1785 E viders.calendar: Not starting debugger since process cannot load the jdwp agent.
04-13 11:40:58.360  1442  1681 E gle.android.gms: hiddenapi: Accessing hidden method Landroid/net/ConnectivityManager;->isNetworkTypeMobile(I)Z (runtime_flags=0, domain=platform, api=max-target-p) from Lanzg; (domain=app) using reflection: denied
04-13 11:40:58.360  1442  1681 E gle.android.gms: hiddenapi: Accessing hidden method Landroid/os/PowerManager;->isLightDeviceIdleMode()Z (runtime_flags=0, domain=platform, api=max-target-s) from Lanzg; (domain=app) using reflection: denied
04-13 11:40:58.509  1090  1090 E .gms.persistent: hiddenapi: Accessing hidden method Landroid/net/ConnectivityManager;->isNetworkTypeMobile(I)Z (runtime_flags=0, domain=platform, api=max-target-p) from Lanzg; (domain=app) using reflection: denied
04-13 11:40:58.510  1090  1090 E .gms.persistent: hiddenapi: Accessing hidden method Landroid/os/PowerManager;->isLightDeviceIdleMode()Z (runtime_flags=0, domain=platform, api=max-target-s) from Lanzg; (domain=app) using reflection: denied
04-13 11:40:58.728  1205  1635 E katniss_interactor_LoadCastServiceInfoTaskImpl: unable to connect to cast service
04-13 11:40:58.728  1205  1635 E katniss_interactor_LoadCastServiceInfoTaskImpl: java.net.ConnectException: Failed to connect to localhost/127.0.0.1:8008
04-13 11:40:58.728  1205  1635 E katniss_interactor_LoadCastServiceInfoTaskImpl: 	at com.android.okhttp.internal.io.RealConnection.connectSocket(RealConnection.java:147)
04-13 11:40:58.728  1205  1635 E katniss_interactor_LoadCastServiceInfoTaskImpl: 	at com.android.okhttp.internal.io.RealConnection.connect(RealConnection.java:116)
04-13 11:40:58.728  1205  1635 E katniss_interactor_LoadCastServiceInfoTaskImpl: 	at com.android.okhttp.internal.http.StreamAllocation.findConnection(StreamAllocation.java:186)
04-13 11:40:58.728  1205  1635 E katniss_interactor_LoadCastServiceInfoTaskImpl: 	at com.android.okhttp.internal.http.StreamAllocation.findHealthyConnection(StreamAllocation.java:128)
04-13 11:40:58.728  1205  1635 E katniss_interactor_LoadCastServiceInfoTaskImpl: 	at com.android.okhttp.internal.http.StreamAllocation.newStream(StreamAllocation.java:97)
04-13 11:40:58.728  1205  1635 E katniss_interactor_LoadCastServiceInfoTaskImpl: 	at com.android.okhttp.internal.http.HttpEngine.connect(HttpEngine.java:289)
04-13 11:40:58.728  1205  1635 E katniss_interactor_LoadCastServiceInfoTaskImpl: 	at com.android.okhttp.internal.http.HttpEngine.sendRequest(HttpEngine.java:232)
04-13 11:40:58.728  1205  1635 E katniss_interactor_LoadCastServiceInfoTaskImpl: 	at com.android.okhttp.internal.huc.HttpURLConnectionImpl.execute(HttpURLConnectionImpl.java:465)
04-13 11:40:58.728  1205  1635 E katniss_interactor_LoadCastServiceInfoTaskImpl: 	at com.android.okhttp.internal.huc.HttpURLConnectionImpl.getResponse(HttpURLConnectionImpl.java:411)
04-13 11:40:58.728  1205  1635 E katniss_interactor_LoadCastServiceInfoTaskImpl: 	at com.android.okhttp.internal.huc.HttpURLConnectionImpl.getResponseCode(HttpURLConnectionImpl.java:542)
04-13 11:40:58.728  1205  1635 E katniss_interactor_LoadCastServiceInfoTaskImpl: 	at fei.b(PG:27)
04-13 11:40:58.728  1205  1635 E katniss_interactor_LoadCastServiceInfoTaskImpl: 	at ahkn.e(PG:12)
04-13 11:40:58.728  1205  1635 E katniss_interactor_LoadCastServiceInfoTaskImpl: 	at ahth.run(PG:107)
04-13 11:40:58.728  1205  1635 E katniss_interactor_LoadCastServiceInfoTaskImpl: 	at wgh.run(PG:3)
04-13 11:40:58.728  1205  1635 E katniss_interactor_LoadCastServiceInfoTaskImpl: 	at xjc.run(PG:13)
04-13 11:40:58.728  1205  1635 E katniss_interactor_LoadCastServiceInfoTaskImpl: 	at mgt.run(PG:7)
04-13 11:40:58.728  1205  1635 E katniss_interactor_LoadCastServiceInfoTaskImpl: 	at java.util.concurrent.ThreadPoolExecutor.runWorker(ThreadPoolExecutor.java:1156)
04-13 11:40:58.728  1205  1635 E katniss_interactor_LoadCastServiceInfoTaskImpl: 	at java.util.concurrent.ThreadPoolExecutor$Worker.run(ThreadPoolExecutor.java:651)
04-13 11:40:58.728  1205  1635 E katniss_interactor_LoadCastServiceInfoTaskImpl: 	at mfw.run(PG:6)
04-13 11:40:58.728  1205  1635 E katniss_interactor_LoadCastServiceInfoTaskImpl: 	at java.lang.Thread.run(Thread.java:1119)
04-13 11:40:58.728  1205  1635 E katniss_interactor_LoadCastServiceInfoTaskImpl: 	at mia.run(PG:61)
04-13 11:40:58.751  1205  1639 E katniss_interactor_LoadCastServiceInfoTaskImpl: unable to connect to cast service
04-13 11:40:58.751  1205  1639 E katniss_interactor_LoadCastServiceInfoTaskImpl: java.net.ConnectException: Failed to connect to localhost/127.0.0.1:8008
04-13 11:40:58.751  1205  1639 E katniss_interactor_LoadCastServiceInfoTaskImpl: 	at com.android.okhttp.internal.io.RealConnection.connectSocket(RealConnection.java:147)
04-13 11:40:58.751  1205  1639 E katniss_interactor_LoadCastServiceInfoTaskImpl: 	at com.android.okhttp.internal.io.RealConnection.connect(RealConnection.java:116)
04-13 11:40:58.751  1205  1639 E katniss_interactor_LoadCastServiceInfoTaskImpl: 	at com.android.okhttp.internal.http.StreamAllocation.findConnection(StreamAllocation.java:186)
04-13 11:40:58.751  1205  1639 E katniss_interactor_LoadCastServiceInfoTaskImpl: 	at com.android.okhttp.internal.http.StreamAllocation.findHealthyConnection(StreamAllocation.java:128)
04-13 11:40:58.751  1205  1639 E katniss_interactor_LoadCastServiceInfoTaskImpl: 	at com.android.okhttp.internal.http.StreamAllocation.newStream(StreamAllocation.java:97)
04-13 11:40:58.751  1205  1639 E katniss_interactor_LoadCastServiceInfoTaskImpl: 	at com.android.okhttp.internal.http.HttpEngine.connect(HttpEngine.java:289)
04-13 11:40:58.751  1205  1639 E katniss_interactor_LoadCastServiceInfoTaskImpl: 	at com.android.okhttp.internal.http.HttpEngine.sendRequest(HttpEngine.java:232)
04-13 11:40:58.751  1205  1639 E katniss_interactor_LoadCastServiceInfoTaskImpl: 	at com.android.okhttp.internal.huc.HttpURLConnectionImpl.execute(HttpURLConnectionImpl.java:465)
04-13 11:40:58.751  1205  1639 E katniss_interactor_LoadCastServiceInfoTaskImpl: 	at com.android.okhttp.internal.huc.HttpURLConnectionImpl.getResponse(HttpURLConnectionImpl.java:411)
04-13 11:40:58.751  1205  1639 E katniss_interactor_LoadCastServiceInfoTaskImpl: 	at com.android.okhttp.internal.huc.HttpURLConnectionImpl.getResponseCode(HttpURLConnectionImpl.java:542)
04-13 11:40:58.751  1205  1639 E katniss_interactor_LoadCastServiceInfoTaskImpl: 	at fei.b(PG:27)
04-13 11:40:58.751  1205  1639 E katniss_interactor_LoadCastServiceInfoTaskImpl: 	at ahkn.e(PG:12)
04-13 11:40:58.751  1205  1639 E katniss_interactor_LoadCastServiceInfoTaskImpl: 	at ahth.run(PG:107)
04-13 11:40:58.751  1205  1639 E katniss_interactor_LoadCastServiceInfoTaskImpl: 	at wgh.run(PG:3)
04-13 11:40:58.751  1205  1639 E katniss_interactor_LoadCastServiceInfoTaskImpl: 	at xjc.run(PG:13)
04-13 11:40:58.751  1205  1639 E katniss_interactor_LoadCastServiceInfoTaskImpl: 	at mgt.run(PG:7)
04-13 11:40:58.751  1205  1639 E katniss_interactor_LoadCastServiceInfoTaskImpl: 	at java.util.concurrent.ThreadPoolExecutor.runWorker(ThreadPoolExecutor.java:1156)
04-13 11:40:58.751  1205  1639 E katniss_interactor_LoadCastServiceInfoTaskImpl: 	at java.util.concurrent.ThreadPoolExecutor$Worker.run(ThreadPoolExecutor.java:651)
04-13 11:40:58.751  1205  1639 E katniss_interactor_LoadCastServiceInfoTaskImpl: 	at mfw.run(PG:6)
04-13 11:40:58.751  1205  1639 E katniss_interactor_LoadCastServiceInfoTaskImpl: 	at java.lang.Thread.run(Thread.java:1119)
04-13 11:40:58.751  1205  1639 E katniss_interactor_LoadCastServiceInfoTaskImpl: 	at mia.run(PG:61)
04-13 11:40:58.810  1785  1785 E ashmem  : Pinning is deprecated since Android Q. Please use trim or other methods.
04-13 11:40:59.044  1090  1752 E WorkSourceUtil: Could not find package: com.google.android.gms.westworld
04-13 11:40:59.045  1838  1838 E m.android.shell: Not starting debugger since process cannot load the jdwp agent.
04-13 11:40:59.380  1854  1854 E android.vending: Not starting debugger since process cannot load the jdwp agent.
04-13 11:40:59.688  1442  1715 E SystemUpdate: [UUC,UucClient] Device is unmanaged or unauthorized to report UpdateControlState: CONTROL_STATE_UNSPECIFIED
04-13 11:40:59.768  1205  1639 E katniss_interactor_LoadCastServiceInfoTaskImpl: unable to connect to cast service
04-13 11:40:59.768  1205  1639 E katniss_interactor_LoadCastServiceInfoTaskImpl: java.net.ConnectException: Failed to connect to localhost/127.0.0.1:8008
04-13 11:40:59.768  1205  1639 E katniss_interactor_LoadCastServiceInfoTaskImpl: 	at com.android.okhttp.internal.io.RealConnection.connectSocket(RealConnection.java:147)
04-13 11:40:59.768  1205  1639 E katniss_interactor_LoadCastServiceInfoTaskImpl: 	at com.android.okhttp.internal.io.RealConnection.connect(RealConnection.java:116)
04-13 11:40:59.768  1205  1639 E katniss_interactor_LoadCastServiceInfoTaskImpl: 	at com.android.okhttp.internal.http.StreamAllocation.findConnection(StreamAllocation.java:186)
04-13 11:40:59.768  1205  1639 E katniss_interactor_LoadCastServiceInfoTaskImpl: 	at com.android.okhttp.internal.http.StreamAllocation.findHealthyConnection(StreamAllocation.java:128)
04-13 11:40:59.768  1205  1639 E katniss_interactor_LoadCastServiceInfoTaskImpl: 	at com.android.okhttp.internal.http.StreamAllocation.newStream(StreamAllocation.java:97)
04-13 11:40:59.768  1205  1639 E katniss_interactor_LoadCastServiceInfoTaskImpl: 	at com.android.okhttp.internal.http.HttpEngine.connect(HttpEngine.java:289)
04-13 11:40:59.768  1205  1639 E katniss_interactor_LoadCastServiceInfoTaskImpl: 	at com.android.okhttp.internal.http.HttpEngine.sendRequest(HttpEngine.java:232)
04-13 11:40:59.768  1205  1639 E katniss_interactor_LoadCastServiceInfoTaskImpl: 	at com.android.okhttp.internal.huc.HttpURLConnectionImpl.execute(HttpURLConnectionImpl.java:465)
04-13 11:40:59.768  1205  1639 E katniss_interactor_LoadCastServiceInfoTaskImpl: 	at com.android.okhttp.internal.huc.HttpURLConnectionImpl.getResponse(HttpURLConnectionImpl.java:411)
04-13 11:40:59.768  1205  1639 E katniss_interactor_LoadCastServiceInfoTaskImpl: 	at com.android.okhttp.internal.huc.HttpURLConnectionImpl.getResponseCode(HttpURLConnectionImpl.java:542)
04-13 11:40:59.768  1205  1639 E katniss_interactor_LoadCastServiceInfoTaskImpl: 	at fei.b(PG:27)
04-13 11:40:59.768  1205  1639 E katniss_interactor_LoadCastServiceInfoTaskImpl: 	at ahkn.e(PG:12)
04-13 11:40:59.768  1205  1639 E katniss_interactor_LoadCastServiceInfoTaskImpl: 	at ahth.run(PG:107)
04-13 11:40:59.768  1205  1639 E katniss_interactor_LoadCastServiceInfoTaskImpl: 	at wgh.run(PG:3)
04-13 11:40:59.768  1205  1639 E katniss_interactor_LoadCastServiceInfoTaskImpl: 	at xjc.run(PG:13)
04-13 11:40:59.768  1205  1639 E katniss_interactor_LoadCastServiceInfoTaskImpl: 	at mgt.run(PG:7)
04-13 11:40:59.768  1205  1639 E katniss_interactor_LoadCastServiceInfoTaskImpl: 	at java.util.concurrent.ThreadPoolExecutor.runWorker(ThreadPoolExecutor.java:1156)
04-13 11:40:59.768  1205  1639 E katniss_interactor_LoadCastServiceInfoTaskImpl: 	at java.util.concurrent.ThreadPoolExecutor$Worker.run(ThreadPoolExecutor.java:651)
04-13 11:40:59.768  1205  1639 E katniss_interactor_LoadCastServiceInfoTaskImpl: 	at mfw.run(PG:6)
04-13 11:40:59.768  1205  1639 E katniss_interactor_LoadCastServiceInfoTaskImpl: 	at java.lang.Thread.run(Thread.java:1119)
04-13 11:40:59.768  1205  1639 E katniss_interactor_LoadCastServiceInfoTaskImpl: 	at mia.run(PG:61)
04-13 11:40:59.783  1205  1639 E katniss_interactor_LoadCastServiceInfoTaskImpl: unable to connect to cast service
04-13 11:40:59.783  1205  1639 E katniss_interactor_LoadCastServiceInfoTaskImpl: java.net.ConnectException: Failed to connect to localhost/127.0.0.1:8008
04-13 11:40:59.783  1205  1639 E katniss_interactor_LoadCastServiceInfoTaskImpl: 	at com.android.okhttp.internal.io.RealConnection.connectSocket(RealConnection.java:147)
04-13 11:40:59.783  1205  1639 E katniss_interactor_LoadCastServiceInfoTaskImpl: 	at com.android.okhttp.internal.io.RealConnection.connect(RealConnection.java:116)
04-13 11:40:59.783  1205  1639 E katniss_interactor_LoadCastServiceInfoTaskImpl: 	at com.android.okhttp.internal.http.StreamAllocation.findConnection(StreamAllocation.java:186)
04-13 11:40:59.783  1205  1639 E katniss_interactor_LoadCastServiceInfoTaskImpl: 	at com.android.okhttp.internal.http.StreamAllocation.findHealthyConnection(StreamAllocation.java:128)
04-13 11:40:59.783  1205  1639 E katniss_interactor_LoadCastServiceInfoTaskImpl: 	at com.android.okhttp.internal.http.StreamAllocation.newStream(StreamAllocation.java:97)
04-13 11:40:59.783  1205  1639 E katniss_interactor_LoadCastServiceInfoTaskImpl: 	at com.android.okhttp.internal.http.HttpEngine.connect(HttpEngine.java:289)
04-13 11:40:59.783  1205  1639 E katniss_interactor_LoadCastServiceInfoTaskImpl: 	at com.android.okhttp.internal.http.HttpEngine.sendRequest(HttpEngine.java:232)
04-13 11:40:59.783  1205  1639 E katniss_interactor_LoadCastServiceInfoTaskImpl: 	at com.android.okhttp.internal.huc.HttpURLConnectionImpl.execute(HttpURLConnectionImpl.java:465)
04-13 11:40:59.783  1205  1639 E katniss_interactor_LoadCastServiceInfoTaskImpl: 	at com.android.okhttp.internal.huc.HttpURLConnectionImpl.getResponse(HttpURLConnectionImpl.java:411)
04-13 11:40:59.783  1205  1639 E katniss_interactor_LoadCastServiceInfoTaskImpl: 	at com.android.okhttp.internal.huc.HttpURLConnectionImpl.getResponseCode(HttpURLConnectionImpl.java:542)
04-13 11:40:59.783  1205  1639 E katniss_interactor_LoadCastServiceInfoTaskImpl: 	at fei.b(PG:27)
04-13 11:40:59.783  1205  1639 E katniss_interactor_LoadCastServiceInfoTaskImpl: 	at ahkn.e(PG:12)
04-13 11:40:59.783  1205  1639 E katniss_interactor_LoadCastServiceInfoTaskImpl: 	at ahth.run(PG:107)
04-13 11:40:59.783  1205  1639 E katniss_interactor_LoadCastServiceInfoTaskImpl: 	at wgh.run(PG:3)
04-13 11:40:59.783  1205  1639 E katniss_interactor_LoadCastServiceInfoTaskImpl: 	at xjc.run(PG:13)
04-13 11:40:59.783  1205  1639 E katniss_interactor_LoadCastServiceInfoTaskImpl: 	at mgt.run(PG:7)
04-13 11:40:59.783  1205  1639 E katniss_interactor_LoadCastServiceInfoTaskImpl: 	at java.util.concurrent.ThreadPoolExecutor.runWorker(ThreadPoolExecutor.java:1156)
04-13 11:40:59.783  1205  1639 E katniss_interactor_LoadCastServiceInfoTaskImpl: 	at java.util.concurrent.ThreadPoolExecutor$Worker.run(ThreadPoolExecutor.java:651)
04-13 11:40:59.783  1205  1639 E katniss_interactor_LoadCastServiceInfoTaskImpl: 	at mfw.run(PG:6)
04-13 11:40:59.783  1205  1639 E katniss_interactor_LoadCastServiceInfoTaskImpl: 	at java.lang.Thread.run(Thread.java:1119)
04-13 11:40:59.783  1205  1639 E katniss_interactor_LoadCastServiceInfoTaskImpl: 	at mia.run(PG:61)
04-13 11:40:59.967  1894  1894 E id.gms.unstable: Not starting debugger since process cannot load the jdwp agent.
04-13 11:41:00.017   217   217 E lmkd    : memevent failed getting memory events: BPF ring buffer message has unexpected size (want 84 bytes, got 88 bytes): Message too long
04-13 11:41:00.017   217   217 E lowmemorykiller: Failed fetching memory listener events.
04-13 11:41:00.087  1241  1776 E FeaturedCarouselServerDataManager: Header Message case was not valid and will not be added: HEADERMESSAGE_NOT_SET
04-13 11:41:00.091  1241  1776 E FeaturedCarouselServerDataManager: Header Message case was not valid and will not be added: HEADERMESSAGE_NOT_SET
04-13 11:41:00.094  1241  1776 E FeaturedCarouselServerDataManager: Header Message case was not valid and will not be added: HEADERMESSAGE_NOT_SET
04-13 11:41:00.094  1241  1776 E FeaturedCarouselServerDataManager: Header Message case was not valid and will not be added: HEADERMESSAGE_NOT_SET
04-13 11:41:00.097  1241  1776 E FeaturedCarouselServerDataManager: Header Message case was not valid and will not be added: HEADERMESSAGE_NOT_SET
04-13 11:41:00.194  1241  1241 E GIL     : java.lang.NullPointerException: Tried to unbind a view without an associated CVE. This indicates a GIL instrumentation error. Is `ViewVisualElements#unbind` being invoked unconditionally when `ViewVisualElements#bind` is invoked conditionally?
04-13 11:41:00.194  1241  1241 E GIL     : 	at ifc.e(PG:14)
04-13 11:41:00.194  1241  1241 E GIL     : 	at iim.r(PG:4)
04-13 11:41:00.194  1241  1241 E GIL     : 	at pce.u(PG:16)
04-13 11:41:00.194  1241  1241 E GIL     : 	at kju.d(PG:133)
04-13 11:41:00.194  1241  1241 E GIL     : 	at kjo.b(PG:431)
04-13 11:41:00.194  1241  1241 E GIL     : 	at pmv.dk(PG:11)
04-13 11:41:00.194  1241  1241 E GIL     : 	at psi.run(PG:107)
04-13 11:41:00.194  1241  1241 E GIL     : 	at android.os.Handler.handleCallback(Handler.java:995)
04-13 11:41:00.194  1241  1241 E GIL     : 	at android.os.Handler.dispatchMessage(Handler.java:103)
04-13 11:41:00.194  1241  1241 E GIL     : 	at android.os.Looper.loopOnce(Looper.java:248)
04-13 11:41:00.194  1241  1241 E GIL     : 	at android.os.Looper.loop(Looper.java:338)
04-13 11:41:00.194  1241  1241 E GIL     : 	at android.app.ActivityThread.main(ActivityThread.java:9067)
04-13 11:41:00.194  1241  1241 E GIL     : 	at java.lang.reflect.Method.invoke(Native Method)
04-13 11:41:00.194  1241  1241 E GIL     : 	at com.android.internal.os.RuntimeInit$MethodAndArgsCaller.run(RuntimeInit.java:593)
04-13 11:41:00.194  1241  1241 E GIL     : 	at com.android.internal.os.ZygoteInit.main(ZygoteInit.java:932)
04-13 11:41:00.221  1241  1241 E Clearcut-EventLogger: Unexpected log parameter notification_indicator_total
04-13 11:41:00.258   217   217 E lmkd    : memevent failed getting memory events: BPF ring buffer message has unexpected size (want 84 bytes, got 88 bytes): Message too long
04-13 11:41:00.258   217   217 E lowmemorykiller: Failed fetching memory listener events.
04-13 11:41:00.338  1442  1654 E IPCThreadState: Binder transaction failure. id: 40611, BR_*: 29201, error: -28 (No space left on device)
04-13 11:41:00.338  1442  1654 E JavaBinder: !!! FAILED BINDER TRANSACTION !!!  (parcel size = 1056768)
04-13 11:41:00.393  1894  1907 E ashmem  : Pinning is deprecated since Android Q. Please use trim or other methods.
04-13 11:41:00.444  1442  1442 E MDM     : [TrustedTimeClientHelper] Failed to initialize TrustedTimeClient [CONTEXT service_id=247 ]
04-13 11:41:00.444  1442  1442 E MDM     : agwj: 17: API: TrustedTime.API is not available on this device. Connection failed with: ConnectionResult{statusCode=API_UNAVAILABLE, resolution=null, message=null, clientMethodKey=null}
04-13 11:41:00.444  1442  1442 E MDM     : 	at ahst.a(:com.google.android.gms@261332130@26.13.32 (270700-895912391):15)
04-13 11:41:00.444  1442  1442 E MDM     : 	at agye.a(:com.google.android.gms@261332130@26.13.32 (270700-895912391):1)
04-13 11:41:00.444  1442  1442 E MDM     : 	at agyb.c(:com.google.android.gms@261332130@26.13.32 (270700-895912391):5)
04-13 11:41:00.444  1442  1442 E MDM     : 	at ahaq.t(:com.google.android.gms@261332130@26.13.32 (270700-895912391):48)
04-13 11:41:00.444  1442  1442 E MDM     : 	at ahaq.f(:com.google.android.gms@261332130@26.13.32 (270700-895912391):10)
04-13 11:41:00.444  1442  1442 E MDM     : 	at ahaq.i(:com.google.android.gms@261332130@26.13.32 (270700-895912391):191)
04-13 11:41:00.444  1442  1442 E MDM     : 	at ahaq.m(:com.google.android.gms@261332130@26.13.32 (270700-895912391):2)
04-13 11:41:00.444  1442  1442 E MDM     : 	at ahas.run(:com.google.android.gms@261332130@26.13.32 (270700-895912391):80)
