04-13 11:42:03.445  1241  1776 E FrontEndServer: RPC call failed: 
04-13 11:42:03.457  1241  1241 E FeaturedCarouselServerDataManager: An error occurred while calling the server for featured carousel items: 
04-13 11:42:03.457  1241  1241 E FeaturedCarouselServerDataManager: jtr: Unable to complete frontend server request - status: oxf{code=UNAVAILABLE, description=Unable to resolve host androidtvwatsonfe-pa.googleapis.com, cause=java.net.UnknownHostException: Unable to resolve host "androidtvwatsonfe-pa.googleapis.com": No address associated with hostname
04-13 11:42:03.457  1241  1241 E FeaturedCarouselServerDataManager: 	at java.net.Inet6AddressImpl.lookupHostByName(Inet6AddressImpl.java:156)
04-13 11:42:03.457  1241  1241 E FeaturedCarouselServerDataManager: 	at java.net.Inet6AddressImpl.lookupAllHostAddr(Inet6AddressImpl.java:103)
04-13 11:42:03.457  1241  1241 E FeaturedCarouselServerDataManager: 	at java.net.InetAddress.getAllByName(InetAddress.java:1152)
04-13 11:42:03.457  1241  1241 E FeaturedCarouselServerDataManager: 	at pan.run(PG:119)
04-13 11:42:03.457  1241  1241 E FeaturedCarouselServerDataManager: 	at java.util.concurrent.ThreadPoolExecutor.runWorker(ThreadPoolExecutor.java:1156)
04-13 11:42:03.457  1241  1241 E FeaturedCarouselServerDataManager: 	at java.util.concurrent.ThreadPoolExecutor$Worker.run(ThreadPoolExecutor.java:651)
04-13 11:42:03.457  1241  1241 E FeaturedCarouselServerDataManager: 	at java.lang.Thread.run(Thread.java:1119)
04-13 11:42:03.457  1241  1241 E FeaturedCarouselServerDataManager: Caused by: android.system.GaiException: android_getaddrinfo failed: EAI_NODATA (No address associated with hostname)
04-13 11:42:03.457  1241  1241 E FeaturedCarouselServerDataManager: 	at libcore.io.Linux.android_getaddrinfo(Native Method)
04-13 11:42:03.457  1241  1241 E FeaturedCarouselServerDataManager: 	at libcore.io.ForwardingOs.android_getaddrinfo(ForwardingOs.java:133)
04-13 11:42:03.457  1241  1241 E FeaturedCarouselServerDataManager: 	at libcore.io.BlockGuardOs.android_getaddrinfo(BlockGuardOs.java:222)
04-13 11:42:03.457  1241  1241 E FeaturedCarouselServerDataManager: 	at libcore.io.ForwardingOs.android_getaddrinfo(ForwardingOs.java:133)
04-13 11:42:03.457  1241  1241 E FeaturedCarouselServerDataManager: 	at java.net.Inet6AddressImpl.lookupHostByName(Inet6AddressImpl.java:135)
04-13 11:42:03.457  1241  1241 E FeaturedCarouselServerDataManager: 	... 6 more
04-13 11:42:03.457  1241  1241 E FeaturedCarouselServerDataManager: }
04-13 11:42:03.457  1241  1241 E FeaturedCarouselServerDataManager: 	at jtl.c(PG:160)
04-13 11:42:03.457  1241  1241 E FeaturedCarouselServerDataManager: 	at jkq.doInBackground(PG:150)
04-13 11:42:03.457  1241  1241 E FeaturedCarouselServerDataManager: 	at android.os.AsyncTask$3.call(AsyncTask.java:394)
04-13 11:42:03.457  1241  1241 E FeaturedCarouselServerDataManager: 	at java.util.concurrent.FutureTask.run(FutureTask.java:317)
04-13 11:42:03.457  1241  1241 E FeaturedCarouselServerDataManager: 	at java.util.concurrent.ThreadPoolExecutor.runWorker(ThreadPoolExecutor.java:1156)
04-13 11:42:03.457  1241  1241 E FeaturedCarouselServerDataManager: 	at java.util.concurrent.ThreadPoolExecutor$Worker.run(ThreadPoolExecutor.java:651)
04-13 11:42:03.457  1241  1241 E FeaturedCarouselServerDataManager: 	at java.lang.Thread.run(Thread.java:1119)
04-13 11:42:03.658   645  1474 E IPCThreadState: Binder transaction failure. id: 83540, BR_*: 29189, error: -22 (Invalid argument)
04-13 11:42:03.704   494   494 E BpTransactionCompletedListener: Failed to transact (-32)
04-13 11:42:05.065  1970  2185 E ActivityThread: Failed to find provider info for com.google.android.tvsetup.app.machine.services.castsetup.castsetupinfo.CastInfoProvider
04-13 11:42:05.065  1970  2185 E cast_ClientAuthCredsFactoryProvisioned: Cannot get device credentials
04-13 11:42:06.672   645  1219 E TaskPersister: File error accessing recents directory (directory doesn't exist?).
04-13 11:42:08.140  1241  1241 E Clearcut-EventLogger: Unexpected log parameter notification_indicator_total
04-13 11:42:11.005   645  1019 E CellBroadcastUtils: getDefaultCellBroadcastReceiverPackageName: no package found
04-13 11:42:11.496  2807  2807 E ashmem  : Pinning is deprecated since Android Q. Please use trim or other methods.
04-13 11:42:12.439  2807  2836 E GoogleApiManager: Failed to get service from broker. 
04-13 11:42:12.439  2807  2836 E GoogleApiManager: java.lang.SecurityException: Unknown calling package name 'com.google.android.gms'.
04-13 11:42:12.439  2807  2836 E GoogleApiManager: 	at android.os.Parcel.createExceptionOrNull(Parcel.java:3340)
04-13 11:42:12.439  2807  2836 E GoogleApiManager: 	at android.os.Parcel.createException(Parcel.java:3324)
04-13 11:42:12.439  2807  2836 E GoogleApiManager: 	at android.os.Parcel.readException(Parcel.java:3307)
04-13 11:42:12.439  2807  2836 E GoogleApiManager: 	at android.os.Parcel.readException(Parcel.java:3249)
04-13 11:42:12.439  2807  2836 E GoogleApiManager: 	at ahvg.a(:com.google.android.gms@261332130@26.13.32 (270700-895912391):36)
04-13 11:42:12.439  2807  2836 E GoogleApiManager: 	at ahth.t(:com.google.android.gms@261332130@26.13.32 (270700-895912391):143)
04-13 11:42:12.439  2807  2836 E GoogleApiManager: 	at ahas.run(:com.google.android.gms@261332130@26.13.32 (270700-895912391):42)
04-13 11:42:12.439  2807  2836 E GoogleApiManager: 	at android.os.Handler.handleCallback(Handler.java:995)
04-13 11:42:12.439  2807  2836 E GoogleApiManager: 	at android.os.Handler.dispatchMessage(Handler.java:103)
04-13 11:42:12.439  2807  2836 E GoogleApiManager: 	at bccm.ih(:com.google.android.gms@261332130@26.13.32 (270700-895912391):1)
04-13 11:42:12.439  2807  2836 E GoogleApiManager: 	at bccm.dispatchMessage(:com.google.android.gms@261332130@26.13.32 (270700-895912391):5)
04-13 11:42:12.439  2807  2836 E GoogleApiManager: 	at android.os.Looper.loopOnce(Looper.java:248)
04-13 11:42:12.439  2807  2836 E GoogleApiManager: 	at android.os.Looper.loop(Looper.java:338)
04-13 11:42:12.439  2807  2836 E GoogleApiManager: 	at android.os.HandlerThread.run(HandlerThread.java:85)
04-13 11:42:13.146  1241  1241 E Clearcut-EventLogger: Unexpected log parameter notification_indicator_total
04-13 11:42:14.516   645  1219 E TaskPersister: File error accessing recents directory (directory doesn't exist?).
04-13 11:42:18.980  2807  2807 E AndroidRuntime: FATAL EXCEPTION: main
04-13 11:42:18.980  2807  2807 E AndroidRuntime: Process: com.dreamweddingstories.tv, PID: 2807
04-13 11:42:18.980  2807  2807 E AndroidRuntime: java.lang.IllegalStateException: 
04-13 11:42:18.980  2807  2807 E AndroidRuntime:    FocusRequester is not initialized. Here are some possible fixes:
04-13 11:42:18.980  2807  2807 E AndroidRuntime: 
04-13 11:42:18.980  2807  2807 E AndroidRuntime:    1. Remember the FocusRequester: val focusRequester = remember { FocusRequester() }
04-13 11:42:18.980  2807  2807 E AndroidRuntime:    2. Did you forget to add a Modifier.focusRequester() ?
04-13 11:42:18.980  2807  2807 E AndroidRuntime:    3. Are you attempting to request focus during composition? Focus requests should be made in
04-13 11:42:18.980  2807  2807 E AndroidRuntime:    response to some event. Eg Modifier.clickable { focusRequester.requestFocus() }
04-13 11:42:18.980  2807  2807 E AndroidRuntime: 
04-13 11:42:18.980  2807  2807 E AndroidRuntime: 	at androidx.compose.ui.focus.FocusRequester.focus$ui_release(FocusRequester.kt:259)
04-13 11:42:18.980  2807  2807 E AndroidRuntime: 	at androidx.compose.ui.focus.FocusRequester.requestFocus(FocusRequester.kt:65)
04-13 11:42:18.980  2807  2807 E AndroidRuntime: 	at com.dreamweddingstories.tv.screens.VideoDetailScreenKt$VideoDetailScreen$2$3$1.invokeSuspend(VideoDetailScreen.kt:159)
04-13 11:42:18.980  2807  2807 E AndroidRuntime: 	at kotlin.coroutines.jvm.internal.BaseContinuationImpl.resumeWith(ContinuationImpl.kt:33)
04-13 11:42:18.980  2807  2807 E AndroidRuntime: 	at kotlinx.coroutines.DispatchedTask.run(DispatchedTask.kt:108)
04-13 11:42:18.980  2807  2807 E AndroidRuntime: 	at androidx.compose.ui.platform.AndroidUiDispatcher.performTrampolineDispatch(AndroidUiDispatcher.android.kt:81)
04-13 11:42:18.980  2807  2807 E AndroidRuntime: 	at androidx.compose.ui.platform.AndroidUiDispatcher.access$performTrampolineDispatch(AndroidUiDispatcher.android.kt:41)
04-13 11:42:18.980  2807  2807 E AndroidRuntime: 	at androidx.compose.ui.platform.AndroidUiDispatcher$dispatchCallback$1.run(AndroidUiDispatcher.android.kt:57)
04-13 11:42:18.980  2807  2807 E AndroidRuntime: 	at android.os.Handler.handleCallback(Handler.java:995)
04-13 11:42:18.980  2807  2807 E AndroidRuntime: 	at android.os.Handler.dispatchMessage(Handler.java:103)
04-13 11:42:18.980  2807  2807 E AndroidRuntime: 	at android.os.Looper.loopOnce(Looper.java:248)
04-13 11:42:18.980  2807  2807 E AndroidRuntime: 	at android.os.Looper.loop(Looper.java:338)
04-13 11:42:18.980  2807  2807 E AndroidRuntime: 	at android.app.ActivityThread.main(ActivityThread.java:9067)
04-13 11:42:18.980  2807  2807 E AndroidRuntime: 	at java.lang.reflect.Method.invoke(Native Method)
04-13 11:42:18.980  2807  2807 E AndroidRuntime: 	at com.android.internal.os.RuntimeInit$MethodAndArgsCaller.run(RuntimeInit.java:593)
04-13 11:42:18.980  2807  2807 E AndroidRuntime: 	at com.android.internal.os.ZygoteInit.main(ZygoteInit.java:932)
04-13 11:42:18.980  2807  2807 E AndroidRuntime: 	Suppressed: kotlinx.coroutines.internal.DiagnosticCoroutineContextException: [androidx.compose.ui.platform.MotionDurationScaleImpl@f867565, androidx.compose.runtime.BroadcastFrameClock@522f23a, StandaloneCoroutine{Cancelling}@88afeeb, AndroidUiDispatcher@19c5448]
04-13 11:42:19.010   645   739 E InputDispatcher: channel 'f262b8 com.dreamweddingstories.tv/com.dreamweddingstories.tv.MainActivity' ~ Channel is unrecoverably broken and will be disposed!
04-13 11:42:19.031  1241  1241 E Clearcut-EventLogger: Unexpected log parameter notification_indicator_total
04-13 11:42:19.046  1241  1241 E Clearcut-EventLogger: Unexpected log parameter shown_channel_count
04-13 11:42:19.507   645  2869 E IPCThreadState: Binder transaction failure. id: 91807, BR_*: 29189, error: -22 (Invalid argument)
04-13 11:42:19.554   494   494 E BpTransactionCompletedListener: Failed to transact (-32)
04-13 11:42:20.624   645  2482 E CellBroadcastUtils: getDefaultCellBroadcastReceiverPackageName: no package found
04-13 11:42:21.146  2890  2890 E ashmem  : Pinning is deprecated since Android Q. Please use trim or other methods.
04-13 11:42:22.021  2890  2918 E GoogleApiManager: Failed to get service from broker. 
04-13 11:42:22.021  2890  2918 E GoogleApiManager: java.lang.SecurityException: Unknown calling package name 'com.google.android.gms'.
04-13 11:42:22.021  2890  2918 E GoogleApiManager: 	at android.os.Parcel.createExceptionOrNull(Parcel.java:3340)
04-13 11:42:22.021  2890  2918 E GoogleApiManager: 	at android.os.Parcel.createException(Parcel.java:3324)
04-13 11:42:22.021  2890  2918 E GoogleApiManager: 	at android.os.Parcel.readException(Parcel.java:3307)
04-13 11:42:22.021  2890  2918 E GoogleApiManager: 	at android.os.Parcel.readException(Parcel.java:3249)
04-13 11:42:22.021  2890  2918 E GoogleApiManager: 	at ahvg.a(:com.google.android.gms@261332130@26.13.32 (270700-895912391):36)
04-13 11:42:22.021  2890  2918 E GoogleApiManager: 	at ahth.t(:com.google.android.gms@261332130@26.13.32 (270700-895912391):143)
04-13 11:42:22.021  2890  2918 E GoogleApiManager: 	at ahas.run(:com.google.android.gms@261332130@26.13.32 (270700-895912391):42)
04-13 11:42:22.021  2890  2918 E GoogleApiManager: 	at android.os.Handler.handleCallback(Handler.java:995)
04-13 11:42:22.021  2890  2918 E GoogleApiManager: 	at android.os.Handler.dispatchMessage(Handler.java:103)
04-13 11:42:22.021  2890  2918 E GoogleApiManager: 	at bccm.ih(:com.google.android.gms@261332130@26.13.32 (270700-895912391):1)
04-13 11:42:22.021  2890  2918 E GoogleApiManager: 	at bccm.dispatchMessage(:com.google.android.gms@261332130@26.13.32 (270700-895912391):5)
04-13 11:42:22.021  2890  2918 E GoogleApiManager: 	at android.os.Looper.loopOnce(Looper.java:248)
04-13 11:42:22.021  2890  2918 E GoogleApiManager: 	at android.os.Looper.loop(Looper.java:338)
04-13 11:42:22.021  2890  2918 E GoogleApiManager: 	at android.os.HandlerThread.run(HandlerThread.java:85)
04-13 11:42:23.517   645  1219 E TaskPersister: File error accessing recents directory (directory doesn't exist?).
04-13 11:42:29.030  2890  2890 E AndroidRuntime: FATAL EXCEPTION: main
04-13 11:42:29.030  2890  2890 E AndroidRuntime: Process: com.dreamweddingstories.tv, PID: 2890
04-13 11:42:29.030  2890  2890 E AndroidRuntime: java.lang.IllegalStateException: 
04-13 11:42:29.030  2890  2890 E AndroidRuntime:    FocusRequester is not initialized. Here are some possible fixes:
04-13 11:42:29.030  2890  2890 E AndroidRuntime: 
04-13 11:42:29.030  2890  2890 E AndroidRuntime:    1. Remember the FocusRequester: val focusRequester = remember { FocusRequester() }
04-13 11:42:29.030  2890  2890 E AndroidRuntime:    2. Did you forget to add a Modifier.focusRequester() ?
04-13 11:42:29.030  2890  2890 E AndroidRuntime:    3. Are you attempting to request focus during composition? Focus requests should be made in
04-13 11:42:29.030  2890  2890 E AndroidRuntime:    response to some event. Eg Modifier.clickable { focusRequester.requestFocus() }
04-13 11:42:29.030  2890  2890 E AndroidRuntime: 
04-13 11:42:29.030  2890  2890 E AndroidRuntime: 	at androidx.compose.ui.focus.FocusRequester.focus$ui_release(FocusRequester.kt:259)
04-13 11:42:29.030  2890  2890 E AndroidRuntime: 	at androidx.compose.ui.focus.FocusRequester.requestFocus(FocusRequester.kt:65)
04-13 11:42:29.030  2890  2890 E AndroidRuntime: 	at com.dreamweddingstories.tv.screens.VideoDetailScreenKt$VideoDetailScreen$2$3$1.invokeSuspend(VideoDetailScreen.kt:159)
04-13 11:42:29.030  2890  2890 E AndroidRuntime: 	at kotlin.coroutines.jvm.internal.BaseContinuationImpl.resumeWith(ContinuationImpl.kt:33)
04-13 11:42:29.030  2890  2890 E AndroidRuntime: 	at kotlinx.coroutines.DispatchedTask.run(DispatchedTask.kt:108)
04-13 11:42:29.030  2890  2890 E AndroidRuntime: 	at androidx.compose.ui.platform.AndroidUiDispatcher.performTrampolineDispatch(AndroidUiDispatcher.android.kt:81)
04-13 11:42:29.030  2890  2890 E AndroidRuntime: 	at androidx.compose.ui.platform.AndroidUiDispatcher.access$performTrampolineDispatch(AndroidUiDispatcher.android.kt:41)
04-13 11:42:29.030  2890  2890 E AndroidRuntime: 	at androidx.compose.ui.platform.AndroidUiDispatcher$dispatchCallback$1.run(AndroidUiDispatcher.android.kt:57)
04-13 11:42:29.030  2890  2890 E AndroidRuntime: 	at android.os.Handler.handleCallback(Handler.java:995)
04-13 11:42:29.030  2890  2890 E AndroidRuntime: 	at android.os.Handler.dispatchMessage(Handler.java:103)
04-13 11:42:29.030  2890  2890 E AndroidRuntime: 	at android.os.Looper.loopOnce(Looper.java:248)
04-13 11:42:29.030  2890  2890 E AndroidRuntime: 	at android.os.Looper.loop(Looper.java:338)
04-13 11:42:29.030  2890  2890 E AndroidRuntime: 	at android.app.ActivityThread.main(ActivityThread.java:9067)
04-13 11:42:29.030  2890  2890 E AndroidRuntime: 	at java.lang.reflect.Method.invoke(Native Method)
04-13 11:42:29.030  2890  2890 E AndroidRuntime: 	at com.android.internal.os.RuntimeInit$MethodAndArgsCaller.run(RuntimeInit.java:593)
04-13 11:42:29.030  2890  2890 E AndroidRuntime: 	at com.android.internal.os.ZygoteInit.main(ZygoteInit.java:932)
04-13 11:42:29.030  2890  2890 E AndroidRuntime: 	Suppressed: kotlinx.coroutines.internal.DiagnosticCoroutineContextException: [androidx.compose.ui.platform.MotionDurationScaleImpl@bc08377, androidx.compose.runtime.BroadcastFrameClock@e106be4, StandaloneCoroutine{Cancelling}@435984d, AndroidUiDispatcher@7c77f02]
04-13 11:42:29.072  1241  1241 E Clearcut-EventLogger: Unexpected log parameter notification_indicator_total
04-13 11:42:29.076  1241  1241 E Clearcut-EventLogger: Unexpected log parameter shown_channel_count
04-13 11:42:29.659   645  1478 E IPCThreadState: Binder transaction failure. id: 96678, BR_*: 29189, error: -22 (Invalid argument)
04-13 11:42:29.704   494   494 E BpTransactionCompletedListener: Failed to transact (-32)
04-13 11:42:32.668   645  1219 E TaskPersister: File error accessing recents directory (directory doesn't exist?).
04-13 11:43:05.067  1970  2185 E ActivityThread: Failed to find provider info for com.google.android.tvsetup.app.machine.services.castsetup.castsetupinfo.CastInfoProvider
04-13 11:43:05.067  1970  2185 E cast_ClientAuthCredsFactoryProvisioned: Cannot get device credentials
04-13 11:43:58.649  1970  1970 E cast_shell: [0413/114358.649554:ERROR:ccs_transport_https.cc(1424)] CreateAndSignJwtAsync() returned invalid JWT. Not attaching to headers.
04-13 11:43:58.649  1970  1970 E cast_shell: [0413/114358.649627:ERROR:cast_auth_headers.cc(167)] Unable to update signature header
04-13 11:43:59.005  1970  1970 E cast_shell: [0413/114359.005846:ERROR:ccs_transport_https.cc(2164)] Received response code 403 for message_id = 745ec143-12a6-48f8-9bb9-35cf8dbfe2d8 - 
04-13 11:44:05.068  1970  2185 E ActivityThread: Failed to find provider info for com.google.android.tvsetup.app.machine.services.castsetup.castsetupinfo.CastInfoProvider
04-13 11:44:05.068  1970  2185 E cast_ClientAuthCredsFactoryProvisioned: Cannot get device credentials
04-13 11:44:42.871  1241  1636 E FeaturedCarouselServerDataManager: Header Message case was not valid and will not be added: HEADERMESSAGE_NOT_SET
04-13 11:44:44.291  1241  1538 E ContinueWatchingRepository: Failed to refresh TVOD play next data.
04-13 11:45:00.332   645  2795 E CellBroadcastUtils: getDefaultCellBroadcastReceiverPackageName: no package found
04-13 11:45:00.484  1854  1854 E Finsky  : [2] TaskScheduler
04-13 11:45:00.509   645  2046 E CellBroadcastUtils: getDefaultCellBroadcastReceiverPackageName: no package found
04-13 11:45:02.046   645  2046 E CellBroadcastUtils: getDefaultCellBroadcastReceiverPackageName: no package found
04-13 11:45:02.096  3017  3017 E .android.gms.ui: Not starting debugger since process cannot load the jdwp agent.
04-13 11:45:02.341  3017  3017 E ashmem  : Pinning is deprecated since Android Q. Please use trim or other methods.
04-13 11:45:02.352   645  2046 E CellBroadcastUtils: getDefaultCellBroadcastReceiverPackageName: no package found
04-13 11:45:02.408   645  2795 E CellBroadcastUtils: getDefaultCellBroadcastReceiverPackageName: no package found
04-13 11:45:02.429  3017  3017 E ActivityThread: Failed to find provider info for com.google.android.setupwizard.partner
04-13 11:45:02.429  3017  3017 E ActivityThread: Failed to find provider info for com.google.android.setupwizard.partner
04-13 11:45:02.430  3017  3017 E ActivityThread: Failed to find provider info for com.google.android.setupwizard.partner
04-13 11:45:02.431  3017  3017 E ActivityThread: Failed to find provider info for com.google.android.setupwizard.partner
04-13 11:45:02.431  3017  3017 E ActivityThread: Failed to find provider info for com.google.android.setupwizard.partner
04-13 11:45:02.444  3017  3017 E ActivityThread: Failed to find provider info for com.google.android.setupwizard.partner
04-13 11:45:02.445  3017  3017 E ActivityThread: Failed to find provider info for com.google.android.setupwizard.partner
04-13 11:45:02.445  3017  3017 E ActivityThread: Failed to find provider info for com.google.android.setupwizard.partner
04-13 11:45:02.445  3017  3017 E ActivityThread: Failed to find provider info for com.google.android.setupwizard.partner
04-13 11:45:02.445  3017  3017 E ActivityThread: Failed to find provider info for com.google.android.setupwizard.partner
04-13 11:45:02.446  3017  3017 E ActivityThread: Failed to find provider info for com.google.android.setupwizard.partner
04-13 11:45:02.446  3017  3017 E ActivityThread: Failed to find provider info for com.google.android.setupwizard.partner
04-13 11:45:02.446  3017  3017 E ActivityThread: Failed to find provider info for com.google.android.setupwizard.partner
04-13 11:45:02.447  3017  3017 E ActivityThread: Failed to find provider info for com.google.android.setupwizard.partner
04-13 11:45:02.447  3017  3017 E ActivityThread: Failed to find provider info for com.google.android.setupwizard.partner
04-13 11:45:02.448  3017  3017 E ActivityThread: Failed to find provider info for com.google.android.setupwizard.partner
04-13 11:45:02.448  3017  3017 E ActivityThread: Failed to find provider info for com.google.android.setupwizard.partner
04-13 11:45:02.448  3017  3017 E ActivityThread: Failed to find provider info for com.google.android.setupwizard.partner
04-13 11:45:02.448  3017  3017 E ActivityThread: Failed to find provider info for com.google.android.setupwizard.partner
04-13 11:45:02.449  3017  3017 E ActivityThread: Failed to find provider info for com.google.android.setupwizard.partner
04-13 11:45:02.449  3017  3017 E ActivityThread: Failed to find provider info for com.google.android.setupwizard.partner
04-13 11:45:02.450  3017  3017 E ActivityThread: Failed to find provider info for com.google.android.setupwizard.partner
04-13 11:45:02.450  3017  3017 E ActivityThread: Failed to find provider info for com.google.android.setupwizard.partner
04-13 11:45:02.450  3017  3017 E ActivityThread: Failed to find provider info for com.google.android.setupwizard.partner
04-13 11:45:02.451  3017  3017 E ActivityThread: Failed to find provider info for com.google.android.setupwizard.partner
04-13 11:45:02.451  3017  3017 E ActivityThread: Failed to find provider info for com.google.android.setupwizard.partner
04-13 11:45:02.451  3017  3017 E ActivityThread: Failed to find provider info for com.google.android.setupwizard.partner
04-13 11:45:02.451  3017  3017 E ActivityThread: Failed to find provider info for com.google.android.setupwizard.partner
04-13 11:45:02.452  3017  3017 E ActivityThread: Failed to find provider info for com.google.android.setupwizard.partner
04-13 11:45:02.452  3017  3017 E ActivityThread: Failed to find provider info for com.google.android.setupwizard.partner
04-13 11:45:02.452  3017  3017 E ActivityThread: Failed to find provider info for com.google.android.setupwizard.partner
04-13 11:45:02.453  3017  3017 E ActivityThread: Failed to find provider info for com.google.android.setupwizard.partner
04-13 11:45:02.454  3017  3017 E ActivityThread: Failed to find provider info for com.google.android.setupwizard.partner
04-13 11:45:02.454  3017  3017 E ActivityThread: Failed to find provider info for com.google.android.setupwizard.partner
04-13 11:45:02.454  3017  3017 E ActivityThread: Failed to find provider info for com.google.android.setupwizard.partner
04-13 11:45:02.455  3017  3017 E ActivityThread: Failed to find provider info for com.google.android.setupwizard.partner
04-13 11:45:02.456  3017  3017 E ActivityThread: Failed to find provider info for com.google.android.setupwizard.partner
04-13 11:45:02.456  3017  3017 E ActivityThread: Failed to find provider info for com.google.android.setupwizard.partner
04-13 11:45:02.456  3017  3017 E ActivityThread: Failed to find provider info for com.google.android.setupwizard.partner
04-13 11:45:02.456  3017  3017 E ActivityThread: Failed to find provider info for com.google.android.setupwizard.partner
04-13 11:45:02.457  3017  3017 E ActivityThread: Failed to find provider info for com.google.android.setupwizard.partner
04-13 11:45:02.457  3017  3017 E ActivityThread: Failed to find provider info for com.google.android.setupwizard.partner
04-13 11:45:02.457  3017  3017 E ActivityThread: Failed to find provider info for com.google.android.setupwizard.partner
04-13 11:45:02.458  3017  3017 E ActivityThread: Failed to find provider info for com.google.android.setupwizard.partner
04-13 11:45:02.458  3017  3017 E ActivityThread: Failed to find provider info for com.google.android.setupwizard.partner
04-13 11:45:02.458  3017  3017 E ActivityThread: Failed to find provider info for com.google.android.setupwizard.partner
04-13 11:45:02.459  3017  3017 E ActivityThread: Failed to find provider info for com.google.android.setupwizard.partner
04-13 11:45:02.459  3017  3017 E ActivityThread: Failed to find provider info for com.google.android.setupwizard.partner
04-13 11:45:02.460  3017  3017 E ActivityThread: Failed to find provider info for com.google.android.setupwizard.partner
04-13 11:45:02.460  3017  3017 E ActivityThread: Failed to find provider info for com.google.android.setupwizard.partner
04-13 11:45:02.460  3017  3017 E ActivityThread: Failed to find provider info for com.google.android.setupwizard.partner
04-13 11:45:02.460  3017  3017 E ActivityThread: Failed to find provider info for com.google.android.setupwizard.partner
04-13 11:45:02.461  3017  3017 E ActivityThread: Failed to find provider info for com.google.android.setupwizard.partner
04-13 11:45:02.461  3017  3017 E ActivityThread: Failed to find provider info for com.google.android.setupwizard.partner
04-13 11:45:02.462  3017  3017 E ActivityThread: Failed to find provider info for com.google.android.setupwizard.partner
04-13 11:45:02.462  3017  3017 E ActivityThread: Failed to find provider info for com.google.android.setupwizard.partner
04-13 11:45:02.462  3017  3017 E ActivityThread: Failed to find provider info for com.google.android.setupwizard.partner
04-13 11:45:02.462  3017  3017 E ActivityThread: Failed to find provider info for com.google.android.setupwizard.partner
04-13 11:45:02.463  3017  3017 E ActivityThread: Failed to find provider info for com.google.android.setupwizard.partner
04-13 11:45:02.463  3017  3017 E ActivityThread: Failed to find provider info for com.google.android.setupwizard.partner
04-13 11:45:02.463  3017  3017 E ActivityThread: Failed to find provider info for com.google.android.setupwizard.partner
04-13 11:45:02.463  3017  3017 E ActivityThread: Failed to find provider info for com.google.android.setupwizard.partner
04-13 11:45:02.464  3017  3017 E ActivityThread: Failed to find provider info for com.google.android.setupwizard.partner
04-13 11:45:02.464  3017  3017 E ActivityThread: Failed to find provider info for com.google.android.setupwizard.partner
04-13 11:45:02.465  3017  3017 E ActivityThread: Failed to find provider info for com.google.android.setupwizard.partner
04-13 11:45:02.465  3017  3017 E ActivityThread: Failed to find provider info for com.google.android.setupwizard.partner
04-13 11:45:02.465  3017  3017 E ActivityThread: Failed to find provider info for com.google.android.setupwizard.partner
04-13 11:45:02.465  3017  3017 E ActivityThread: Failed to find provider info for com.google.android.setupwizard.partner
04-13 11:45:02.466  3017  3017 E ActivityThread: Failed to find provider info for com.google.android.setupwizard.partner
04-13 11:45:02.466  3017  3017 E ActivityThread: Failed to find provider info for com.google.android.setupwizard.partner
04-13 11:45:02.466  3017  3017 E ActivityThread: Failed to find provider info for com.google.android.setupwizard.partner
04-13 11:45:02.467  3017  3017 E ActivityThread: Failed to find provider info for com.google.android.setupwizard.partner
04-13 11:45:02.467  3017  3017 E ActivityThread: Failed to find provider info for com.google.android.setupwizard.partner
04-13 11:45:02.468  3017  3017 E ActivityThread: Failed to find provider info for com.google.android.setupwizard.partner
04-13 11:45:02.468  3017  3017 E ActivityThread: Failed to find provider info for com.google.android.setupwizard.partner
04-13 11:45:02.468  3017  3017 E ActivityThread: Failed to find provider info for com.google.android.setupwizard.partner
04-13 11:45:02.468  3017  3017 E ActivityThread: Failed to find provider info for com.google.android.setupwizard.partner
04-13 11:45:02.469  3017  3017 E ActivityThread: Failed to find provider info for com.google.android.setupwizard.partner
04-13 11:45:02.469  3017  3017 E ActivityThread: Failed to find provider info for com.google.android.setupwizard.partner
04-13 11:45:02.469  3017  3017 E ActivityThread: Failed to find provider info for com.google.android.setupwizard.partner
04-13 11:45:02.470  3017  3017 E ActivityThread: Failed to find provider info for com.google.android.setupwizard.partner
04-13 11:45:02.470  3017  3017 E ActivityThread: Failed to find provider info for com.google.android.setupwizard.partner
04-13 11:45:02.470  3017  3017 E ActivityThread: Failed to find provider info for com.google.android.setupwizard.partner
04-13 11:45:02.471  3017  3017 E ActivityThread: Failed to find provider info for com.google.android.setupwizard.partner
04-13 11:45:02.471  3017  3017 E ActivityThread: Failed to find provider info for com.google.android.setupwizard.partner
04-13 11:45:02.472  3017  3017 E ActivityThread: Failed to find provider info for com.google.android.setupwizard.partner
04-13 11:45:02.472  3017  3017 E ActivityThread: Failed to find provider info for com.google.android.setupwizard.partner
04-13 11:45:02.472  3017  3017 E ActivityThread: Failed to find provider info for com.google.android.setupwizard.partner
04-13 11:45:02.473  3017  3017 E ActivityThread: Failed to find provider info for com.google.android.setupwizard.partner
04-13 11:45:02.485  3017  3017 E ActivityThread: Failed to find provider info for com.google.android.setupwizard.partner
04-13 11:45:02.485  3017  3017 E ActivityThread: Failed to find provider info for com.google.android.setupwizard.partner
04-13 11:45:02.485  3017  3017 E ActivityThread: Failed to find provider info for com.google.android.setupwizard.partner
04-13 11:45:02.485  3017  3017 E ActivityThread: Failed to find provider info for com.google.android.setupwizard.partner
04-13 11:45:02.486  3017  3017 E ActivityThread: Failed to find provider info for com.google.android.setupwizard.partner
04-13 11:45:02.486  3017  3017 E ActivityThread: Failed to find provider info for com.google.android.setupwizard.partner
04-13 11:45:02.486  3017  3017 E ActivityThread: Failed to find provider info for com.google.android.setupwizard.partner
04-13 11:45:02.487  3017  3017 E ActivityThread: Failed to find provider info for com.google.android.setupwizard.partner
04-13 11:45:02.487  3017  3017 E ActivityThread: Failed to find provider info for com.google.android.setupwizard.partner
04-13 11:45:02.487  3017  3017 E ActivityThread: Failed to find provider info for com.google.android.setupwizard.partner
04-13 11:45:02.487  3017  3017 E ActivityThread: Failed to find provider info for com.google.android.setupwizard.partner
04-13 11:45:02.488  3017  3017 E ActivityThread: Failed to find provider info for com.google.android.setupwizard.partner
04-13 11:45:02.488  3017  3017 E ActivityThread: Failed to find provider info for com.google.android.setupwizard.partner
04-13 11:45:02.488  3017  3017 E ActivityThread: Failed to find provider info for com.google.android.setupwizard.partner
04-13 11:45:02.489  3017  3017 E ActivityThread: Failed to find provider info for com.google.android.setupwizard.partner
04-13 11:45:02.489  3017  3017 E ActivityThread: Failed to find provider info for com.google.android.setupwizard.partner
04-13 11:45:02.489  3017  3017 E ActivityThread: Failed to find provider info for com.google.android.setupwizard.partner
04-13 11:45:02.489  3017  3017 E ActivityThread: Failed to find provider info for com.google.android.setupwizard.partner
04-13 11:45:02.490  3017  3017 E ActivityThread: Failed to find provider info for com.google.android.setupwizard.partner
04-13 11:45:02.490  3017  3017 E ActivityThread: Failed to find provider info for com.google.android.setupwizard.partner
04-13 11:45:02.490  3017  3017 E ActivityThread: Failed to find provider info for com.google.android.setupwizard.partner
04-13 11:45:02.491  3017  3017 E ActivityThread: Failed to find provider info for com.google.android.setupwizard.partner
04-13 11:45:02.491  3017  3017 E ActivityThread: Failed to find provider info for com.google.android.setupwizard.partner
04-13 11:45:02.491  3017  3017 E ActivityThread: Failed to find provider info for com.google.android.setupwizard.partner
04-13 11:45:02.491  3017  3017 E ActivityThread: Failed to find provider info for com.google.android.setupwizard.partner
04-13 11:45:02.492  3017  3017 E ActivityThread: Failed to find provider info for com.google.android.setupwizard.partner
04-13 11:45:02.493  3017  3017 E ActivityThread: Failed to find provider info for com.google.android.setupwizard.partner
04-13 11:45:02.497   645  2046 E CellBroadcastUtils: getDefaultCellBroadcastReceiverPackageName: no package found
04-13 11:45:02.637  3017  3017 E ActivityThread: Failed to find provider info for com.google.android.setupwizard.partner
04-13 11:45:02.638  3017  3017 E ActivityThread: Failed to find provider info for com.google.android.setupwizard.partner
04-13 11:45:02.638  3017  3017 E ActivityThread: Failed to find provider info for com.google.android.setupwizard.partner
04-13 11:45:02.639  3017  3017 E ActivityThread: Failed to find provider info for com.google.android.setupwizard.partner
04-13 11:45:02.640  3017  3017 E ActivityThread: Failed to find provider info for com.google.android.setupwizard.partner
04-13 11:45:02.647  3017  3017 E ActivityThread: Failed to find provider info for com.google.android.setupwizard.partner
04-13 11:45:02.647  3017  3017 E ActivityThread: Failed to find provider info for com.google.android.setupwizard.partner
04-13 11:45:02.647  3017  3017 E ActivityThread: Failed to find provider info for com.google.android.setupwizard.partner
04-13 11:45:02.648  3017  3017 E ActivityThread: Failed to find provider info for com.google.android.setupwizard.partner
04-13 11:45:02.648  3017  3017 E ActivityThread: Failed to find provider info for com.google.android.setupwizard.partner
04-13 11:45:02.648  3017  3017 E ActivityThread: Failed to find provider info for com.google.android.setupwizard.partner
04-13 11:45:02.649  3017  3017 E ActivityThread: Failed to find provider info for com.google.android.setupwizard.partner
04-13 11:45:02.649  3017  3017 E ActivityThread: Failed to find provider info for com.google.android.setupwizard.partner
04-13 11:45:02.649  3017  3017 E ActivityThread: Failed to find provider info for com.google.android.setupwizard.partner
04-13 11:45:02.650  3017  3017 E ActivityThread: Failed to find provider info for com.google.android.setupwizard.partner
04-13 11:45:02.650  3017  3017 E ActivityThread: Failed to find provider info for com.google.android.setupwizard.partner
04-13 11:45:02.650  3017  3017 E ActivityThread: Failed to find provider info for com.google.android.setupwizard.partner
04-13 11:45:02.650  3017  3017 E ActivityThread: Failed to find provider info for com.google.android.setupwizard.partner
04-13 11:45:02.651  3017  3017 E ActivityThread: Failed to find provider info for com.google.android.setupwizard.partner
04-13 11:45:02.651  3017  3017 E ActivityThread: Failed to find provider info for com.google.android.setupwizard.partner
04-13 11:45:02.652  3017  3017 E ActivityThread: Failed to find provider info for com.google.android.setupwizard.partner
04-13 11:45:02.652  3017  3017 E ActivityThread: Failed to find provider info for com.google.android.setupwizard.partner
04-13 11:45:02.653  3017  3017 E ActivityThread: Failed to find provider info for com.google.android.setupwizard.partner
04-13 11:45:02.653  3017  3017 E ActivityThread: Failed to find provider info for com.google.android.setupwizard.partner
04-13 11:45:02.653  3017  3017 E ActivityThread: Failed to find provider info for com.google.android.setupwizard.partner
04-13 11:45:02.654  3017  3017 E ActivityThread: Failed to find provider info for com.google.android.setupwizard.partner
04-13 11:45:02.654  3017  3017 E ActivityThread: Failed to find provider info for com.google.android.setupwizard.partner
04-13 11:45:02.655  3017  3017 E ActivityThread: Failed to find provider info for com.google.android.setupwizard.partner
04-13 11:45:02.655  3017  3017 E ActivityThread: Failed to find provider info for com.google.android.setupwizard.partner
04-13 11:45:02.656  3017  3017 E ActivityThread: Failed to find provider info for com.google.android.setupwizard.partner
04-13 11:45:02.656  3017  3017 E ActivityThread: Failed to find provider info for com.google.android.setupwizard.partner
04-13 11:45:02.657  3017  3017 E ActivityThread: Failed to find provider info for com.google.android.setupwizard.partner
04-13 11:45:02.657  3017  3017 E ActivityThread: Failed to find provider info for com.google.android.setupwizard.partner
04-13 11:45:02.657  3017  3017 E ActivityThread: Failed to find provider info for com.google.android.setupwizard.partner
04-13 11:45:02.658  3017  3017 E ActivityThread: Failed to find provider info for com.google.android.setupwizard.partner
04-13 11:45:02.658  3017  3017 E ActivityThread: Failed to find provider info for com.google.android.setupwizard.partner
04-13 11:45:02.658  3017  3017 E ActivityThread: Failed to find provider info for com.google.android.setupwizard.partner
04-13 11:45:02.659  3017  3017 E ActivityThread: Failed to find provider info for com.google.android.setupwizard.partner
04-13 11:45:02.659  3017  3017 E ActivityThread: Failed to find provider info for com.google.android.setupwizard.partner
04-13 11:45:02.660  3017  3017 E ActivityThread: Failed to find provider info for com.google.android.setupwizard.partner
04-13 11:45:02.660  3017  3017 E ActivityThread: Failed to find provider info for com.google.android.setupwizard.partner
04-13 11:45:02.660  3017  3017 E ActivityThread: Failed to find provider info for com.google.android.setupwizard.partner
04-13 11:45:02.661  3017  3017 E ActivityThread: Failed to find provider info for com.google.android.setupwizard.partner
04-13 11:45:02.661  3017  3017 E ActivityThread: Failed to find provider info for com.google.android.setupwizard.partner
04-13 11:45:02.661  3017  3017 E ActivityThread: Failed to find provider info for com.google.android.setupwizard.partner
04-13 11:45:02.662  3017  3017 E ActivityThread: Failed to find provider info for com.google.android.setupwizard.partner
04-13 11:45:02.662  3017  3017 E ActivityThread: Failed to find provider info for com.google.android.setupwizard.partner
04-13 11:45:02.662  3017  3017 E ActivityThread: Failed to find provider info for com.google.android.setupwizard.partner
04-13 11:45:02.662  3017  3017 E ActivityThread: Failed to find provider info for com.google.android.setupwizard.partner
04-13 11:45:02.663  3017  3017 E ActivityThread: Failed to find provider info for com.google.android.setupwizard.partner
04-13 11:45:02.663  3017  3017 E ActivityThread: Failed to find provider info for com.google.android.setupwizard.partner
04-13 11:45:02.663  3017  3017 E ActivityThread: Failed to find provider info for com.google.android.setupwizard.partner
04-13 11:45:02.664  3017  3017 E ActivityThread: Failed to find provider info for com.google.android.setupwizard.partner
04-13 11:45:02.664  3017  3017 E ActivityThread: Failed to find provider info for com.google.android.setupwizard.partner
04-13 11:45:02.664  3017  3017 E ActivityThread: Failed to find provider info for com.google.android.setupwizard.partner
04-13 11:45:02.664  3017  3017 E ActivityThread: Failed to find provider info for com.google.android.setupwizard.partner
04-13 11:45:02.665  3017  3017 E ActivityThread: Failed to find provider info for com.google.android.setupwizard.partner
04-13 11:45:02.665  3017  3017 E ActivityThread: Failed to find provider info for com.google.android.setupwizard.partner
04-13 11:45:02.665  3017  3017 E ActivityThread: Failed to find provider info for com.google.android.setupwizard.partner
04-13 11:45:02.665  3017  3017 E ActivityThread: Failed to find provider info for com.google.android.setupwizard.partner
04-13 11:45:02.666  3017  3017 E ActivityThread: Failed to find provider info for com.google.android.setupwizard.partner
04-13 11:45:02.666  3017  3017 E ActivityThread: Failed to find provider info for com.google.android.setupwizard.partner
04-13 11:45:02.666  3017  3017 E ActivityThread: Failed to find provider info for com.google.android.setupwizard.partner
04-13 11:45:02.667  3017  3017 E ActivityThread: Failed to find provider info for com.google.android.setupwizard.partner
04-13 11:45:02.667  3017  3017 E ActivityThread: Failed to find provider info for com.google.android.setupwizard.partner
04-13 11:45:02.667  3017  3017 E ActivityThread: Failed to find provider info for com.google.android.setupwizard.partner
04-13 11:45:02.668  3017  3017 E ActivityThread: Failed to find provider info for com.google.android.setupwizard.partner
04-13 11:45:02.668  3017  3017 E ActivityThread: Failed to find provider info for com.google.android.setupwizard.partner
04-13 11:45:02.668  3017  3017 E ActivityThread: Failed to find provider info for com.google.android.setupwizard.partner
04-13 11:45:02.668  3017  3017 E ActivityThread: Failed to find provider info for com.google.android.setupwizard.partner
04-13 11:45:02.669  3017  3017 E ActivityThread: Failed to find provider info for com.google.android.setupwizard.partner
04-13 11:45:02.669  3017  3017 E ActivityThread: Failed to find provider info for com.google.android.setupwizard.partner
04-13 11:45:02.669  3017  3017 E ActivityThread: Failed to find provider info for com.google.android.setupwizard.partner
04-13 11:45:02.670  3017  3017 E ActivityThread: Failed to find provider info for com.google.android.setupwizard.partner
04-13 11:45:02.670  3017  3017 E ActivityThread: Failed to find provider info for com.google.android.setupwizard.partner
04-13 11:45:02.670  3017  3017 E ActivityThread: Failed to find provider info for com.google.android.setupwizard.partner
04-13 11:45:02.671  3017  3017 E ActivityThread: Failed to find provider info for com.google.android.setupwizard.partner
04-13 11:45:02.671  3017  3017 E ActivityThread: Failed to find provider info for com.google.android.setupwizard.partner
04-13 11:45:02.671  3017  3017 E ActivityThread: Failed to find provider info for com.google.android.setupwizard.partner
04-13 11:45:02.672  3017  3017 E ActivityThread: Failed to find provider info for com.google.android.setupwizard.partner
04-13 11:45:02.672  3017  3017 E ActivityThread: Failed to find provider info for com.google.android.setupwizard.partner
04-13 11:45:02.673  3017  3017 E ActivityThread: Failed to find provider info for com.google.android.setupwizard.partner
04-13 11:45:02.673  3017  3017 E ActivityThread: Failed to find provider info for com.google.android.setupwizard.partner
04-13 11:45:02.673  3017  3017 E ActivityThread: Failed to find provider info for com.google.android.setupwizard.partner
04-13 11:45:02.674  3017  3017 E ActivityThread: Failed to find provider info for com.google.android.setupwizard.partner
04-13 11:45:02.674  3017  3017 E ActivityThread: Failed to find provider info for com.google.android.setupwizard.partner
04-13 11:45:02.675  3017  3017 E ActivityThread: Failed to find provider info for com.google.android.setupwizard.partner
04-13 11:45:02.675  3017  3017 E ActivityThread: Failed to find provider info for com.google.android.setupwizard.partner
04-13 11:45:02.676  3017  3017 E ActivityThread: Failed to find provider info for com.google.android.setupwizard.partner
04-13 11:45:02.676  3017  3017 E ActivityThread: Failed to find provider info for com.google.android.setupwizard.partner
04-13 11:45:02.676  3017  3017 E ActivityThread: Failed to find provider info for com.google.android.setupwizard.partner
04-13 11:45:02.677  3017  3017 E ActivityThread: Failed to find provider info for com.google.android.setupwizard.partner
04-13 11:45:02.677  3017  3017 E ActivityThread: Failed to find provider info for com.google.android.setupwizard.partner
04-13 11:45:02.677  3017  3017 E ActivityThread: Failed to find provider info for com.google.android.setupwizard.partner
04-13 11:45:02.677  3017  3017 E ActivityThread: Failed to find provider info for com.google.android.setupwizard.partner
04-13 11:45:02.678  3017  3017 E ActivityThread: Failed to find provider info for com.google.android.setupwizard.partner
04-13 11:45:02.678  3017  3017 E ActivityThread: Failed to find provider info for com.google.android.setupwizard.partner
04-13 11:45:02.678  3017  3017 E ActivityThread: Failed to find provider info for com.google.android.setupwizard.partner
04-13 11:45:02.679  3017  3017 E ActivityThread: Failed to find provider info for com.google.android.setupwizard.partner
04-13 11:45:02.679  3017  3017 E ActivityThread: Failed to find provider info for com.google.android.setupwizard.partner
04-13 11:45:02.679  3017  3017 E ActivityThread: Failed to find provider info for com.google.android.setupwizard.partner
04-13 11:45:02.680  3017  3017 E ActivityThread: Failed to find provider info for com.google.android.setupwizard.partner
04-13 11:45:02.680  3017  3017 E ActivityThread: Failed to find provider info for com.google.android.setupwizard.partner
04-13 11:45:02.680  3017  3017 E ActivityThread: Failed to find provider info for com.google.android.setupwizard.partner
04-13 11:45:02.680  3017  3017 E ActivityThread: Failed to find provider info for com.google.android.setupwizard.partner
04-13 11:45:02.681  3017  3017 E ActivityThread: Failed to find provider info for com.google.android.setupwizard.partner
04-13 11:45:02.681  3017  3017 E ActivityThread: Failed to find provider info for com.google.android.setupwizard.partner
04-13 11:45:02.681  3017  3017 E ActivityThread: Failed to find provider info for com.google.android.setupwizard.partner
04-13 11:45:02.682  3017  3017 E ActivityThread: Failed to find provider info for com.google.android.setupwizard.partner
04-13 11:45:02.682  3017  3017 E ActivityThread: Failed to find provider info for com.google.android.setupwizard.partner
04-13 11:45:02.682  3017  3017 E ActivityThread: Failed to find provider info for com.google.android.setupwizard.partner
04-13 11:45:02.683  3017  3017 E ActivityThread: Failed to find provider info for com.google.android.setupwizard.partner
04-13 11:45:02.683  3017  3017 E ActivityThread: Failed to find provider info for com.google.android.setupwizard.partner
04-13 11:45:02.683  3017  3017 E ActivityThread: Failed to find provider info for com.google.android.setupwizard.partner
04-13 11:45:02.684  3017  3017 E ActivityThread: Failed to find provider info for com.google.android.setupwizard.partner
04-13 11:45:02.720  3017  3038 E .android.gms.ui: Invalid resource ID 0x00000000.
04-13 11:45:02.721  3017  3053 E .android.gms.ui: Invalid resource ID 0x00000000.
04-13 11:45:02.722  3017  3054 E .android.gms.ui: Invalid resource ID 0x00000000.
04-13 11:45:02.726  3017  3037 E .android.gms.ui: Invalid resource ID 0x00000000.
04-13 11:45:02.727  3017  3056 E .android.gms.ui: Invalid resource ID 0x00000000.
04-13 11:45:02.727  3017  3054 E .android.gms.ui: Invalid resource ID 0x00000000.
04-13 11:45:02.728  3017  3037 E .android.gms.ui: Invalid resource ID 0x00000000.
04-13 11:45:02.729  3017  3053 E .android.gms.ui: Invalid resource ID 0x00000000.
04-13 11:45:02.729  3017  3038 E .android.gms.ui: Invalid resource ID 0x00000000.
04-13 11:45:02.746  3017  3038 E .android.gms.ui: Invalid resource ID 0x00000000.
04-13 11:45:02.747  3017  3053 E .android.gms.ui: Invalid resource ID 0x00000000.
04-13 11:45:02.748  3017  3054 E .android.gms.ui: Invalid resource ID 0x00000000.
04-13 11:45:02.748  3017  3038 E .android.gms.ui: Invalid resource ID 0x00000000.
04-13 11:45:02.749  3017  3038 E .android.gms.ui: Invalid resource ID 0x00000000.
04-13 11:45:02.750  3017  3053 E .android.gms.ui: Invalid resource ID 0x00000000.
04-13 11:45:02.752  3017  3038 E .android.gms.ui: Invalid resource ID 0x00000000.
04-13 11:45:02.753  3017  3062 E .android.gms.ui: Invalid resource ID 0x00000000.
04-13 11:45:02.754  3017  3037 E .android.gms.ui: Invalid resource ID 0x00000000.
04-13 11:45:02.755  3017  3056 E .android.gms.ui: Invalid resource ID 0x00000000.
04-13 11:45:02.756  3017  3053 E .android.gms.ui: Invalid resource ID 0x00000000.
04-13 11:45:02.756  3017  3056 E .android.gms.ui: Invalid resource ID 0x00000000.
04-13 11:45:02.757  3017  3053 E .android.gms.ui: Invalid resource ID 0x00000000.
04-13 11:45:02.758  3017  3053 E .android.gms.ui: Invalid resource ID 0x00000000.
04-13 11:45:02.759  3017  3062 E .android.gms.ui: Invalid resource ID 0x00000000.
04-13 11:45:02.760  3017  3037 E .android.gms.ui: Invalid resource ID 0x00000000.
04-13 11:45:02.762  3017  3038 E .android.gms.ui: Invalid resource ID 0x00000000.
04-13 11:45:02.763  3017  3062 E .android.gms.ui: Invalid resource ID 0x00000000.
04-13 11:45:02.798  3017  3038 E .android.gms.ui: Invalid resource ID 0x00000000.
04-13 11:45:02.799  3017  3038 E .android.gms.ui: Invalid resource ID 0x00000000.
04-13 11:45:02.800  3017  3061 E .android.gms.ui: Invalid resource ID 0x00000000.
04-13 11:45:02.803  3017  3064 E SetupLibrary: [SetupCompatServiceProvider] Context#bindService did not succeed.
04-13 11:45:03.729   645  1478 E CellBroadcastUtils: getDefaultCellBroadcastReceiverPackageName: no package found
04-13 11:45:03.922  3017  3017 E ActivityThread: Failed to find provider info for com.google.android.setupwizard.partner
04-13 11:45:03.922  3017  3017 E ActivityThread: Failed to find provider info for com.google.android.setupwizard.partner
04-13 11:45:04.113  3078  3078 E ocessService0:0: Not starting debugger since process cannot load the jdwp agent.
04-13 11:45:04.301  3017  3017 E ActivityThread: Failed to find provider info for com.google.android.setupwizard.partner
04-13 11:45:04.302  3017  3017 E ActivityThread: Failed to find provider info for com.google.android.setupwizard.partner
04-13 11:45:04.305  3017  3017 E ActivityThread: Failed to find provider info for com.google.android.setupwizard.partner
