04-13 11:40:42.036   645   645 E SystemServiceRegistry: 	at android.app.SystemServiceRegistry$11.createService(SystemServiceRegistry.java:414)
04-13 11:40:42.036   645   645 E SystemServiceRegistry: 	at android.app.SystemServiceRegistry$11.createService(SystemServiceRegistry.java:411)
04-13 11:40:42.036   645   645 E SystemServiceRegistry: 	at android.app.SystemServiceRegistry$StaticServiceFetcher.getService(SystemServiceRegistry.java:2405)
04-13 11:40:42.036   645   645 E SystemServiceRegistry: 	at android.app.SystemServiceRegistry.getSystemService(SystemServiceRegistry.java:1918)
04-13 11:40:42.036   645   645 E SystemServiceRegistry: 	at android.app.ContextImpl.getSystemService(ContextImpl.java:2315)
04-13 11:40:42.036   645   645 E SystemServiceRegistry: 	at android.content.Context.getSystemService(Context.java:4630)
04-13 11:40:42.036   645   645 E SystemServiceRegistry: 	at com.android.server.tv.TvInputManagerService.<init>(TvInputManagerService.java:215)
04-13 11:40:42.036   645   645 E SystemServiceRegistry: 	at java.lang.reflect.Constructor.newInstance0(Native Method)
04-13 11:40:42.036   645   645 E SystemServiceRegistry: 	at java.lang.reflect.Constructor.newInstance(Constructor.java:343)
04-13 11:40:42.036   645   645 E SystemServiceRegistry: 	at com.android.server.SystemServiceManager.startService(SystemServiceManager.java:242)
04-13 11:40:42.036   645   645 E SystemServiceRegistry: 	at com.android.server.SystemServer.startOtherServices(SystemServer.java:2659)
04-13 11:40:42.036   645   645 E SystemServiceRegistry: 	at com.android.server.SystemServer.run(SystemServer.java:988)
04-13 11:40:42.036   645   645 E SystemServiceRegistry: 	at com.android.server.SystemServer.main(SystemServer.java:689)
04-13 11:40:42.036   645   645 E SystemServiceRegistry: 	at java.lang.reflect.Method.invoke(Native Method)
04-13 11:40:42.036   645   645 E SystemServiceRegistry: 	at com.android.internal.os.RuntimeInit$MethodAndArgsCaller.run(RuntimeInit.java:593)
04-13 11:40:42.036   645   645 E SystemServiceRegistry: 	at com.android.internal.os.ZygoteInit.main(ZygoteInit.java:910)
04-13 11:40:42.037   645   645 E SystemServiceRegistry: Manager wrapper not available: hdmi_control
04-13 11:40:42.048   645   645 E SystemServiceRegistry: No service published for: fingerprint
04-13 11:40:42.048   645   645 E SystemServiceRegistry: android.os.ServiceManager$ServiceNotFoundException: No service published for: fingerprint
04-13 11:40:42.048   645   645 E SystemServiceRegistry: 	at android.os.ServiceManager.getServiceOrThrow(ServiceManager.java:203)
04-13 11:40:42.048   645   645 E SystemServiceRegistry: 	at android.app.SystemServiceRegistry$71.createService(SystemServiceRegistry.java:978)
04-13 11:40:42.048   645   645 E SystemServiceRegistry: 	at android.app.SystemServiceRegistry$71.createService(SystemServiceRegistry.java:973)
04-13 11:40:42.048   645   645 E SystemServiceRegistry: 	at android.app.SystemServiceRegistry$CachedServiceFetcher.getService(SystemServiceRegistry.java:2343)
04-13 11:40:42.048   645   645 E SystemServiceRegistry: 	at android.app.SystemServiceRegistry.getSystemService(SystemServiceRegistry.java:1918)
04-13 11:40:42.048   645   645 E SystemServiceRegistry: 	at android.app.ContextImpl.getSystemService(ContextImpl.java:2315)
04-13 11:40:42.048   645   645 E SystemServiceRegistry: 	at android.content.Context.getSystemService(Context.java:4630)
04-13 11:40:42.048   645   645 E SystemServiceRegistry: 	at com.android.server.biometrics.BiometricService$Injector.getSettingObserver(BiometricService.java:1313)
04-13 11:40:42.048   645   645 E SystemServiceRegistry: 	at com.android.server.biometrics.BiometricService.<init>(BiometricService.java:1409)
04-13 11:40:42.048   645   645 E SystemServiceRegistry: 	at com.android.server.biometrics.BiometricService.<init>(BiometricService.java:1396)
04-13 11:40:42.048   645   645 E SystemServiceRegistry: 	at java.lang.reflect.Constructor.newInstance0(Native Method)
04-13 11:40:42.048   645   645 E SystemServiceRegistry: 	at java.lang.reflect.Constructor.newInstance(Constructor.java:343)
04-13 11:40:42.048   645   645 E SystemServiceRegistry: 	at com.android.server.SystemServiceManager.startService(SystemServiceManager.java:242)
04-13 11:40:42.048   645   645 E SystemServiceRegistry: 	at com.android.server.SystemServer.startOtherServices(SystemServer.java:2725)
04-13 11:40:42.048   645   645 E SystemServiceRegistry: 	at com.android.server.SystemServer.run(SystemServer.java:988)
04-13 11:40:42.048   645   645 E SystemServiceRegistry: 	at com.android.server.SystemServer.main(SystemServer.java:689)
04-13 11:40:42.048   645   645 E SystemServiceRegistry: 	at java.lang.reflect.Method.invoke(Native Method)
04-13 11:40:42.048   645   645 E SystemServiceRegistry: 	at com.android.internal.os.RuntimeInit$MethodAndArgsCaller.run(RuntimeInit.java:593)
04-13 11:40:42.048   645   645 E SystemServiceRegistry: 	at com.android.internal.os.ZygoteInit.main(ZygoteInit.java:910)
04-13 11:40:42.049   645   645 E SystemServiceRegistry: Manager wrapper not available: fingerprint
04-13 11:40:42.051   645   645 E SystemServiceRegistry: No service published for: face
04-13 11:40:42.051   645   645 E SystemServiceRegistry: android.os.ServiceManager$ServiceNotFoundException: No service published for: face
04-13 11:40:42.051   645   645 E SystemServiceRegistry: 	at android.os.ServiceManager.getServiceOrThrow(ServiceManager.java:203)
04-13 11:40:42.051   645   645 E SystemServiceRegistry: 	at android.app.SystemServiceRegistry$72.createService(SystemServiceRegistry.java:993)
04-13 11:40:42.051   645   645 E SystemServiceRegistry: 	at android.app.SystemServiceRegistry$72.createService(SystemServiceRegistry.java:987)
04-13 11:40:42.051   645   645 E SystemServiceRegistry: 	at android.app.SystemServiceRegistry$CachedServiceFetcher.getService(SystemServiceRegistry.java:2343)
04-13 11:40:42.051   645   645 E SystemServiceRegistry: 	at android.app.SystemServiceRegistry.getSystemService(SystemServiceRegistry.java:1918)
04-13 11:40:42.051   645   645 E SystemServiceRegistry: 	at android.app.ContextImpl.getSystemService(ContextImpl.java:2315)
04-13 11:40:42.051   645   645 E SystemServiceRegistry: 	at android.content.Context.getSystemService(Context.java:4630)
04-13 11:40:42.051   645   645 E SystemServiceRegistry: 	at com.android.server.biometrics.BiometricService$Injector.getSettingObserver(BiometricService.java:1314)
04-13 11:40:42.051   645   645 E SystemServiceRegistry: 	at com.android.server.biometrics.BiometricService.<init>(BiometricService.java:1409)
04-13 11:40:42.051   645   645 E SystemServiceRegistry: 	at com.android.server.biometrics.BiometricService.<init>(BiometricService.java:1396)
04-13 11:40:42.051   645   645 E SystemServiceRegistry: 	at java.lang.reflect.Constructor.newInstance0(Native Method)
04-13 11:40:42.051   645   645 E SystemServiceRegistry: 	at java.lang.reflect.Constructor.newInstance(Constructor.java:343)
04-13 11:40:42.051   645   645 E SystemServiceRegistry: 	at com.android.server.SystemServiceManager.startService(SystemServiceManager.java:242)
04-13 11:40:42.051   645   645 E SystemServiceRegistry: 	at com.android.server.SystemServer.startOtherServices(SystemServer.java:2725)
04-13 11:40:42.051   645   645 E SystemServiceRegistry: 	at com.android.server.SystemServer.run(SystemServer.java:988)
04-13 11:40:42.051   645   645 E SystemServiceRegistry: 	at com.android.server.SystemServer.main(SystemServer.java:689)
04-13 11:40:42.051   645   645 E SystemServiceRegistry: 	at java.lang.reflect.Method.invoke(Native Method)
04-13 11:40:42.051   645   645 E SystemServiceRegistry: 	at com.android.internal.os.RuntimeInit$MethodAndArgsCaller.run(RuntimeInit.java:593)
04-13 11:40:42.051   645   645 E SystemServiceRegistry: 	at com.android.internal.os.ZygoteInit.main(ZygoteInit.java:910)
04-13 11:40:42.052   645   645 E SystemServiceRegistry: Manager wrapper not available: face
04-13 11:40:42.068   645   816 E AuthService: Fingerprint configuration exists, but FingerprintService is null.
04-13 11:40:42.068   645   817 E AuthService: Face configuration exists, but FaceService is null.
04-13 11:40:42.192   645   645 E AutofillManagerServiceImpl: Bad service name: com.google.android.gms/.autofill.service.AutofillService
04-13 11:40:42.222   645   645 E EnergyConsumerSnapshot: Unexpected battery voltage (0 mV) when taking energy consumer snapshot
04-13 11:40:42.227   645   691 E BatteryStatsService: Unable to load Power.Stats.HAL. Setting rail availability to false
04-13 11:40:42.227   645   691 E BluetoothAdapter: Bluetooth service is null
04-13 11:40:42.229   645   691 E EnergyConsumerSnapshot: Unexpected battery voltage (0 mV) when taking energy consumer snapshot
04-13 11:40:42.240   245   812 E android.system.suspend-service: Error opening wakeup28/name for wakeup28: Permission denied
04-13 11:40:42.240   245   812 E android.system.suspend-service: Error opening wakeup28/active_count for wakeup28: Permission denied
04-13 11:40:42.240   245   812 E android.system.suspend-service: Error opening wakeup28/last_change_ms for wakeup28: Permission denied
04-13 11:40:42.240   245   812 E android.system.suspend-service: Error opening wakeup28/max_time_ms for wakeup28: Permission denied
04-13 11:40:42.241   245   812 E android.system.suspend-service: Error opening wakeup28/total_time_ms for wakeup28: Permission denied
04-13 11:40:42.241   245   812 E android.system.suspend-service: Error opening wakeup28/active_time_ms for wakeup28: Permission denied
04-13 11:40:42.241   245   812 E android.system.suspend-service: Error opening wakeup28/event_count for wakeup28: Permission denied
04-13 11:40:42.241   245   812 E android.system.suspend-service: Error opening wakeup28/expire_count for wakeup28: Permission denied
04-13 11:40:42.241   245   812 E android.system.suspend-service: Error opening wakeup28/prevent_suspend_time_ms for wakeup28: Permission denied
04-13 11:40:42.241   245   812 E android.system.suspend-service: Error opening wakeup28/wakeup_count for wakeup28: Permission denied
04-13 11:40:42.248   645   645 E DisplayPowerController[0]: failed to set up display white-balance: java.lang.IllegalStateException: cannot find light sensor
04-13 11:40:42.257   645   645 E DeviceConfig: Parsing int failed for location_mode
04-13 11:40:42.258   645   645 E SensorManager: sensor or listener is null
04-13 11:40:42.272   645   680 E AppWidgetManager: Notify service of inheritance info
04-13 11:40:42.272   645   680 E AppWidgetManager: java.lang.IllegalStateException: User 0 must be unlocked for widgets to be available
04-13 11:40:42.272   645   680 E AppWidgetManager: 	at com.android.server.appwidget.AppWidgetServiceImpl.ensureGroupStateLoadedLocked(AppWidgetServiceImpl.java:1059)
04-13 11:40:42.272   645   680 E AppWidgetManager: 	at com.android.server.appwidget.AppWidgetServiceImpl.ensureGroupStateLoadedLocked(AppWidgetServiceImpl.java:1044)
04-13 11:40:42.272   645   680 E AppWidgetManager: 	at com.android.server.appwidget.AppWidgetServiceImpl.getInstalledProvidersForProfile(AppWidgetServiceImpl.java:2536)
04-13 11:40:42.272   645   680 E AppWidgetManager: 	at android.appwidget.AppWidgetManager.getInstalledProvidersForProfile(AppWidgetManager.java:1107)
04-13 11:40:42.272   645   680 E AppWidgetManager: 	at android.appwidget.AppWidgetManager.getInstalledProvidersForPackage(AppWidgetManager.java:1041)
04-13 11:40:42.272   645   680 E AppWidgetManager: 	at android.appwidget.AppWidgetManager.lambda$new$3(AppWidgetManager.java:639)
04-13 11:40:42.272   645   680 E AppWidgetManager: 	at android.appwidget.AppWidgetManager.$r8$lambda$WKLPyaeqLNLNb3560d7QJuq2DwQ(Unknown Source:0)
04-13 11:40:42.272   645   680 E AppWidgetManager: 	at android.appwidget.AppWidgetManager$$ExternalSyntheticLambda7.run(D8$$SyntheticClass:0)
04-13 11:40:42.272   645   680 E AppWidgetManager: 	at android.os.Handler.handleCallback(Handler.java:995)
04-13 11:40:42.272   645   680 E AppWidgetManager: 	at android.os.Handler.dispatchMessage(Handler.java:103)
04-13 11:40:42.272   645   680 E AppWidgetManager: 	at android.os.Looper.loopOnce(Looper.java:248)
04-13 11:40:42.272   645   680 E AppWidgetManager: 	at android.os.Looper.loop(Looper.java:338)
04-13 11:40:42.272   645   680 E AppWidgetManager: 	at android.os.HandlerThread.run(HandlerThread.java:85)
04-13 11:40:42.327   245   812 E android.system.suspend-service: Error opening wakeup27/name for wakeup27: Permission denied
04-13 11:40:42.327   245   812 E android.system.suspend-service: Error opening wakeup27/active_count for wakeup27: Permission denied
04-13 11:40:42.327   245   812 E android.system.suspend-service: Error opening wakeup27/last_change_ms for wakeup27: Permission denied
04-13 11:40:42.327   245   812 E android.system.suspend-service: Error opening wakeup27/max_time_ms for wakeup27: Permission denied
04-13 11:40:42.327   245   812 E android.system.suspend-service: Error opening wakeup27/total_time_ms for wakeup27: Permission denied
04-13 11:40:42.328   245   812 E android.system.suspend-service: Error opening wakeup27/active_time_ms for wakeup27: Permission denied
04-13 11:40:42.328   245   812 E android.system.suspend-service: Error opening wakeup27/event_count for wakeup27: Permission denied
04-13 11:40:42.328   245   812 E android.system.suspend-service: Error opening wakeup27/expire_count for wakeup27: Permission denied
04-13 11:40:42.328   245   812 E android.system.suspend-service: Error opening wakeup27/prevent_suspend_time_ms for wakeup27: Permission denied
04-13 11:40:42.328   245   812 E android.system.suspend-service: Error opening wakeup27/wakeup_count for wakeup27: Permission denied
04-13 11:40:42.341   245   812 E android.system.suspend-service: Error opening wakeup21/name for wakeup21: Permission denied
04-13 11:40:42.341   245   812 E android.system.suspend-service: Error opening wakeup21/active_count for wakeup21: Permission denied
04-13 11:40:42.341   245   812 E android.system.suspend-service: Error opening wakeup21/last_change_ms for wakeup21: Permission denied
04-13 11:40:42.341   245   812 E android.system.suspend-service: Error opening wakeup21/max_time_ms for wakeup21: Permission denied
04-13 11:40:42.341   245   812 E android.system.suspend-service: Error opening wakeup21/total_time_ms for wakeup21: Permission denied
04-13 11:40:42.342   245   812 E android.system.suspend-service: Error opening wakeup21/active_time_ms for wakeup21: Permission denied
04-13 11:40:42.342   245   812 E android.system.suspend-service: Error opening wakeup21/event_count for wakeup21: Permission denied
04-13 11:40:42.342   245   812 E android.system.suspend-service: Error opening wakeup21/expire_count for wakeup21: Permission denied
04-13 11:40:42.342   245   812 E android.system.suspend-service: Error opening wakeup21/prevent_suspend_time_ms for wakeup21: Permission denied
04-13 11:40:42.342   245   812 E android.system.suspend-service: Error opening wakeup21/wakeup_count for wakeup21: Permission denied
04-13 11:40:42.357   645   645 E TestHarnessModeService: Failed to start Test Harness Mode; no implementation of PersistentDataBlockManagerInternal was bound!
04-13 11:40:42.378   645   768 E WifiConfigManager: Cannot find network with networkId -1 or configKey "AndroidWifi"NONE or upgradable security type check
04-13 11:40:42.381   645   768 E SupplicantStaIfaceHalAidlImpl: Can't call setDebugParams, ISupplicant is null
04-13 11:40:42.389   645   768 E WifiActiveModeWarden: Something is wrong, no client mode toggles enabled
04-13 11:40:42.424   645   645 E SystemServiceRegistry: No service published for: fingerprint
04-13 11:40:42.424   645   645 E SystemServiceRegistry: android.os.ServiceManager$ServiceNotFoundException: No service published for: fingerprint
04-13 11:40:42.424   645   645 E SystemServiceRegistry: 	at android.os.ServiceManager.getServiceOrThrow(ServiceManager.java:203)
04-13 11:40:42.424   645   645 E SystemServiceRegistry: 	at android.app.SystemServiceRegistry$71.createService(SystemServiceRegistry.java:978)
04-13 11:40:42.424   645   645 E SystemServiceRegistry: 	at android.app.SystemServiceRegistry$71.createService(SystemServiceRegistry.java:973)
04-13 11:40:42.424   645   645 E SystemServiceRegistry: 	at android.app.SystemServiceRegistry$CachedServiceFetcher.getService(SystemServiceRegistry.java:2343)
04-13 11:40:42.424   645   645 E SystemServiceRegistry: 	at android.app.SystemServiceRegistry.getSystemService(SystemServiceRegistry.java:1918)
04-13 11:40:42.424   645   645 E SystemServiceRegistry: 	at android.app.ContextImpl.getSystemService(ContextImpl.java:2315)
04-13 11:40:42.424   645   645 E SystemServiceRegistry: 	at android.content.Context.getSystemService(Context.java:4630)
04-13 11:40:42.424   645   645 E SystemServiceRegistry: 	at com.android.server.trust.TrustManagerService.onBootPhase(TrustManagerService.java:352)
04-13 11:40:42.424   645   645 E SystemServiceRegistry: 	at com.android.server.SystemServiceManager.startBootPhase(SystemServiceManager.java:318)
04-13 11:40:42.424   645   645 E SystemServiceRegistry: 	at com.android.server.SystemServer.startOtherServices(SystemServer.java:3039)
04-13 11:40:42.424   645   645 E SystemServiceRegistry: 	at com.android.server.SystemServer.run(SystemServer.java:988)
04-13 11:40:42.424   645   645 E SystemServiceRegistry: 	at com.android.server.SystemServer.main(SystemServer.java:689)
04-13 11:40:42.424   645   645 E SystemServiceRegistry: 	at java.lang.reflect.Method.invoke(Native Method)
04-13 11:40:42.424   645   645 E SystemServiceRegistry: 	at com.android.internal.os.RuntimeInit$MethodAndArgsCaller.run(RuntimeInit.java:593)
04-13 11:40:42.424   645   645 E SystemServiceRegistry: 	at com.android.internal.os.ZygoteInit.main(ZygoteInit.java:910)
04-13 11:40:42.424   645   645 E SystemServiceRegistry: Manager wrapper not available: fingerprint
04-13 11:40:42.425   645   645 E SystemServiceRegistry: No service published for: face
04-13 11:40:42.425   645   645 E SystemServiceRegistry: android.os.ServiceManager$ServiceNotFoundException: No service published for: face
04-13 11:40:42.425   645   645 E SystemServiceRegistry: 	at android.os.ServiceManager.getServiceOrThrow(ServiceManager.java:203)
04-13 11:40:42.425   645   645 E SystemServiceRegistry: 	at android.app.SystemServiceRegistry$72.createService(SystemServiceRegistry.java:993)
04-13 11:40:42.425   645   645 E SystemServiceRegistry: 	at android.app.SystemServiceRegistry$72.createService(SystemServiceRegistry.java:987)
04-13 11:40:42.425   645   645 E SystemServiceRegistry: 	at android.app.SystemServiceRegistry$CachedServiceFetcher.getService(SystemServiceRegistry.java:2343)
04-13 11:40:42.425   645   645 E SystemServiceRegistry: 	at android.app.SystemServiceRegistry.getSystemService(SystemServiceRegistry.java:1918)
04-13 11:40:42.425   645   645 E SystemServiceRegistry: 	at android.app.ContextImpl.getSystemService(ContextImpl.java:2315)
04-13 11:40:42.425   645   645 E SystemServiceRegistry: 	at android.content.Context.getSystemService(Context.java:4630)
04-13 11:40:42.425   645   645 E SystemServiceRegistry: 	at com.android.server.trust.TrustManagerService.onBootPhase(TrustManagerService.java:353)
04-13 11:40:42.425   645   645 E SystemServiceRegistry: 	at com.android.server.SystemServiceManager.startBootPhase(SystemServiceManager.java:318)
04-13 11:40:42.425   645   645 E SystemServiceRegistry: 	at com.android.server.SystemServer.startOtherServices(SystemServer.java:3039)
04-13 11:40:42.425   645   645 E SystemServiceRegistry: 	at com.android.server.SystemServer.run(SystemServer.java:988)
04-13 11:40:42.425   645   645 E SystemServiceRegistry: 	at com.android.server.SystemServer.main(SystemServer.java:689)
04-13 11:40:42.425   645   645 E SystemServiceRegistry: 	at java.lang.reflect.Method.invoke(Native Method)
04-13 11:40:42.425   645   645 E SystemServiceRegistry: 	at com.android.internal.os.RuntimeInit$MethodAndArgsCaller.run(RuntimeInit.java:593)
04-13 11:40:42.425   645   645 E SystemServiceRegistry: 	at com.android.internal.os.ZygoteInit.main(ZygoteInit.java:910)
04-13 11:40:42.426   645   645 E SystemServiceRegistry: Manager wrapper not available: face
04-13 11:40:42.442   645   645 E UserManagerService: Auto-lock preference updated but private space user not found
04-13 11:40:42.458   645   705 E DefaultPermGrantPolicy: Package not found: com.google.android.tv.axel
04-13 11:40:42.458   645   705 E DefaultPermGrantPolicy: Package not found: com.google.android.tungsten.setupwraith
04-13 11:40:42.458   645   705 E DefaultPermGrantPolicy: Package not found: com.google.android.tv.dfuservice
04-13 11:40:42.543   837   837 F ot-daemon: [C] P-SpinelDrive-: Software reset co-processor successfully
04-13 11:40:42.555   837   837 F ot-daemon: [C] P-Resolver----: No domain name servers found in /etc/resolv.conf, default to 127.0.0.1
04-13 11:40:42.664   645   727 E NativeTombstoneManager: Tombstone's UID (0) not an app, ignoring
04-13 11:40:42.671   645   727 E NativeTombstoneManager: Tombstone's UID (0) not an app, ignoring
04-13 11:40:42.821   645   795 E BluetoothAdapter: getProfileProxy(): BluetoothHearingAid is not supported
04-13 11:40:42.907   862   862 E ndroid.systemui: Not starting debugger since process cannot load the jdwp agent.
04-13 11:40:42.921   645   861 E MediaCodec: Media Quality Service not found.
04-13 11:40:42.922   645   860 E MediaCodec: Media Quality Service not found.
04-13 11:40:42.923   645   866 E system_server: Failed to query component interface for required system resources: 6
04-13 11:40:42.924   645   865 E system_server: Failed to query component interface for required system resources: 6
04-13 11:40:42.927   544   595 E Codec2-ComponentInterface: We have a failed config
04-13 11:40:42.928   544   594 E Codec2-ComponentInterface: We have a failed config
04-13 11:40:43.005   645   860 E MediaCodec: Media Quality Service not found.
04-13 11:40:43.007   645   894 E system_server: Failed to query component interface for required system resources: 6
04-13 11:40:43.011   544   872 E Codec2-ComponentInterface: We have a failed config
04-13 11:40:43.014   645   861 E MediaCodec: Media Quality Service not found.
04-13 11:40:43.016   645   897 E system_server: Failed to query component interface for required system resources: 6
04-13 11:40:43.021   544   891 E Codec2-ComponentInterface: We have a failed config
04-13 11:40:43.065   645   860 E MediaCodec: Media Quality Service not found.
04-13 11:40:43.067   645   901 E system_server: Failed to query component interface for required system resources: 6
04-13 11:40:43.071   544   891 E Codec2-ComponentInterface: We have a failed config
04-13 11:40:43.090   645   861 E MediaCodec: Media Quality Service not found.
04-13 11:40:43.091   645   904 E system_server: Failed to query component interface for required system resources: 6
04-13 11:40:43.095   544   595 E Codec2-ComponentInterface: We have a failed config
04-13 11:40:43.366   862   862 E ashmem  : Pinning is deprecated since Android Q. Please use trim or other methods.
04-13 11:40:43.497   494   577 E EGL_emulation: eglQueryContext 3100  EGL_BAD_ATTRIBUTE
04-13 11:40:43.497   494   577 E EGL_emulation: tid 577: eglQueryContext(2159): error 0x3004 (EGL_BAD_ATTRIBUTE)
04-13 11:40:43.502   645   720 E PinnerService: Could not pin file primary.vdex mapped directly in memory from /data/app/~~SMkOyNoK550aE6cNUlAg-Q==/com.google.android.webview-XDwursOOBO6R1PaBxgN6Ng==/base.dm
04-13 11:40:43.502   645   720 E PinnerService: android.system.ErrnoException: open failed: ENOENT (No such file or directory)
04-13 11:40:43.502   645   720 E PinnerService: 	at libcore.io.Linux.open(Native Method)
04-13 11:40:43.502   645   720 E PinnerService: 	at libcore.io.ForwardingOs.open(ForwardingOs.java:568)
04-13 11:40:43.502   645   720 E PinnerService: 	at libcore.io.BlockGuardOs.open(BlockGuardOs.java:274)
04-13 11:40:43.502   645   720 E PinnerService: 	at android.system.Os.open(Os.java:500)
04-13 11:40:43.502   645   720 E PinnerService: 	at com.android.server.pinner.PinnerService.pinFileRanges(PinnerService.java:1162)
04-13 11:40:43.502   645   720 E PinnerService: 	at com.android.server.pinner.PinnerService.pinFileInternal(PinnerService.java:1072)
04-13 11:40:43.502   645   720 E PinnerService: 	at com.android.server.pinner.PinnerService.-$$Nest$mpinFileInternal(PinnerService.java:0)
04-13 11:40:43.502   645   720 E PinnerService: 	at com.android.server.pinner.PinnerService$Injector.pinFileInternal(PinnerService.java:235)
04-13 11:40:43.502   645   720 E PinnerService: 	at com.android.server.pinner.PinnerService.pinOptimizedDexDependencies(PinnerService.java:997)
04-13 11:40:43.502   645   720 E PinnerService: 	at com.android.server.pinner.PinnerService.pinFile(PinnerService.java:954)
04-13 11:40:43.502   645   720 E PinnerService: 	at com.android.server.webkit.SystemImpl.pinWebviewIfRequired(SystemImpl.java:291)
04-13 11:40:43.502   645   720 E PinnerService: 	at com.android.server.webkit.WebViewUpdateServiceImpl2.onWebViewProviderChanged(WebViewUpdateServiceImpl2.java:397)
04-13 11:40:43.502   645   720 E PinnerService: 	at com.android.server.webkit.WebViewUpdateServiceImpl2.prepareWebViewInSystemServer(WebViewUpdateServiceImpl2.java:235)
04-13 11:40:43.502   645   720 E PinnerService: 	at com.android.server.webkit.WebViewUpdateService.prepareWebViewInSystemServer(WebViewUpdateService.java:145)
04-13 11:40:43.502   645   720 E PinnerService: 	at com.android.server.SystemServer.lambda$startOtherServices$4(SystemServer.java:3254)
04-13 11:40:43.502   645   720 E PinnerService: 	at com.android.server.SystemServer.$r8$lambda$YJe3jwfhMH0kZGfHy8OK7gif2ac(SystemServer.java:0)
04-13 11:40:43.502   645   720 E PinnerService: 	at com.android.server.SystemServer$$ExternalSyntheticLambda2.run(R8$$SyntheticClass:0)
04-13 11:40:43.502   645   720 E PinnerService: 	at com.android.server.SystemServerInitThreadPool.lambda$submitTask$0(SystemServerInitThreadPool.java:107)
04-13 11:40:43.502   645   720 E PinnerService: 	at com.android.server.SystemServerInitThreadPool.$r8$lambda$KBkrFsHiqcxWyjNRg1WxRI4WNHA(SystemServerInitThreadPool.java:0)
04-13 11:40:43.502   645   720 E PinnerService: 	at com.android.server.SystemServerInitThreadPool$$ExternalSyntheticLambda1.run(R8$$SyntheticClass:0)
04-13 11:40:43.502   645   720 E PinnerService: 	at java.util.concurrent.Executors$RunnableAdapter.call(Executors.java:524)
04-13 11:40:43.502   645   720 E PinnerService: 	at java.util.concurrent.FutureTask.run(FutureTask.java:317)
04-13 11:40:43.502   645   720 E PinnerService: 	at java.util.concurrent.ThreadPoolExecutor.runWorker(ThreadPoolExecutor.java:1156)
04-13 11:40:43.502   645   720 E PinnerService: 	at java.util.concurrent.ThreadPoolExecutor$Worker.run(ThreadPoolExecutor.java:651)
04-13 11:40:43.502   645   720 E PinnerService: 	at com.android.internal.util.ConcurrentUtils$1$1.run(ConcurrentUtils.java:65)
04-13 11:40:43.505   645   720 E AppOps  : Bad call made by uid 1000. Package "android" does not belong to uid 1037.
04-13 11:40:43.505   645   720 E AppOps  : Cannot getAppOpMode: non-application UID 1037
04-13 11:40:43.553   645   645 E LocationManagerService: no population density provider found
04-13 11:40:43.553   645   645 E ActivityRecognitionHardware: activity_recognition HAL is deprecated. is_supported is effectively a no-op
04-13 11:40:43.584   920   920 E WebViewLoader-x: Not starting debugger since process cannot load the jdwp agent.
04-13 11:40:43.665   645   691 E BluetoothPowerStatsCollector: Cannot acquire BluetoothActivityEnergyInfo
04-13 11:40:43.665   645   691 E BluetoothPowerStatsCollector: java.util.concurrent.ExecutionException: java.lang.RuntimeException: error: 9
04-13 11:40:43.665   645   691 E BluetoothPowerStatsCollector: 	at java.util.concurrent.CompletableFuture.reportGet(CompletableFuture.java:372)
04-13 11:40:43.665   645   691 E BluetoothPowerStatsCollector: 	at java.util.concurrent.CompletableFuture.get(CompletableFuture.java:2072)
04-13 11:40:43.665   645   691 E BluetoothPowerStatsCollector: 	at com.android.server.power.stats.BluetoothPowerStatsCollector.collectBluetoothActivityInfo(BluetoothPowerStatsCollector.java:192)
04-13 11:40:43.665   645   691 E BluetoothPowerStatsCollector: 	at com.android.server.power.stats.BluetoothPowerStatsCollector.collectStats(BluetoothPowerStatsCollector.java:155)
04-13 11:40:43.665   645   691 E BluetoothPowerStatsCollector: 	at com.android.server.power.stats.PowerStatsCollector.collectAndDeliverStats(PowerStatsCollector.java:176)
04-13 11:40:43.665   645   691 E BluetoothPowerStatsCollector: 	at com.android.server.power.stats.PowerStatsCollector$$ExternalSyntheticLambda0.run(R8$$SyntheticClass:0)
04-13 11:40:43.665   645   691 E BluetoothPowerStatsCollector: 	at android.os.Handler.handleCallback(Handler.java:995)
04-13 11:40:43.665   645   691 E BluetoothPowerStatsCollector: 	at android.os.Handler.dispatchMessage(Handler.java:103)
04-13 11:40:43.665   645   691 E BluetoothPowerStatsCollector: 	at android.os.Looper.loopOnce(Looper.java:248)
04-13 11:40:43.665   645   691 E BluetoothPowerStatsCollector: 	at android.os.Looper.loop(Looper.java:338)
04-13 11:40:43.665   645   691 E BluetoothPowerStatsCollector: 	at android.os.HandlerThread.run(HandlerThread.java:85)
04-13 11:40:43.665   645   691 E BluetoothPowerStatsCollector: Caused by: java.lang.RuntimeException: error: 9
04-13 11:40:43.665   645   691 E BluetoothPowerStatsCollector: 	at com.android.server.power.stats.BluetoothPowerStatsCollector$1.onBluetoothActivityEnergyInfoError(BluetoothPowerStatsCollector.java:181)
04-13 11:40:43.665   645   691 E BluetoothPowerStatsCollector: 	at android.bluetooth.BluetoothAdapter$OnBluetoothActivityEnergyInfoProxy.lambda$onError$2(BluetoothAdapter.java:1059)
04-13 11:40:43.665   645   691 E BluetoothPowerStatsCollector: 	at android.bluetooth.BluetoothAdapter$OnBluetoothActivityEnergyInfoProxy$$ExternalSyntheticLambda0.run(D8$$SyntheticClass:0)
04-13 11:40:43.665   645   691 E BluetoothPowerStatsCollector: 	at android.bluetooth.BluetoothUtils.lambda$executeFromBinder$0(BluetoothUtils.java:343)
04-13 11:40:43.665   645   691 E BluetoothPowerStatsCollector: 	at android.bluetooth.BluetoothUtils$$ExternalSyntheticLambda1.run(D8$$SyntheticClass:0)
04-13 11:40:43.665   645   691 E BluetoothPowerStatsCollector: 	at com.android.server.SystemServerInitThreadPool$$ExternalSyntheticLambda0.execute(R8$$SyntheticClass:0)
04-13 11:40:43.665   645   691 E BluetoothPowerStatsCollector: 	at android.bluetooth.BluetoothUtils.executeFromBinder(BluetoothUtils.java:343)
04-13 11:40:43.665   645   691 E BluetoothPowerStatsCollector: 	at android.bluetooth.BluetoothAdapter$OnBluetoothActivityEnergyInfoProxy.onError(BluetoothAdapter.java:1058)
04-13 11:40:43.665   645   691 E BluetoothPowerStatsCollector: 	at android.bluetooth.BluetoothAdapter.requestControllerActivityEnergyInfo(BluetoothAdapter.java:2694)
04-13 11:40:43.665   645   691 E BluetoothPowerStatsCollector: 	at com.android.server.power.stats.BatteryStatsImpl$BluetoothStatsRetrieverImpl.requestControllerActivityEnergyInfo(BatteryStatsImpl.java:485)
04-13 11:40:43.665   645   691 E BluetoothPowerStatsCollector: 	at com.android.server.power.stats.BluetoothPowerStatsCollector.collectBluetoothActivityInfo(BluetoothPowerStatsCollector.java:170)
04-13 11:40:43.665   645   691 E BluetoothPowerStatsCollector: 	... 8 more
04-13 11:40:43.690   645   645 E CellBroadcastUtils: getDefaultCellBroadcastReceiverPackageName: no package found
04-13 11:40:43.703   645   645 E CellBroadcastUtils: getDefaultCellBroadcastReceiverPackageName: no package found
04-13 11:40:43.724   645   645 E CellBroadcastUtils: getDefaultCellBroadcastReceiverPackageName: no package found
04-13 11:40:43.727   645   645 E CellBroadcastUtils: getDefaultCellBroadcastReceiverPackageName: no package found
04-13 11:40:43.742   645   936 E StatsCompanionService: Could not get installer for package: com.google.android.trichromelibrary
04-13 11:40:43.742   645   936 E StatsCompanionService: android.content.pm.PackageManager$NameNotFoundException: com.google.android.trichromelibrary
04-13 11:40:43.742   645   936 E StatsCompanionService: 	at android.app.ApplicationPackageManager.getInstallSourceInfo(ApplicationPackageManager.java:2687)
04-13 11:40:43.742   645   936 E StatsCompanionService: 	at com.android.server.stats.StatsCompanionService.getInstallerPackageName(StatsCompanionService.java:153)
04-13 11:40:43.742   645   936 E StatsCompanionService: 	at com.android.server.stats.StatsCompanionService.$r8$lambda$MBPStrBhgnmbybdtzkoTAe-YOYw(StatsCompanionService.java:229)
04-13 11:40:43.742   645   936 E StatsCompanionService: 	at com.android.server.stats.StatsCompanionService$$ExternalSyntheticLambda1.run(R8$$SyntheticClass:0)
04-13 11:40:43.742   645   936 E StatsCompanionService: 	at android.os.Handler.handleCallback(Handler.java:995)
04-13 11:40:43.742   645   936 E StatsCompanionService: 	at android.os.Handler.dispatchMessage(Handler.java:103)
04-13 11:40:43.742   645   936 E StatsCompanionService: 	at android.os.Looper.loopOnce(Looper.java:248)
04-13 11:40:43.742   645   936 E StatsCompanionService: 	at android.os.Looper.loop(Looper.java:338)
04-13 11:40:43.742   645   936 E StatsCompanionService: 	at android.os.HandlerThread.run(HandlerThread.java:85)
04-13 11:40:43.764   645   680 E CountryDetector: Could not instantiate the custom country detector class
04-13 11:40:43.810   938   938 E rkstack.process: Not starting debugger since process cannot load the jdwp agent.
04-13 11:40:43.881   947   947 E droid.bluetooth: Not starting debugger since process cannot load the jdwp agent.
04-13 11:40:43.966   645   645 E CellBroadcastUtils: getDefaultCellBroadcastReceiverPackageName: no package found
04-13 11:40:44.147   985   985 E rkstack.process: Not starting debugger since process cannot load the jdwp agent.
04-13 11:40:44.163   987   987 E com.android.se: Not starting debugger since process cannot load the jdwp agent.
04-13 11:40:44.172   990   990 E oid.tv.settings: Not starting debugger since process cannot load the jdwp agent.
04-13 11:40:44.239   645   786 E SystemServiceRegistry: Manager wrapper not available: carrier_config
04-13 11:40:44.264  1012  1012 E id.ext.services: Not starting debugger since process cannot load the jdwp agent.
04-13 11:40:44.290   645   645 E AutofillManagerServiceImpl: Bad service name: com.google.android.gms/.autofill.service.AutofillService
04-13 11:40:44.716  1018  1018 E .remote.service: Not starting debugger since process cannot load the jdwp agent.
04-13 11:40:44.788   985   985 E ashmem  : Pinning is deprecated since Android Q. Please use trim or other methods.
04-13 11:40:44.899   990   990 E ashmem  : Pinning is deprecated since Android Q. Please use trim or other methods.
04-13 11:40:44.976   947   947 E ashmem  : Pinning is deprecated since Android Q. Please use trim or other methods.
04-13 11:40:45.024   990   990 E ViewRootImpl: SensitiveContentProtectionService shouldn't be null
04-13 11:40:45.377   985  1083 E DhcpClient: Error retrieving network attributes: ILLEGAL ARGUMENT
04-13 11:40:45.391   862   979 E AppWidgetManager: Notify service of inheritance info
04-13 11:40:45.391   862   979 E AppWidgetManager: java.lang.IllegalStateException: User 0 must be unlocked for widgets to be available
04-13 11:40:45.391   862   979 E AppWidgetManager: 	at android.os.Parcel.createExceptionOrNull(Parcel.java:3348)
04-13 11:40:45.391   862   979 E AppWidgetManager: 	at android.os.Parcel.createException(Parcel.java:3324)
04-13 11:40:45.391   862   979 E AppWidgetManager: 	at android.os.Parcel.readException(Parcel.java:3307)
04-13 11:40:45.391   862   979 E AppWidgetManager: 	at android.os.Parcel.readException(Parcel.java:3249)
04-13 11:40:45.391   862   979 E AppWidgetManager: 	at com.android.internal.appwidget.IAppWidgetService$Stub$Proxy.getInstalledProvidersForProfile(IAppWidgetService.java:1071)
04-13 11:40:45.391   862   979 E AppWidgetManager: 	at android.appwidget.AppWidgetManager.getInstalledProvidersForProfile(AppWidgetManager.java:1107)
04-13 11:40:45.391   862   979 E AppWidgetManager: 	at android.appwidget.AppWidgetManager.getInstalledProvidersForPackage(AppWidgetManager.java:1041)
04-13 11:40:45.391   862   979 E AppWidgetManager: 	at android.appwidget.AppWidgetManager.lambda$new$3(AppWidgetManager.java:639)
04-13 11:40:45.391   862   979 E AppWidgetManager: 	at android.appwidget.AppWidgetManager.$r8$lambda$WKLPyaeqLNLNb3560d7QJuq2DwQ(Unknown Source:0)
04-13 11:40:45.391   862   979 E AppWidgetManager: 	at android.appwidget.AppWidgetManager$$ExternalSyntheticLambda7.run(D8$$SyntheticClass:0)
04-13 11:40:45.391   862   979 E AppWidgetManager: 	at android.os.Handler.handleCallback(Handler.java:995)
04-13 11:40:45.391   862   979 E AppWidgetManager: 	at android.os.Handler.dispatchMessage(Handler.java:103)
04-13 11:40:45.391   862   979 E AppWidgetManager: 	at android.os.Looper.loopOnce(Looper.java:248)
04-13 11:40:45.391   862   979 E AppWidgetManager: 	at android.os.Looper.loop(Looper.java:338)
04-13 11:40:45.391   862   979 E AppWidgetManager: 	at android.os.HandlerThread.run(HandlerThread.java:85)
04-13 11:40:45.391   862   979 E AppWidgetManager: Caused by: android.os.RemoteException: Remote stack trace:
04-13 11:40:45.391   862   979 E AppWidgetManager: 	at com.android.server.appwidget.AppWidgetServiceImpl.ensureGroupStateLoadedLocked(AppWidgetServiceImpl.java:1059)
04-13 11:40:45.391   862   979 E AppWidgetManager: 	at com.android.server.appwidget.AppWidgetServiceImpl.ensureGroupStateLoadedLocked(AppWidgetServiceImpl.java:1044)
04-13 11:40:45.391   862   979 E AppWidgetManager: 	at com.android.server.appwidget.AppWidgetServiceImpl.getInstalledProvidersForProfile(AppWidgetServiceImpl.java:2536)
04-13 11:40:45.391   862   979 E AppWidgetManager: 	at com.android.internal.appwidget.IAppWidgetService$Stub.onTransact(IAppWidgetService.java:543)
04-13 11:40:45.391   862   979 E AppWidgetManager: 	at android.os.Binder.execTransactInternal(Binder.java:1421)
04-13 11:40:45.391   862   979 E AppWidgetManager: 
04-13 11:40:45.483   862   862 E UdfpsOverlayInteractor: invalid pixelPitch: -1.0. Pixel pitch must be updated per device.
04-13 11:40:45.535  1090  1090 E .gms.persistent: Not starting debugger since process cannot load the jdwp agent.
04-13 11:40:49.787   645   675 E TestHarnessModeService: Failed to start Test Harness Mode; no implementation of PersistentDataBlockManagerInternal was bound!
04-13 11:40:49.791  1135  1135 E ssioncontroller: Not starting debugger since process cannot load the jdwp agent.
04-13 11:40:49.831   947  1139 E bluetooth: system/gd/hal/socket_hal_android.cc:93 Start: The service android.hardware.bluetooth.socket.IBluetoothSocket/default is not declared
04-13 11:40:49.850   461   461 E android.hardware.bluetooth.service.default: unable to open /dev/rfkill: Permission denied
04-13 11:40:49.850   461   461 E android.hardware.bluetooth.service.default: rfkill unavailable
04-13 11:40:49.857   645   675 E AppOps  : attributionTag UwbCountryCode not declared in manifest of android
04-13 11:40:49.956   645   675 E WindowManager: Display reconfigured outside of a transition: Display{#0 state=ON size=1280x720 ROTATION_0}
04-13 11:40:49.989   645   768 E AppOps  : attributionTag UwbCountryCode not declared in manifest of android
04-13 11:40:50.035   645   815 E BluetoothAdapter: getProfileProxy(): BluetoothHearingAid is not supported
04-13 11:40:50.120   217   217 E lmkd    : memevent failed to attach bpf program to android_vendor_lmk/android_trigger_vendor_lmk_kill tracepoint: No such file or directory
04-13 11:40:50.120   217   217 E lmkd    : memevent failed to attach bpf program to kmem/mm_calculate_totalreserve_pages tracepoint: No such file or directory
04-13 11:40:50.121   645  1175 E UwbServiceCore: Error device status received. Restarting...
04-13 11:40:50.408   645   681 E AutofillManagerServiceImpl: Bad service name: com.google.android.gms/.autofill.service.AutofillService
04-13 11:40:50.408   645   681 E AutofillManagerServiceImpl: Bad service name: com.google.android.gms/.autofill.service.AutofillService
04-13 11:40:50.446   439   502 E netd    : Error adding route ::/0 -> fe80::2 eth0 to table 1015: File exists
04-13 11:40:50.496   645   804 E BackupPasswordManager: Unable to read backup pw version
04-13 11:40:50.496   645   804 E BackupPasswordManager: Unable to read saved backup pw hash
04-13 11:40:50.539   645   834 E WifiService: Attempt to retrieve passpoint with invalid scanResult List
04-13 11:40:50.563   645   672 E AppWidgetServiceImpl: Found widget database with version 0, this should not be possible, forcing upgrade to version 1
04-13 11:40:50.628   645  1219 E TaskPersister: File error accessing recents directory (directory doesn't exist?).
04-13 11:40:50.798   645   645 E BootReceiver: Could not open /sys/kernel/tracing/instances/bootreceiver/trace_pipe
04-13 11:40:50.798   645   645 E BootReceiver: android.system.ErrnoException: open failed: ENOENT (No such file or directory)
04-13 11:40:50.798   645   645 E BootReceiver: 	at libcore.io.Linux.open(Native Method)
04-13 11:40:50.798   645   645 E BootReceiver: 	at libcore.io.ForwardingOs.open(ForwardingOs.java:568)
04-13 11:40:50.798   645   645 E BootReceiver: 	at libcore.io.BlockGuardOs.open(BlockGuardOs.java:274)
04-13 11:40:50.798   645   645 E BootReceiver: 	at android.system.Os.open(Os.java:500)
04-13 11:40:50.798   645   645 E BootReceiver: 	at com.android.server.BootReceiver.onReceive(BootReceiver.java:182)
04-13 11:40:50.798   645   645 E BootReceiver: 	at android.app.ActivityThread.handleReceiver(ActivityThread.java:5029)
04-13 11:40:50.798   645   645 E BootReceiver: 	at android.app.ActivityThread.-$$Nest$mhandleReceiver(Unknown Source:0)
04-13 11:40:50.798   645   645 E BootReceiver: 	at android.app.ActivityThread$H.handleMessage(ActivityThread.java:2577)
04-13 11:40:50.798   645   645 E BootReceiver: 	at android.os.Handler.dispatchMessage(Handler.java:110)
04-13 11:40:50.798   645   645 E BootReceiver: 	at android.os.Looper.loopOnce(Looper.java:248)
04-13 11:40:50.798   645   645 E BootReceiver: 	at android.os.Looper.loop(Looper.java:338)
04-13 11:40:50.798   645   645 E BootReceiver: 	at com.android.server.SystemServer.run(SystemServer.java:1036)
04-13 11:40:50.798   645   645 E BootReceiver: 	at com.android.server.SystemServer.main(SystemServer.java:689)
04-13 11:40:50.798   645   645 E BootReceiver: 	at java.lang.reflect.Method.invoke(Native Method)
04-13 11:40:50.798   645   645 E BootReceiver: 	at com.android.internal.os.RuntimeInit$MethodAndArgsCaller.run(RuntimeInit.java:593)
04-13 11:40:50.798   645   645 E BootReceiver: 	at com.android.internal.os.ZygoteInit.main(ZygoteInit.java:910)
04-13 11:40:50.931   645   719 E CellBroadcastUtils: getDefaultCellBroadcastReceiverPackageName: no package found
04-13 11:40:51.106  1018  1018 E ashmem  : Pinning is deprecated since Android Q. Please use trim or other methods.
04-13 11:40:51.176   947   947 E AvrcpTargetService: Please use AVRCP version 1.6 to enable cover art
04-13 11:40:51.185   947   947 E BluetoothHeadsetServiceJni: android/app/jni/com_android_bluetooth_hfp.cpp:973 enableSwbNative: Failed to disable
04-13 11:40:51.229  1225  1225 E rs.media.module: Not starting debugger since process cannot load the jdwp agent.
04-13 11:40:51.280  1241  1241 E roid.tvlauncher: Not starting debugger since process cannot load the jdwp agent.
04-13 11:40:51.302  1227  1227 E recommendations: Not starting debugger since process cannot load the jdwp agent.
04-13 11:40:51.319  1237  1237 E d.process.media: Not starting debugger since process cannot load the jdwp agent.
04-13 11:40:51.405  1229  1229 E ndroid.keychain: Not starting debugger since process cannot load the jdwp agent.
04-13 11:40:51.578   645   741 E BluetoothAdapter: Failed to retrieve a binder for LE_AUDIO
04-13 11:40:51.578   645   741 E BluetoothAdapter: Failed to retrieve a binder for LE_AUDIO_BROADCAST
04-13 11:40:51.586   645   741 E BluetoothAdapter: Failed to retrieve a binder for A2DP_SINK
04-13 11:40:51.586   645   741 E BluetoothAdapter: Failed to retrieve a binder for LE_AUDIO
04-13 11:40:51.607  1320  1320 E d.process.acore: Not starting debugger since process cannot load the jdwp agent.
04-13 11:40:51.730   947   947 E BrowsedPlayerWrapper: BrowserSubscriptionCallback: Could not get folder items
04-13 11:40:51.731   947   947 E BrowsedPlayerWrapper: BrowserSubscriptionCallback: Could not get folder items
04-13 11:40:52.099   645  1209 E AppSearchIcing: document-store.cc:518: Invalid vector contents for /data/system_ce/0/appsearch/icing/document_dir/uri_mapper/persistent_hash_map.kFailed to initialize KeyMapper
04-13 11:40:52.102   645   846 E uwb     : uwb_uci_jni_rust::helper: Java_com_android_server_uwb_jni_NativeUwbManager_nativeDoInitialize failed with Timeout
04-13 11:40:52.102   645   846 E UwbServiceCore: Error enabling UWB
04-13 11:40:52.107   645  1175 E UwbServiceCore: Error device status received. Restarting...
04-13 11:40:52.148  1320  1347 E ashmem  : Pinning is deprecated since Android Q. Please use trim or other methods.
04-13 11:40:52.335  1237  1237 E ashmem  : Pinning is deprecated since Android Q. Please use trim or other methods.
04-13 11:40:52.379   645  1209 E AppSearchIcing: icing-flash-bitmap.cc:101: Flash bitmap /data/system_ce/0/appsearch/icing/index_dir/idx/lite.lexicon.prop.2 is dirty
04-13 11:40:52.379   645  1209 E AppSearchIcing: icing-dynamic-trie.cc:1294: Init of /data/system_ce/0/appsearch/icing/index_dir/idx/lite.lexicon.prop.2 failed
04-13 11:40:52.379   645  1209 E AppSearchIcing: icing-dynamic-trie.cc:1348: Open prop bitmap failed: /data/system_ce/0/appsearch/icing/index_dir/idx/lite.lexicon.prop.2
04-13 11:40:52.878  1241  1365 E ashmem  : Pinning is deprecated since Android Q. Please use trim or other methods.
04-13 11:40:52.990  1225  1225 E ashmem  : Pinning is deprecated since Android Q. Please use trim or other methods.
04-13 11:40:53.071   645   680 E PackageManager: Optimistic bind failed.
04-13 11:40:53.071   645   680 E PackageManager: java.util.concurrent.TimeoutException: [Optimistic Bind] Didn't bind to resolver in time!
04-13 11:40:53.071   645   680 E PackageManager: 	at com.android.server.pm.InstantAppResolverConnection.waitForBindLocked(InstantAppResolverConnection.java:160)
04-13 11:40:53.071   645   680 E PackageManager: 	at com.android.server.pm.InstantAppResolverConnection.bind(InstantAppResolverConnection.java:230)
04-13 11:40:53.071   645   680 E PackageManager: 	at com.android.server.pm.InstantAppResolverConnection.lambda$optimisticBind$0(InstantAppResolverConnection.java:260)
04-13 11:40:53.071   645   680 E PackageManager: 	at com.android.server.pm.InstantAppResolverConnection.$r8$lambda$66W2s2mMKe4pk_xXCScH9RCqav8(InstantAppResolverConnection.java:0)
04-13 11:40:53.071   645   680 E PackageManager: 	at com.android.server.pm.InstantAppResolverConnection$$ExternalSyntheticLambda0.run(R8$$SyntheticClass:0)
04-13 11:40:53.071   645   680 E PackageManager: 	at android.os.Handler.handleCallback(Handler.java:995)
04-13 11:40:53.071   645   680 E PackageManager: 	at android.os.Handler.dispatchMessage(Handler.java:103)
04-13 11:40:53.071   645   680 E PackageManager: 	at android.os.Looper.loopOnce(Looper.java:248)
04-13 11:40:53.071   645   680 E PackageManager: 	at android.os.Looper.loop(Looper.java:338)
04-13 11:40:53.071   645   680 E PackageManager: 	at android.os.HandlerThread.run(HandlerThread.java:85)
04-13 11:40:53.081  1180  1180 E ashmem  : Pinning is deprecated since Android Q. Please use trim or other methods.
04-13 11:40:53.092  1135  1135 E FeatureFlagsImplExport: android.os.flagging.AconfigStorageReadException: ERROR_PACKAGE_NOT_FOUND: package android.xr cannot be found on the device
04-13 11:40:53.095   645  1209 E AppSearchManagerService: Unable to schedule fully persist job for 0
04-13 11:40:53.095   645  1209 E AppSearchManagerService: java.lang.IllegalArgumentException: Tried to schedule job for non-existent component: ComponentInfo{android/com.android.server.appsearch.AppSearchMaintenanceService}
04-13 11:40:53.095   645  1209 E AppSearchManagerService: 	at com.android.server.job.JobSchedulerService$JobSchedulerStub.enforceValidJobRequest(JobSchedulerService.java:4829)
04-13 11:40:53.095   645  1209 E AppSearchManagerService: 	at com.android.server.job.JobSchedulerService$JobSchedulerStub.schedule(JobSchedulerService.java:5042)
04-13 11:40:53.095   645  1209 E AppSearchManagerService: 	at android.app.JobSchedulerImpl.schedule(JobSchedulerImpl.java:89)
04-13 11:40:53.095   645  1209 E AppSearchManagerService: 	at com.android.server.appsearch.AppSearchMaintenanceService.scheduleFullyPersistJob(AppSearchMaintenanceService.java:91)
04-13 11:40:53.095   645  1209 E AppSearchManagerService: 	at com.android.server.appsearch.AppSearchManagerService.lambda$onUserUnlocking$1(AppSearchManagerService.java:379)
04-13 11:40:53.095   645  1209 E AppSearchManagerService: 	at com.android.server.appsearch.AppSearchManagerService.$r8$lambda$7li-QUZvrsDk5ZvsFzpgCXuGV7s(AppSearchManagerService.java:0)
04-13 11:40:53.095   645  1209 E AppSearchManagerService: 	at com.android.server.appsearch.AppSearchManagerService$$ExternalSyntheticLambda3.run(R8$$SyntheticClass:0)
04-13 11:40:53.095   645  1209 E AppSearchManagerService: 	at java.util.concurrent.ThreadPoolExecutor.runWorker(ThreadPoolExecutor.java:1156)
04-13 11:40:53.095   645  1209 E AppSearchManagerService: 	at java.util.concurrent.ThreadPoolExecutor$Worker.run(ThreadPoolExecutor.java:651)
04-13 11:40:53.095   645  1209 E AppSearchManagerService: 	at java.lang.Thread.run(Thread.java:1119)
04-13 11:40:53.104  1227  1227 E ashmem  : Pinning is deprecated since Android Q. Please use trim or other methods.
